Archive member included to satisfy reference by file (symbol)

D:/ST/STM32CubeCLT_1.21.0/GNU-tools-for-STM32/bin/../lib/gcc/arm-none-eabi/14.3.1/thumb/v7e-m+fp/hard\libgcc.a(_arm_muldf3.o)
                              CMakeFiles/STM32F407_Tetris.dir/Core/Src/lcd.c.obj (__aeabi_dmul)
D:/ST/STM32CubeCLT_1.21.0/GNU-tools-for-STM32/bin/../lib/gcc/arm-none-eabi/14.3.1/thumb/v7e-m+fp/hard\libgcc.a(_arm_addsubdf3.o)
                              CMakeFiles/STM32F407_Tetris.dir/Core/Src/lcd.c.obj (__aeabi_i2d)
D:/ST/STM32CubeCLT_1.21.0/GNU-tools-for-STM32/bin/../lib/gcc/arm-none-eabi/14.3.1/thumb/v7e-m+fp/hard\libgcc.a(_arm_fixunsdfsi.o)
                              CMakeFiles/STM32F407_Tetris.dir/Core/Src/lcd.c.obj (__aeabi_d2uiz)
D:/ST/STM32CubeCLT_1.21.0/GNU-tools-for-STM32/bin/../lib/gcc/arm-none-eabi/14.3.1/thumb/v7e-m+fp/hard\libgcc.a(_aeabi_uldivmod.o)
                              cmake/stm32cubemx/CMakeFiles/STM32_Drivers.dir/__/__/Drivers/STM32F4xx_HAL_Driver/Src/stm32f4xx_hal_rcc.c.obj (__aeabi_uldivmod)
D:/ST/STM32CubeCLT_1.21.0/GNU-tools-for-STM32/bin/../lib/gcc/arm-none-eabi/14.3.1/thumb/v7e-m+fp/hard\libgcc.a(_udivmoddi4.o)
                              D:/ST/STM32CubeCLT_1.21.0/GNU-tools-for-STM32/bin/../lib/gcc/arm-none-eabi/14.3.1/thumb/v7e-m+fp/hard\libgcc.a(_aeabi_uldivmod.o) (__udivmoddi4)
D:/ST/STM32CubeCLT_1.21.0/GNU-tools-for-STM32/bin/../lib/gcc/arm-none-eabi/14.3.1/thumb/v7e-m+fp/hard\libgcc.a(_dvmd_tls.o)
                              D:/ST/STM32CubeCLT_1.21.0/GNU-tools-for-STM32/bin/../lib/gcc/arm-none-eabi/14.3.1/thumb/v7e-m+fp/hard\libgcc.a(_aeabi_uldivmod.o) (__aeabi_ldiv0)
D:/ST/STM32CubeCLT_1.21.0/GNU-tools-for-STM32/bin/../lib/gcc/arm-none-eabi/14.3.1/../../../../arm-none-eabi/lib/thumb/v7e-m+fp/hard\libg_nano.a(libc_a-exit.o)
                              D:/ST/STM32CubeCLT_1.21.0/GNU-tools-for-STM32/bin/../lib/gcc/arm-none-eabi/14.3.1/../../../../arm-none-eabi/lib/thumb/v7e-m+fp/hard/crt0.o (exit)
D:/ST/STM32CubeCLT_1.21.0/GNU-tools-for-STM32/bin/../lib/gcc/arm-none-eabi/14.3.1/../../../../arm-none-eabi/lib/thumb/v7e-m+fp/hard\libg_nano.a(libc_a-rand.o)
                              CMakeFiles/STM32F407_Tetris.dir/Core/Src/tetris.c.obj (srand)
D:/ST/STM32CubeCLT_1.21.0/GNU-tools-for-STM32/bin/../lib/gcc/arm-none-eabi/14.3.1/../../../../arm-none-eabi/lib/thumb/v7e-m+fp/hard\libg_nano.a(libc_a-findfp.o)
                              D:/ST/STM32CubeCLT_1.21.0/GNU-tools-for-STM32/bin/../lib/gcc/arm-none-eabi/14.3.1/../../../../arm-none-eabi/lib/thumb/v7e-m+fp/hard\libg_nano.a(libc_a-exit.o) (__stdio_exit_handler)
D:/ST/STM32CubeCLT_1.21.0/GNU-tools-for-STM32/bin/../lib/gcc/arm-none-eabi/14.3.1/../../../../arm-none-eabi/lib/thumb/v7e-m+fp/hard\libg_nano.a(libc_a-fwalk.o)
                              D:/ST/STM32CubeCLT_1.21.0/GNU-tools-for-STM32/bin/../lib/gcc/arm-none-eabi/14.3.1/../../../../arm-none-eabi/lib/thumb/v7e-m+fp/hard\libg_nano.a(libc_a-findfp.o) (_fwalk_sglue)
D:/ST/STM32CubeCLT_1.21.0/GNU-tools-for-STM32/bin/../lib/gcc/arm-none-eabi/14.3.1/../../../../arm-none-eabi/lib/thumb/v7e-m+fp/hard\libg_nano.a(libc_a-stdio.o)
                              D:/ST/STM32CubeCLT_1.21.0/GNU-tools-for-STM32/bin/../lib/gcc/arm-none-eabi/14.3.1/../../../../arm-none-eabi/lib/thumb/v7e-m+fp/hard\libg_nano.a(libc_a-findfp.o) (__sread)
D:/ST/STM32CubeCLT_1.21.0/GNU-tools-for-STM32/bin/../lib/gcc/arm-none-eabi/14.3.1/../../../../arm-none-eabi/lib/thumb/v7e-m+fp/hard\libg_nano.a(libc_a-memcmp.o)
                              CMakeFiles/STM32F407_Tetris.dir/Core/Src/app_rtc.c.obj (memcmp)
D:/ST/STM32CubeCLT_1.21.0/GNU-tools-for-STM32/bin/../lib/gcc/arm-none-eabi/14.3.1/../../../../arm-none-eabi/lib/thumb/v7e-m+fp/hard\libg_nano.a(libc_a-memset.o)
                              D:/ST/STM32CubeCLT_1.21.0/GNU-tools-for-STM32/bin/../lib/gcc/arm-none-eabi/14.3.1/../../../../arm-none-eabi/lib/thumb/v7e-m+fp/hard/crt0.o (memset)
D:/ST/STM32CubeCLT_1.21.0/GNU-tools-for-STM32/bin/../lib/gcc/arm-none-eabi/14.3.1/../../../../arm-none-eabi/lib/thumb/v7e-m+fp/hard\libg_nano.a(libc_a-closer.o)
                              D:/ST/STM32CubeCLT_1.21.0/GNU-tools-for-STM32/bin/../lib/gcc/arm-none-eabi/14.3.1/../../../../arm-none-eabi/lib/thumb/v7e-m+fp/hard\libg_nano.a(libc_a-stdio.o) (_close_r)
D:/ST/STM32CubeCLT_1.21.0/GNU-tools-for-STM32/bin/../lib/gcc/arm-none-eabi/14.3.1/../../../../arm-none-eabi/lib/thumb/v7e-m+fp/hard\libg_nano.a(libc_a-reent.o)
                              D:/ST/STM32CubeCLT_1.21.0/GNU-tools-for-STM32/bin/../lib/gcc/arm-none-eabi/14.3.1/../../../../arm-none-eabi/lib/thumb/v7e-m+fp/hard\libg_nano.a(libc_a-closer.o) (errno)
D:/ST/STM32CubeCLT_1.21.0/GNU-tools-for-STM32/bin/../lib/gcc/arm-none-eabi/14.3.1/../../../../arm-none-eabi/lib/thumb/v7e-m+fp/hard\libg_nano.a(libc_a-impure.o)
                              D:/ST/STM32CubeCLT_1.21.0/GNU-tools-for-STM32/bin/../lib/gcc/arm-none-eabi/14.3.1/../../../../arm-none-eabi/lib/thumb/v7e-m+fp/hard\libg_nano.a(libc_a-rand.o) (_impure_ptr)
[...]
Memory Configuration

Name             Origin             Length             Attributes
RAM              0x20000000         0x00020000         xrw
CCMRAM           0x10000000         0x00010000         xrw
FLASH            0x08000000         0x00100000         xr
*default*        0x00000000         0xffffffff

Linker script and memory map

LOAD D:/ST/STM32CubeCLT_1.21.0/GNU-tools-for-STM32/bin/../lib/gcc/arm-none-eabi/14.3.1/thumb/v7e-m+fp/hard/crti.o
LOAD D:/ST/STM32CubeCLT_1.21.0/GNU-tools-for-STM32/bin/../lib/gcc/arm-none-eabi/14.3.1/thumb/v7e-m+fp/hard/crtbegin.o
LOAD D:/ST/STM32CubeCLT_1.21.0/GNU-tools-for-STM32/bin/../lib/gcc/arm-none-eabi/14.3.1/../../../../arm-none-eabi/lib/thumb/v7e-m+fp/hard/crt0.o
LOAD cmake/stm32cubemx/CMakeFiles/STM32_Drivers.dir/__/__/Core/Src/system_stm32f4xx.c.obj
LOAD cmake/stm32cubemx/CMakeFiles/STM32_Drivers.dir/__/__/Drivers/STM32F4xx_HAL_Driver/Src/stm32f4xx_ll_fsmc.c.obj
LOAD cmake/stm32cubemx/CMakeFiles/STM32_Drivers.dir/__/__/Drivers/STM32F4xx_HAL_Driver/Src/stm32f4xx_hal_nor.c.obj
LOAD cmake/stm32cubemx/CMakeFiles/STM32_Drivers.dir/__/__/Drivers/STM32F4xx_HAL_Driver/Src/stm32f4xx_hal_sram.c.obj
LOAD cmake/stm32cubemx/CMakeFiles/STM32_Drivers.dir/__/__/Drivers/STM32F4xx_HAL_Driver/Src/stm32f4xx_hal_nand.c.obj
LOAD cmake/stm32cubemx/CMakeFiles/STM32_Drivers.dir/__/__/Drivers/STM32F4xx_HAL_Driver/Src/stm32f4xx_hal_pccard.c.obj
LOAD cmake/stm32cubemx/CMakeFiles/STM32_Drivers.dir/__/__/Drivers/STM32F4xx_HAL_Driver/Src/stm32f4xx_hal_rcc.c.obj
LOAD cmake/stm32cubemx/CMakeFiles/STM32_Drivers.dir/__/__/Drivers/STM32F4xx_HAL_Driver/Src/stm32f4xx_hal_rcc_ex.c.obj
LOAD cmake/stm32cubemx/CMakeFiles/STM32_Drivers.dir/__/__/Drivers/STM32F4xx_HAL_Driver/Src/stm32f4xx_hal_flash.c.obj
LOAD cmake/stm32cubemx/CMakeFiles/STM32_Drivers.dir/__/__/Drivers/STM32F4xx_HAL_Driver/Src/stm32f4xx_hal_flash_ex.c.obj
LOAD cmake/stm32cubemx/CMakeFiles/STM32_Drivers.dir/__/__/Drivers/STM32F4xx_HAL_Driver/Src/stm32f4xx_hal_flash_ramfunc.c.obj
LOAD cmake/stm32cubemx/CMakeFiles/STM32_Drivers.dir/__/__/Drivers/STM32F4xx_HAL_Driver/Src/stm32f4xx_hal_gpio.c.obj
LOAD cmake/stm32cubemx/CMakeFiles/STM32_Drivers.dir/__/__/Drivers/STM32F4xx_HAL_Driver/Src/stm32f4xx_hal_dma_ex.c.obj
LOAD cmake/stm32cubemx/CMakeFiles/STM32_Drivers.dir/__/__/Drivers/STM32F4xx_HAL_Driver/Src/stm32f4xx_hal_dma.c.obj
LOAD cmake/stm32cubemx/CMakeFiles/STM32_Drivers.dir/__/__/Drivers/STM32F4xx_HAL_Driver/Src/stm32f4xx_hal_pwr.c.obj
LOAD cmake/stm32cubemx/CMakeFiles/STM32_Drivers.dir/__/__/Drivers/STM32F4xx_HAL_Driver/Src/stm32f4xx_hal_pwr_ex.c.obj
LOAD cmake/stm32cubemx/CMakeFiles/STM32_Drivers.dir/__/__/Drivers/STM32F4xx_HAL_Driver/Src/stm32f4xx_hal_rtc.c.obj
LOAD cmake/stm32cubemx/CMakeFiles/STM32_Drivers.dir/__/__/Drivers/STM32F4xx_HAL_Driver/Src/stm32f4xx_hal_rtc_ex.c.obj
LOAD cmake/stm32cubemx/CMakeFiles/STM32_Drivers.dir/__/__/Drivers/STM32F4xx_HAL_Driver/Src/stm32f4xx_hal_cortex.c.obj
LOAD cmake/stm32cubemx/CMakeFiles/STM32_Drivers.dir/__/__/Drivers/STM32F4xx_HAL_Driver/Src/stm32f4xx_hal.c.obj
LOAD cmake/stm32cubemx/CMakeFiles/STM32_Drivers.dir/__/__/Drivers/STM32F4xx_HAL_Driver/Src/stm32f4xx_hal_exti.c.obj
LOAD cmake/stm32cubemx/CMakeFiles/STM32_Drivers.dir/__/__/Drivers/STM32F4xx_HAL_Driver/Src/stm32f4xx_hal_tim.c.obj
LOAD cmake/stm32cubemx/CMakeFiles/STM32_Drivers.dir/__/__/Drivers/STM32F4xx_HAL_Driver/Src/stm32f4xx_hal_tim_ex.c.obj
LOAD cmake/stm32cubemx/CMakeFiles/STM32_Drivers.dir/__/__/Drivers/STM32F4xx_HAL_Driver/Src/stm32f4xx_hal_i2s.c.obj
LOAD cmake/stm32cubemx/CMakeFiles/STM32_Drivers.dir/__/__/Drivers/STM32F4xx_HAL_Driver/Src/stm32f4xx_hal_i2s_ex.c.obj
LOAD CMakeFiles/STM32F407_Tetris.dir/Core/Src/main.c.obj
LOAD CMakeFiles/STM32F407_Tetris.dir/Core/Src/gpio.c.obj
LOAD CMakeFiles/STM32F407_Tetris.dir/Core/Src/fsmc.c.obj
LOAD CMakeFiles/STM32F407_Tetris.dir/Core/Src/tim.c.obj
LOAD CMakeFiles/STM32F407_Tetris.dir/Core/Src/stm32f4xx_it.c.obj
LOAD CMakeFiles/STM32F407_Tetris.dir/Core/Src/stm32f4xx_hal_msp.c.obj
LOAD CMakeFiles/STM32F407_Tetris.dir/Core/Src/sysmem.c.obj
LOAD CMakeFiles/STM32F407_Tetris.dir/Core/Src/syscalls.c.obj
LOAD CMakeFiles/STM32F407_Tetris.dir/startup_stm32f407xx.s.obj
LOAD CMakeFiles/STM32F407_Tetris.dir/Core/Src/app_rtc.c.obj
LOAD CMakeFiles/STM32F407_Tetris.dir/Core/Src/app_settings.c.obj
LOAD CMakeFiles/STM32F407_Tetris.dir/Core/Src/audio_bgm.c.obj
LOAD CMakeFiles/STM32F407_Tetris.dir/Core/Src/korobeiniki_pcm.c.obj
LOAD CMakeFiles/STM32F407_Tetris.dir/Core/Src/led_feedback.c.obj
LOAD CMakeFiles/STM32F407_Tetris.dir/Core/Src/lcd.c.obj
LOAD CMakeFiles/STM32F407_Tetris.dir/Core/Src/spi_flash.c.obj
LOAD CMakeFiles/STM32F407_Tetris.dir/Core/Src/tetris.c.obj
LOAD D:/ST/STM32CubeCLT_1.21.0/GNU-tools-for-STM32/bin/../lib/gcc/arm-none-eabi/14.3.1/../../../../arm-none-eabi/lib/thumb/v7e-m+fp/hard\libm.a
START GROUP
LOAD D:/ST/STM32CubeCLT_1.21.0/GNU-tools-for-STM32/bin/../lib/gcc/arm-none-eabi/14.3.1/thumb/v7e-m+fp/hard\libgcc.a
LOAD D:/ST/STM32CubeCLT_1.21.0/GNU-tools-for-STM32/bin/../lib/gcc/arm-none-eabi/14.3.1/../../../../arm-none-eabi/lib/thumb/v7e-m+fp/hard\libg_nano.a
LOAD D:/ST/STM32CubeCLT_1.21.0/GNU-tools-for-STM32/bin/../lib/gcc/arm-none-eabi/14.3.1/../../../../arm-none-eabi/lib/thumb/v7e-m+fp/hard\libc_nano.a
END GROUP
START GROUP
LOAD D:/ST/STM32CubeCLT_1.21.0/GNU-tools-for-STM32/bin/../lib/gcc/arm-none-eabi/14.3.1/thumb/v7e-m+fp/hard\libgcc.a
LOAD D:/ST/STM32CubeCLT_1.21.0/GNU-tools-for-STM32/bin/../lib/gcc/arm-none-eabi/14.3.1/../../../../arm-none-eabi/lib/thumb/v7e-m+fp/hard\libc_nano.a
END GROUP
LOAD D:/ST/STM32CubeCLT_1.21.0/GNU-tools-for-STM32/bin/../lib/gcc/arm-none-eabi/14.3.1/thumb/v7e-m+fp/hard/crtend.o
LOAD D:/ST/STM32CubeCLT_1.21.0/GNU-tools-for-STM32/bin/../lib/gcc/arm-none-eabi/14.3.1/thumb/v7e-m+fp/hard/crtn.o
                0x20020000                        _estack = (ORIGIN (RAM) + LENGTH (RAM))
                0x2001fc00                        _sstack = (_estack - _Min_Stack_Size)
                0x00000200                        _Min_Heap_Size = 0x200
                0x00000400                        _Min_Stack_Size = 0x400

.isr_vector     0x08000000      0x188
                0x08000000                        . = ALIGN (0x4)
 *(.isr_vector)
 .isr_vector    0x08000000      0x188 CMakeFiles/STM32F407_Tetris.dir/startup_stm32f407xx.s.obj
                0x08000000                g_pfnVectors
                0x08000188                        . = ALIGN (0x4)

.text           0x08000190     0xd6b4
                0x08000190                        . = ALIGN (0x4)
 *(.text)
 .text          0x08000190       0x40 D:/ST/STM32CubeCLT_1.21.0/GNU-tools-for-STM32/bin/../lib/gcc/arm-none-eabi/14.3.1/thumb/v7e-m+fp/hard/crtbegin.o
 .text          0x080001d0      0x254 D:/ST/STM32CubeCLT_1.21.0/GNU-tools-for-STM32/bin/../lib/gcc/arm-none-eabi/14.3.1/thumb/v7e-m+fp/hard\libgcc.a(_arm_muldf3.o)
                0x080001d0                __muldf3
                0x080001d0                __aeabi_dmul
 .text          0x08000424      0x378 D:/ST/STM32CubeCLT_1.21.0/GNU-tools-for-STM32/bin/../lib/gcc/arm-none-eabi/14.3.1/thumb/v7e-m+fp/hard\libgcc.a(_arm_addsubdf3.o)
                0x08000424                __aeabi_drsub
                0x0800042c                __aeabi_dsub
                0x0800042c                __subdf3
                0x08000430                __aeabi_dadd
                0x08000430                __adddf3
                0x080006a8                __floatunsidf
                0x080006a8                __aeabi_ui2d
                0x080006c8                __floatsidf
                0x080006c8                __aeabi_i2d
                0x080006ec                __aeabi_f2d
                0x080006ec                __extendsfdf2
                0x08000730                __floatundidf
                0x08000730                __aeabi_ul2d
                0x08000740                __floatdidf
                0x08000740                __aeabi_l2d
 .text          0x0800079c       0x40 D:/ST/STM32CubeCLT_1.21.0/GNU-tools-for-STM32/bin/../lib/gcc/arm-none-eabi/14.3.1/thumb/v7e-m+fp/hard\libgcc.a(_arm_fixunsdfsi.o)
                0x0800079c                __aeabi_d2uiz
                0x0800079c                __fixunsdfsi
 .text          0x080007dc       0x30 D:/ST/STM32CubeCLT_1.21.0/GNU-tools-for-STM32/bin/../lib/gcc/arm-none-eabi/14.3.1/thumb/v7e-m+fp/hard\libgcc.a(_aeabi_uldivmod.o)
                0x080007dc                __aeabi_uldivmod
 .text          0x0800080c      0x2f8 D:/ST/STM32CubeCLT_1.21.0/GNU-tools-for-STM32/bin/../lib/gcc/arm-none-eabi/14.3.1/thumb/v7e-m+fp/hard\libgcc.a(_udivmoddi4.o)
                0x0800080c                __udivmoddi4
 .text          0x08000b04        0x4 D:/ST/STM32CubeCLT_1.21.0/GNU-tools-for-STM32/bin/../lib/gcc/arm-none-eabi/14.3.1/thumb/v7e-m+fp/hard\libgcc.a(_dvmd_tls.o)
                0x08000b04                __aeabi_idiv0
                0x08000b04                __aeabi_ldiv0
 *fill*         0x08000b08        0x8 
 .text          0x08000b10       0xa0 D:/ST/STM32CubeCLT_1.21.0/GNU-tools-for-STM32/bin/../lib/gcc/arm-none-eabi/14.3.1/../../../../arm-none-eabi/lib/thumb/v7e-m+fp/hard\libg_nano.a(libc_a-memchr.o)
                0x08000b10                memchr
 *(.text*)
 .text.SystemInit
                0x08000bb0       0x24 cmake/stm32cubemx/CMakeFiles/STM32_Drivers.dir/__/__/Core/Src/system_stm32f4xx.c.obj
                0x08000bb0                SystemInit
 .text.FSMC_NORSRAM_Init
                0x08000bd4       0xd4 cmake/stm32cubemx/CMakeFiles/STM32_Drivers.dir/__/__/Drivers/STM32F4xx_HAL_Driver/Src/stm32f4xx_ll_fsmc.c.obj
                0x08000bd4                FSMC_NORSRAM_Init
 .text.FSMC_NORSRAM_Timing_Init
                0x08000ca8       0x5c cmake/stm32cubemx/CMakeFiles/STM32_Drivers.dir/__/__/Drivers/STM32F4xx_HAL_Driver/Src/stm32f4xx_ll_fsmc.c.obj
                0x08000ca8                FSMC_NORSRAM_Timing_Init
 .text.FSMC_NORSRAM_Extended_Timing_Init
                0x08000d04       0x70 cmake/stm32cubemx/CMakeFiles/STM32_Drivers.dir/__/__/Drivers/STM32F4xx_HAL_Driver/Src/stm32f4xx_ll_fsmc.c.obj
                0x08000d04                FSMC_NORSRAM_Extended_Timing_Init
 .text.HAL_SRAM_Init
                0x08000d74       0x90 cmake/stm32cubemx/CMakeFiles/STM32_Drivers.dir/__/__/Drivers/STM32F4xx_HAL_Driver/Src/stm32f4xx_hal_sram.c.obj
                0x08000d74                HAL_SRAM_Init
 .text.HAL_RCC_OscConfig
                0x08000e04      0x4f0 cmake/stm32cubemx/CMakeFiles/STM32_Drivers.dir/__/__/Drivers/STM32F4xx_HAL_Driver/Src/stm32f4xx_hal_rcc.c.obj
                0x08000e04                HAL_RCC_OscConfig
 .text.HAL_RCC_ClockConfig
                0x080012f4      0x1cc cmake/stm32cubemx/CMakeFiles/STM32_Drivers.dir/__/__/Drivers/STM32F4xx_HAL_Driver/Src/stm32f4xx_hal_rcc.c.obj
                0x080012f4                HAL_RCC_ClockConfig
 .text.HAL_RCC_GetSysClockFreq
                0x080014c0      0x188 cmake/stm32cubemx/CMakeFiles/STM32_Drivers.dir/__/__/Drivers/STM32F4xx_HAL_Driver/Src/stm32f4xx_hal_rcc.c.obj
                0x080014c0                HAL_RCC_GetSysClockFreq
 .text.HAL_RCCEx_PeriphCLKConfig
                0x08001648      0x1c4 cmake/stm32cubemx/CMakeFiles/STM32_Drivers.dir/__/__/Drivers/STM32F4xx_HAL_Driver/Src/stm32f4xx_hal_rcc_ex.c.obj
                0x08001648                HAL_RCCEx_PeriphCLKConfig
 .text.HAL_RCCEx_GetPeriphCLKFreq
                0x0800180c       0xc0 cmake/stm32cubemx/CMakeFiles/STM32_Drivers.dir/__/__/Drivers/STM32F4xx_HAL_Driver/Src/stm32f4xx_hal_rcc_ex.c.obj
                0x0800180c                HAL_RCCEx_GetPeriphCLKFreq
 .text.HAL_GPIO_Init
                0x080018cc      0x338 cmake/stm32cubemx/CMakeFiles/STM32_Drivers.dir/__/__/Drivers/STM32F4xx_HAL_Driver/Src/stm32f4xx_hal_gpio.c.obj
                0x080018cc                HAL_GPIO_Init
 .text.HAL_GPIO_ReadPin
                0x08001c04       0x30 cmake/stm32cubemx/CMakeFiles/STM32_Drivers.dir/__/__/Drivers/STM32F4xx_HAL_Driver/Src/stm32f4xx_hal_gpio.c.obj
                0x08001c04                HAL_GPIO_ReadPin
 .text.HAL_GPIO_WritePin
                0x08001c34       0x32 cmake/stm32cubemx/CMakeFiles/STM32_Drivers.dir/__/__/Drivers/STM32F4xx_HAL_Driver/Src/stm32f4xx_hal_gpio.c.obj
                0x08001c34                HAL_GPIO_WritePin
 .text.HAL_GPIO_TogglePin
                0x08001c66       0x34 cmake/stm32cubemx/CMakeFiles/STM32_Drivers.dir/__/__/Drivers/STM32F4xx_HAL_Driver/Src/stm32f4xx_hal_gpio.c.obj
                0x08001c66                HAL_GPIO_TogglePin
 *fill*         0x08001c9a        0x2 
 .text.HAL_DMA_Init
                0x08001c9c      0x15c cmake/stm32cubemx/CMakeFiles/STM32_Drivers.dir/__/__/Drivers/STM32F4xx_HAL_Driver/Src/stm32f4xx_hal_dma.c.obj
                0x08001c9c                HAL_DMA_Init
 .text.HAL_DMA_DeInit
                0x08001df8       0xbc cmake/stm32cubemx/CMakeFiles/STM32_Drivers.dir/__/__/Drivers/STM32F4xx_HAL_Driver/Src/stm32f4xx_hal_dma.c.obj
                0x08001df8                HAL_DMA_DeInit
 .text.HAL_DMA_Start_IT
                0x08001eb4       0xb0 cmake/stm32cubemx/CMakeFiles/STM32_Drivers.dir/__/__/Drivers/STM32F4xx_HAL_Driver/Src/stm32f4xx_hal_dma.c.obj
                0x08001eb4                HAL_DMA_Start_IT
 .text.HAL_DMA_IRQHandler
                0x08001f64      0x314 cmake/stm32cubemx/CMakeFiles/STM32_Drivers.dir/__/__/Drivers/STM32F4xx_HAL_Driver/Src/stm32f4xx_hal_dma.c.obj
                0x08001f64                HAL_DMA_IRQHandler
 .text.DMA_SetConfig
                0x08002278       0x5c cmake/stm32cubemx/CMakeFiles/STM32_Drivers.dir/__/__/Drivers/STM32F4xx_HAL_Driver/Src/stm32f4xx_hal_dma.c.obj
 .text.DMA_CalcBaseAndBitshift
                0x080022d4       0x6c cmake/stm32cubemx/CMakeFiles/STM32_Drivers.dir/__/__/Drivers/STM32F4xx_HAL_Driver/Src/stm32f4xx_hal_dma.c.obj
 .text.DMA_CheckFifoParam
                0x08002340       0xf8 cmake/stm32cubemx/CMakeFiles/STM32_Drivers.dir/__/__/Drivers/STM32F4xx_HAL_Driver/Src/stm32f4xx_hal_dma.c.obj
 .text.HAL_PWR_EnableBkUpAccess
                0x08002438       0x28 cmake/stm32cubemx/CMakeFiles/STM32_Drivers.dir/__/__/Drivers/STM32F4xx_HAL_Driver/Src/stm32f4xx_hal_pwr.c.obj
                0x08002438                HAL_PWR_EnableBkUpAccess
 .text.HAL_RTC_Init
                0x08002460      0x122 cmake/stm32cubemx/CMakeFiles/STM32_Drivers.dir/__/__/Drivers/STM32F4xx_HAL_Driver/Src/stm32f4xx_hal_rtc.c.obj
                0x08002460                HAL_RTC_Init
 .text.HAL_RTC_MspInit
                0x08002582       0x14 cmake/stm32cubemx/CMakeFiles/STM32_Drivers.dir/__/__/Drivers/STM32F4xx_HAL_Driver/Src/stm32f4xx_hal_rtc.c.obj
                0x08002582                HAL_RTC_MspInit
 .text.HAL_RTC_SetTime
                0x08002596      0x17a cmake/stm32cubemx/CMakeFiles/STM32_Drivers.dir/__/__/Drivers/STM32F4xx_HAL_Driver/Src/stm32f4xx_hal_rtc.c.obj
                0x08002596                HAL_RTC_SetTime
 .text.HAL_RTC_GetTime
                0x08002710       0xbc cmake/stm32cubemx/CMakeFiles/STM32_Drivers.dir/__/__/Drivers/STM32F4xx_HAL_Driver/Src/stm32f4xx_hal_rtc.c.obj
                0x08002710                HAL_RTC_GetTime
 .text.HAL_RTC_SetDate
                0x080027cc      0x14e cmake/stm32cubemx/CMakeFiles/STM32_Drivers.dir/__/__/Drivers/STM32F4xx_HAL_Driver/Src/stm32f4xx_hal_rtc.c.obj
                0x080027cc                HAL_RTC_SetDate
 .text.HAL_RTC_GetDate
                0x0800291a       0x9e cmake/stm32cubemx/CMakeFiles/STM32_Drivers.dir/__/__/Drivers/STM32F4xx_HAL_Driver/Src/stm32f4xx_hal_rtc.c.obj
                0x0800291a                HAL_RTC_GetDate
 .text.HAL_RTC_WaitForSynchro
                0x080029b8       0x50 cmake/stm32cubemx/CMakeFiles/STM32_Drivers.dir/__/__/Drivers/STM32F4xx_HAL_Driver/Src/stm32f4xx_hal_rtc.c.obj
                0x080029b8                HAL_RTC_WaitForSynchro
 .text.RTC_EnterInitMode
                0x08002a08       0x58 cmake/stm32cubemx/CMakeFiles/STM32_Drivers.dir/__/__/Drivers/STM32F4xx_HAL_Driver/Src/stm32f4xx_hal_rtc.c.obj
                0x08002a08                RTC_EnterInitMode
 .text.RTC_ByteToBcd2
                0x08002a60       0x3c cmake/stm32cubemx/CMakeFiles/STM32_Drivers.dir/__/__/Drivers/STM32F4xx_HAL_Driver/Src/stm32f4xx_hal_rtc.c.obj
                0x08002a60                RTC_ByteToBcd2
 .text.RTC_Bcd2ToByte
                0x08002a9c       0x3c cmake/stm32cubemx/CMakeFiles/STM32_Drivers.dir/__/__/Drivers/STM32F4xx_HAL_Driver/Src/stm32f4xx_hal_rtc.c.obj
                0x08002a9c                RTC_Bcd2ToByte
 .text.HAL_RTCEx_BKUPWrite
                0x08002ad8       0x34 cmake/stm32cubemx/CMakeFiles/STM32_Drivers.dir/__/__/Drivers/STM32F4xx_HAL_Driver/Src/stm32f4xx_hal_rtc_ex.c.obj
                0x08002ad8                HAL_RTCEx_BKUPWrite
 .text.HAL_RTCEx_BKUPRead
                0x08002b0c       0x30 cmake/stm32cubemx/CMakeFiles/STM32_Drivers.dir/__/__/Drivers/STM32F4xx_HAL_Driver/Src/stm32f4xx_hal_rtc_ex.c.obj
                0x08002b0c                HAL_RTCEx_BKUPRead
 .text.__NVIC_SetPriorityGrouping
                0x08002b3c       0x48 cmake/stm32cubemx/CMakeFiles/STM32_Drivers.dir/__/__/Drivers/STM32F4xx_HAL_Driver/Src/stm32f4xx_hal_cortex.c.obj
 .text.__NVIC_GetPriorityGrouping
                0x08002b84       0x1c cmake/stm32cubemx/CMakeFiles/STM32_Drivers.dir/__/__/Drivers/STM32F4xx_HAL_Driver/Src/stm32f4xx_hal_cortex.c.obj
 .text.__NVIC_EnableIRQ
                0x08002ba0       0x3c cmake/stm32cubemx/CMakeFiles/STM32_Drivers.dir/__/__/Drivers/STM32F4xx_HAL_Driver/Src/stm32f4xx_hal_cortex.c.obj
 .text.__NVIC_SetPriority
                0x08002bdc       0x54 cmake/stm32cubemx/CMakeFiles/STM32_Drivers.dir/__/__/Drivers/STM32F4xx_HAL_Driver/Src/stm32f4xx_hal_cortex.c.obj
 .text.NVIC_EncodePriority
                0x08002c30       0x66 cmake/stm32cubemx/CMakeFiles/STM32_Drivers.dir/__/__/Drivers/STM32F4xx_HAL_Driver/Src/stm32f4xx_hal_cortex.c.obj
 *fill*         0x08002c96        0x2 
 .text.SysTick_Config
                0x08002c98       0x44 cmake/stm32cubemx/CMakeFiles/STM32_Drivers.dir/__/__/Drivers/STM32F4xx_HAL_Driver/Src/stm32f4xx_hal_cortex.c.obj
 .text.HAL_NVIC_SetPriorityGrouping
                0x08002cdc       0x16 cmake/stm32cubemx/CMakeFiles/STM32_Drivers.dir/__/__/Drivers/STM32F4xx_HAL_Driver/Src/stm32f4xx_hal_cortex.c.obj
                0x08002cdc                HAL_NVIC_SetPriorityGrouping
 .text.HAL_NVIC_SetPriority
                0x08002cf2       0x38 cmake/stm32cubemx/CMakeFiles/STM32_Drivers.dir/__/__/Drivers/STM32F4xx_HAL_Driver/Src/stm32f4xx_hal_cortex.c.obj
                0x08002cf2                HAL_NVIC_SetPriority
 .text.HAL_NVIC_EnableIRQ
                0x08002d2a       0x1c cmake/stm32cubemx/CMakeFiles/STM32_Drivers.dir/__/__/Drivers/STM32F4xx_HAL_Driver/Src/stm32f4xx_hal_cortex.c.obj
                0x08002d2a                HAL_NVIC_EnableIRQ
 .text.HAL_SYSTICK_Config
                0x08002d46       0x18 cmake/stm32cubemx/CMakeFiles/STM32_Drivers.dir/__/__/Drivers/STM32F4xx_HAL_Driver/Src/stm32f4xx_hal_cortex.c.obj
                0x08002d46                HAL_SYSTICK_Config
 *fill*         0x08002d5e        0x2 
 .text.HAL_Init
                0x08002d60       0x44 cmake/stm32cubemx/CMakeFiles/STM32_Drivers.dir/__/__/Drivers/STM32F4xx_HAL_Driver/Src/stm32f4xx_hal.c.obj
                0x08002d60                HAL_Init
 .text.HAL_InitTick
                0x08002da4       0x60 cmake/stm32cubemx/CMakeFiles/STM32_Drivers.dir/__/__/Drivers/STM32F4xx_HAL_Driver/Src/stm32f4xx_hal.c.obj
                0x08002da4                HAL_InitTick
 .text.HAL_IncTick
                0x08002e04       0x28 cmake/stm32cubemx/CMakeFiles/STM32_Drivers.dir/__/__/Drivers/STM32F4xx_HAL_Driver/Src/stm32f4xx_hal.c.obj
                0x08002e04                HAL_IncTick
 .text.HAL_GetTick
                0x08002e2c       0x18 cmake/stm32cubemx/CMakeFiles/STM32_Drivers.dir/__/__/Drivers/STM32F4xx_HAL_Driver/Src/stm32f4xx_hal.c.obj
                0x08002e2c                HAL_GetTick
 .text.HAL_Delay
                0x08002e44       0x48 cmake/stm32cubemx/CMakeFiles/STM32_Drivers.dir/__/__/Drivers/STM32F4xx_HAL_Driver/Src/stm32f4xx_hal.c.obj
                0x08002e44                HAL_Delay
 .text.HAL_TIM_Base_Init
                0x08002e8c       0x9e cmake/stm32cubemx/CMakeFiles/STM32_Drivers.dir/__/__/Drivers/STM32F4xx_HAL_Driver/Src/stm32f4xx_hal_tim.c.obj
                0x08002e8c                HAL_TIM_Base_Init
 *fill*         0x08002f2a        0x2 
 .text.HAL_TIM_Base_Start
                0x08002f2c       0xd0 cmake/stm32cubemx/CMakeFiles/STM32_Drivers.dir/__/__/Drivers/STM32F4xx_HAL_Driver/Src/stm32f4xx_hal_tim.c.obj
                0x08002f2c                HAL_TIM_Base_Start
 .text.HAL_TIM_IC_Init
                0x08002ffc       0x9e cmake/stm32cubemx/CMakeFiles/STM32_Drivers.dir/__/__/Drivers/STM32F4xx_HAL_Driver/Src/stm32f4xx_hal_tim.c.obj
                0x08002ffc                HAL_TIM_IC_Init
 .text.HAL_TIM_IC_MspInit
                0x0800309a       0x14 cmake/stm32cubemx/CMakeFiles/STM32_Drivers.dir/__/__/Drivers/STM32F4xx_HAL_Driver/Src/stm32f4xx_hal_tim.c.obj
                0x0800309a                HAL_TIM_IC_MspInit
 *fill*         0x080030ae        0x2 
 .text.HAL_TIM_IC_Start_IT
                0x080030b0      0x250 cmake/stm32cubemx/CMakeFiles/STM32_Drivers.dir/__/__/Drivers/STM32F4xx_HAL_Driver/Src/stm32f4xx_hal_tim.c.obj
                0x080030b0                HAL_TIM_IC_Start_IT
 .text.HAL_TIM_IRQHandler
                0x08003300      0x1e0 cmake/stm32cubemx/CMakeFiles/STM32_Drivers.dir/__/__/Drivers/STM32F4xx_HAL_Driver/Src/stm32f4xx_hal_tim.c.obj
                0x08003300                HAL_TIM_IRQHandler
 .text.HAL_TIM_IC_ConfigChannel
                0x080034e0      0x138 cmake/stm32cubemx/CMakeFiles/STM32_Drivers.dir/__/__/Drivers/STM32F4xx_HAL_Driver/Src/stm32f4xx_hal_tim.c.obj
                0x080034e0                HAL_TIM_IC_ConfigChannel
 .text.HAL_TIM_ConfigClockSource
                0x08003618      0x18e cmake/stm32cubemx/CMakeFiles/STM32_Drivers.dir/__/__/Drivers/STM32F4xx_HAL_Driver/Src/stm32f4xx_hal_tim.c.obj
                0x08003618                HAL_TIM_ConfigClockSource
 *fill*         0x080037a6        0x2 
 .text.HAL_TIM_ReadCapturedValue
                0x080037a8       0x88 cmake/stm32cubemx/CMakeFiles/STM32_Drivers.dir/__/__/Drivers/STM32F4xx_HAL_Driver/Src/stm32f4xx_hal_tim.c.obj
                0x080037a8                HAL_TIM_ReadCapturedValue
 .text.HAL_TIM_OC_DelayElapsedCallback
                0x08003830       0x14 cmake/stm32cubemx/CMakeFiles/STM32_Drivers.dir/__/__/Drivers/STM32F4xx_HAL_Driver/Src/stm32f4xx_hal_tim.c.obj
                0x08003830                HAL_TIM_OC_DelayElapsedCallback
 .text.HAL_TIM_PWM_PulseFinishedCallback
                0x08003844       0x14 cmake/stm32cubemx/CMakeFiles/STM32_Drivers.dir/__/__/Drivers/STM32F4xx_HAL_Driver/Src/stm32f4xx_hal_tim.c.obj
                0x08003844                HAL_TIM_PWM_PulseFinishedCallback
 .text.HAL_TIM_TriggerCallback
                0x08003858       0x14 cmake/stm32cubemx/CMakeFiles/STM32_Drivers.dir/__/__/Drivers/STM32F4xx_HAL_Driver/Src/stm32f4xx_hal_tim.c.obj
                0x08003858                HAL_TIM_TriggerCallback
 .text.TIM_Base_SetConfig
                0x0800386c      0x14c cmake/stm32cubemx/CMakeFiles/STM32_Drivers.dir/__/__/Drivers/STM32F4xx_HAL_Driver/Src/stm32f4xx_hal_tim.c.obj
                0x0800386c                TIM_Base_SetConfig
 .text.TIM_TI1_SetConfig
                0x080039b8       0xe8 cmake/stm32cubemx/CMakeFiles/STM32_Drivers.dir/__/__/Drivers/STM32F4xx_HAL_Driver/Src/stm32f4xx_hal_tim.c.obj
                0x080039b8                TIM_TI1_SetConfig
 .text.TIM_TI1_ConfigInputStage
                0x08003aa0       0x5e cmake/stm32cubemx/CMakeFiles/STM32_Drivers.dir/__/__/Drivers/STM32F4xx_HAL_Driver/Src/stm32f4xx_hal_tim.c.obj
 .text.TIM_TI2_SetConfig
                0x08003afe       0x7a cmake/stm32cubemx/CMakeFiles/STM32_Drivers.dir/__/__/Drivers/STM32F4xx_HAL_Driver/Src/stm32f4xx_hal_tim.c.obj
 .text.TIM_TI2_ConfigInputStage
                0x08003b78       0x60 cmake/stm32cubemx/CMakeFiles/STM32_Drivers.dir/__/__/Drivers/STM32F4xx_HAL_Driver/Src/stm32f4xx_hal_tim.c.obj
 .text.TIM_TI3_SetConfig
                0x08003bd8       0x78 cmake/stm32cubemx/CMakeFiles/STM32_Drivers.dir/__/__/Drivers/STM32F4xx_HAL_Driver/Src/stm32f4xx_hal_tim.c.obj
 .text.TIM_TI4_SetConfig
                0x08003c50       0x7a cmake/stm32cubemx/CMakeFiles/STM32_Drivers.dir/__/__/Drivers/STM32F4xx_HAL_Driver/Src/stm32f4xx_hal_tim.c.obj
 .text.TIM_ITRx_SetConfig
                0x08003cca       0x36 cmake/stm32cubemx/CMakeFiles/STM32_Drivers.dir/__/__/Drivers/STM32F4xx_HAL_Driver/Src/stm32f4xx_hal_tim.c.obj
 .text.TIM_ETR_SetConfig
                0x08003d00       0x40 cmake/stm32cubemx/CMakeFiles/STM32_Drivers.dir/__/__/Drivers/STM32F4xx_HAL_Driver/Src/stm32f4xx_hal_tim.c.obj
                0x08003d00                TIM_ETR_SetConfig
 .text.TIM_CCxChannelCmd
                0x08003d40       0x4a cmake/stm32cubemx/CMakeFiles/STM32_Drivers.dir/__/__/Drivers/STM32F4xx_HAL_Driver/Src/stm32f4xx_hal_tim.c.obj
                0x08003d40                TIM_CCxChannelCmd
 *fill*         0x08003d8a        0x2 
 .text.HAL_TIMEx_MasterConfigSynchronization
                0x08003d8c       0xf8 cmake/stm32cubemx/CMakeFiles/STM32_Drivers.dir/__/__/Drivers/STM32F4xx_HAL_Driver/Src/stm32f4xx_hal_tim_ex.c.obj
                0x08003d8c                HAL_TIMEx_MasterConfigSynchronization
 .text.HAL_TIMEx_CommutCallback
                0x08003e84       0x14 cmake/stm32cubemx/CMakeFiles/STM32_Drivers.dir/__/__/Drivers/STM32F4xx_HAL_Driver/Src/stm32f4xx_hal_tim_ex.c.obj
                0x08003e84                HAL_TIMEx_CommutCallback
 .text.HAL_TIMEx_BreakCallback
                0x08003e98       0x14 cmake/stm32cubemx/CMakeFiles/STM32_Drivers.dir/__/__/Drivers/STM32F4xx_HAL_Driver/Src/stm32f4xx_hal_tim_ex.c.obj
                0x08003e98                HAL_TIMEx_BreakCallback
 .text.HAL_I2S_Init
                0x08003eac      0x280 cmake/stm32cubemx/CMakeFiles/STM32_Drivers.dir/__/__/Drivers/STM32F4xx_HAL_Driver/Src/stm32f4xx_hal_i2s.c.obj
                0x08003eac                HAL_I2S_Init
 .text.HAL_I2S_Transmit_DMA
                0x0800412c      0x150 cmake/stm32cubemx/CMakeFiles/STM32_Drivers.dir/__/__/Drivers/STM32F4xx_HAL_Driver/Src/stm32f4xx_hal_i2s.c.obj
                0x0800412c                HAL_I2S_Transmit_DMA
 .text.HAL_I2S_RxCpltCallback
                0x0800427c       0x14 cmake/stm32cubemx/CMakeFiles/STM32_Drivers.dir/__/__/Drivers/STM32F4xx_HAL_Driver/Src/stm32f4xx_hal_i2s.c.obj
                0x0800427c                HAL_I2S_RxCpltCallback
 .text.HAL_I2S_ErrorCallback
                0x08004290       0x14 cmake/stm32cubemx/CMakeFiles/STM32_Drivers.dir/__/__/Drivers/STM32F4xx_HAL_Driver/Src/stm32f4xx_hal_i2s.c.obj
                0x08004290                HAL_I2S_ErrorCallback
 .text.I2S_DMATxCplt
                0x080042a4       0x42 cmake/stm32cubemx/CMakeFiles/STM32_Drivers.dir/__/__/Drivers/STM32F4xx_HAL_Driver/Src/stm32f4xx_hal_i2s.c.obj
 .text.I2S_DMATxHalfCplt
                0x080042e6       0x1c cmake/stm32cubemx/CMakeFiles/STM32_Drivers.dir/__/__/Drivers/STM32F4xx_HAL_Driver/Src/stm32f4xx_hal_i2s.c.obj
 .text.I2S_DMAError
                0x08004302       0x4c cmake/stm32cubemx/CMakeFiles/STM32_Drivers.dir/__/__/Drivers/STM32F4xx_HAL_Driver/Src/stm32f4xx_hal_i2s.c.obj
 .text.I2S_Transmit_IT
                0x0800434e       0x5c cmake/stm32cubemx/CMakeFiles/STM32_Drivers.dir/__/__/Drivers/STM32F4xx_HAL_Driver/Src/stm32f4xx_hal_i2s.c.obj
 .text.I2S_Receive_IT
                0x080043aa       0x5e cmake/stm32cubemx/CMakeFiles/STM32_Drivers.dir/__/__/Drivers/STM32F4xx_HAL_Driver/Src/stm32f4xx_hal_i2s.c.obj
 .text.I2S_IRQHandler
                0x08004408      0x114 cmake/stm32cubemx/CMakeFiles/STM32_Drivers.dir/__/__/Drivers/STM32F4xx_HAL_Driver/Src/stm32f4xx_hal_i2s.c.obj
 .text.HAL_I2SEx_FullDuplex_IRQHandler
                0x0800451c      0x2a8 cmake/stm32cubemx/CMakeFiles/STM32_Drivers.dir/__/__/Drivers/STM32F4xx_HAL_Driver/Src/stm32f4xx_hal_i2s_ex.c.obj
                0x0800451c                HAL_I2SEx_FullDuplex_IRQHandler
 .text.HAL_I2SEx_TxRxCpltCallback
                0x080047c4       0x14 cmake/stm32cubemx/CMakeFiles/STM32_Drivers.dir/__/__/Drivers/STM32F4xx_HAL_Driver/Src/stm32f4xx_hal_i2s_ex.c.obj
                0x080047c4                HAL_I2SEx_TxRxCpltCallback
 .text.I2SEx_TxISR_I2S
                0x080047d8       0x62 cmake/stm32cubemx/CMakeFiles/STM32_Drivers.dir/__/__/Drivers/STM32F4xx_HAL_Driver/Src/stm32f4xx_hal_i2s_ex.c.obj
 *fill*         0x0800483a        0x2 
 .text.I2SEx_TxISR_I2SExt
                0x0800483c       0x98 cmake/stm32cubemx/CMakeFiles/STM32_Drivers.dir/__/__/Drivers/STM32F4xx_HAL_Driver/Src/stm32f4xx_hal_i2s_ex.c.obj
 .text.I2SEx_RxISR_I2S
                0x080048d4       0x64 cmake/stm32cubemx/CMakeFiles/STM32_Drivers.dir/__/__/Drivers/STM32F4xx_HAL_Driver/Src/stm32f4xx_hal_i2s_ex.c.obj
 .text.I2SEx_RxISR_I2SExt
                0x08004938       0x98 cmake/stm32cubemx/CMakeFiles/STM32_Drivers.dir/__/__/Drivers/STM32F4xx_HAL_Driver/Src/stm32f4xx_hal_i2s_ex.c.obj
 .text.main     0x080049d0       0x78 CMakeFiles/STM32F407_Tetris.dir/Core/Src/main.c.obj
                0x080049d0                main
 .text.SystemClock_Config
                0x08004a48       0xd4 CMakeFiles/STM32F407_Tetris.dir/Core/Src/main.c.obj
                0x08004a48                SystemClock_Config
 .text.Error_Handler
                0x08004b1c        0xc CMakeFiles/STM32F407_Tetris.dir/Core/Src/main.c.obj
                0x08004b1c                Error_Handler
 .text.MX_GPIO_Init
                0x08004b28      0x17c CMakeFiles/STM32F407_Tetris.dir/Core/Src/gpio.c.obj
                0x08004b28                MX_GPIO_Init
 .text.MX_FSMC_Init
                0x08004ca4       0xf4 CMakeFiles/STM32F407_Tetris.dir/Core/Src/fsmc.c.obj
                0x08004ca4                MX_FSMC_Init
 .text.HAL_FSMC_MspInit
                0x08004d98       0xe0 CMakeFiles/STM32F407_Tetris.dir/Core/Src/fsmc.c.obj
 .text.HAL_SRAM_MspInit
                0x08004e78       0x14 CMakeFiles/STM32F407_Tetris.dir/Core/Src/fsmc.c.obj
                0x08004e78                HAL_SRAM_MspInit
 .text.MX_TIM1_Init
                0x08004e8c       0xe8 CMakeFiles/STM32F407_Tetris.dir/Core/Src/tim.c.obj
                0x08004e8c                MX_TIM1_Init
 .text.MX_TIM3_Init
                0x08004f74       0x9c CMakeFiles/STM32F407_Tetris.dir/Core/Src/tim.c.obj
                0x08004f74                MX_TIM3_Init
 .text.HAL_TIM_Base_MspInit
                0x08005010       0xec CMakeFiles/STM32F407_Tetris.dir/Core/Src/tim.c.obj
                0x08005010                HAL_TIM_Base_MspInit
 .text.NMI_Handler
                0x080050fc        0x8 CMakeFiles/STM32F407_Tetris.dir/Core/Src/stm32f4xx_it.c.obj
                0x080050fc                NMI_Handler
 .text.HardFault_Handler
                0x08005104        0x8 CMakeFiles/STM32F407_Tetris.dir/Core/Src/stm32f4xx_it.c.obj
                0x08005104                HardFault_Handler
 .text.MemManage_Handler
                0x0800510c        0x8 CMakeFiles/STM32F407_Tetris.dir/Core/Src/stm32f4xx_it.c.obj
                0x0800510c                MemManage_Handler
 .text.BusFault_Handler
                0x08005114        0x8 CMakeFiles/STM32F407_Tetris.dir/Core/Src/stm32f4xx_it.c.obj
                0x08005114                BusFault_Handler
 .text.UsageFault_Handler
                0x0800511c        0x8 CMakeFiles/STM32F407_Tetris.dir/Core/Src/stm32f4xx_it.c.obj
                0x0800511c                UsageFault_Handler
 .text.SVC_Handler
                0x08005124        0xe CMakeFiles/STM32F407_Tetris.dir/Core/Src/stm32f4xx_it.c.obj
                0x08005124                SVC_Handler
 .text.DebugMon_Handler
                0x08005132        0xe CMakeFiles/STM32F407_Tetris.dir/Core/Src/stm32f4xx_it.c.obj
                0x08005132                DebugMon_Handler
 .text.PendSV_Handler
                0x08005140        0xe CMakeFiles/STM32F407_Tetris.dir/Core/Src/stm32f4xx_it.c.obj
                0x08005140                PendSV_Handler
 .text.SysTick_Handler
                0x0800514e        0xc CMakeFiles/STM32F407_Tetris.dir/Core/Src/stm32f4xx_it.c.obj
                0x0800514e                SysTick_Handler
 *fill*         0x0800515a        0x2 
 .text.TIM1_UP_TIM10_IRQHandler
                0x0800515c       0x14 CMakeFiles/STM32F407_Tetris.dir/Core/Src/stm32f4xx_it.c.obj
                0x0800515c                TIM1_UP_TIM10_IRQHandler
 .text.TIM1_CC_IRQHandler
                0x08005170       0x14 CMakeFiles/STM32F407_Tetris.dir/Core/Src/stm32f4xx_it.c.obj
                0x08005170                TIM1_CC_IRQHandler
 .text.TIM3_IRQHandler
                0x08005184       0x14 CMakeFiles/STM32F407_Tetris.dir/Core/Src/stm32f4xx_it.c.obj
                0x08005184                TIM3_IRQHandler
 .text.DMA1_Stream4_IRQHandler
                0x08005198        0xc CMakeFiles/STM32F407_Tetris.dir/Core/Src/stm32f4xx_it.c.obj
                0x08005198                DMA1_Stream4_IRQHandler
 .text.HAL_TIM_IC_CaptureCallback
                0x080051a4      0x150 CMakeFiles/STM32F407_Tetris.dir/Core/Src/stm32f4xx_it.c.obj
                0x080051a4                HAL_TIM_IC_CaptureCallback
 .text.HAL_TIM_PeriodElapsedCallback
                0x080052f4       0x48 CMakeFiles/STM32F407_Tetris.dir/Core/Src/stm32f4xx_it.c.obj
                0x080052f4                HAL_TIM_PeriodElapsedCallback
 .text.HAL_MspInit
                0x0800533c       0x50 CMakeFiles/STM32F407_Tetris.dir/Core/Src/stm32f4xx_hal_msp.c.obj
                0x0800533c                HAL_MspInit
 .text._sbrk    0x0800538c       0x6c CMakeFiles/STM32F407_Tetris.dir/Core/Src/sysmem.c.obj
                0x0800538c                _sbrk
 .text._getpid  0x080053f8       0x10 CMakeFiles/STM32F407_Tetris.dir/Core/Src/syscalls.c.obj
                0x080053f8                _getpid
 .text._kill    0x08005408       0x20 CMakeFiles/STM32F407_Tetris.dir/Core/Src/syscalls.c.obj
                0x08005408                _kill
 .text._exit    0x08005428       0x16 CMakeFiles/STM32F407_Tetris.dir/Core/Src/syscalls.c.obj
                0x08005428                _exit
 .text._read    0x0800543e       0x3a CMakeFiles/STM32F407_Tetris.dir/Core/Src/syscalls.c.obj
                0x0800543e                _read
 .text._write   0x08005478       0x38 CMakeFiles/STM32F407_Tetris.dir/Core/Src/syscalls.c.obj
                0x08005478                _write
 .text._close   0x080054b0       0x18 CMakeFiles/STM32F407_Tetris.dir/Core/Src/syscalls.c.obj
                0x080054b0                _close
 .text._fstat   0x080054c8       0x20 CMakeFiles/STM32F407_Tetris.dir/Core/Src/syscalls.c.obj
                0x080054c8                _fstat
 .text._isatty  0x080054e8       0x16 CMakeFiles/STM32F407_Tetris.dir/Core/Src/syscalls.c.obj
                0x080054e8                _isatty
 .text._lseek   0x080054fe       0x1a CMakeFiles/STM32F407_Tetris.dir/Core/Src/syscalls.c.obj
                0x080054fe                _lseek
 .text.Reset_Handler
                0x08005518       0x50 CMakeFiles/STM32F407_Tetris.dir/startup_stm32f407xx.s.obj
                0x08005518                Reset_Handler
 .text.Default_Handler
                0x08005568        0x2 CMakeFiles/STM32F407_Tetris.dir/startup_stm32f407xx.s.obj
                0x08005568                RTC_Alarm_IRQHandler
                0x08005568                HASH_RNG_IRQHandler
                0x08005568                EXTI2_IRQHandler
                0x08005568                TIM8_CC_IRQHandler
                0x08005568                DMA2_Stream5_IRQHandler
                0x08005568                DMA1_Stream5_IRQHandler
                0x08005568                PVD_IRQHandler
                0x08005568                SDIO_IRQHandler
                0x08005568                TAMP_STAMP_IRQHandler
                0x08005568                CAN2_RX1_IRQHandler
                0x08005568                EXTI3_IRQHandler
                0x08005568                TIM8_TRG_COM_TIM14_IRQHandler
                0x08005568                TIM8_UP_TIM13_IRQHandler
                0x08005568                I2C3_ER_IRQHandler
                0x08005568                EXTI0_IRQHandler
                0x08005568                I2C2_EV_IRQHandler
                0x08005568                DMA1_Stream2_IRQHandler
                0x08005568                CAN1_RX0_IRQHandler
                0x08005568                FPU_IRQHandler
                0x08005568                OTG_HS_WKUP_IRQHandler
                0x08005568                CAN2_SCE_IRQHandler
                0x08005568                DMA2_Stream2_IRQHandler
                0x08005568                SPI1_IRQHandler
                0x08005568                TIM6_DAC_IRQHandler
                0x08005568                TIM1_BRK_TIM9_IRQHandler
                0x08005568                DCMI_IRQHandler
                0x08005568                CAN2_RX0_IRQHandler
                0x08005568                DMA2_Stream3_IRQHandler
                0x08005568                USART6_IRQHandler
                0x08005568                USART3_IRQHandler
                0x08005568                CAN1_RX1_IRQHandler
                0x08005568                UART5_IRQHandler
                0x08005568                DMA2_Stream0_IRQHandler
                0x08005568                TIM4_IRQHandler
                0x08005568                I2C1_EV_IRQHandler
                0x08005568                DMA1_Stream6_IRQHandler
                0x08005568                DMA1_Stream1_IRQHandler
                0x08005568                UART4_IRQHandler
                0x08005568                RCC_IRQHandler
                0x08005568                TIM8_BRK_TIM12_IRQHandler
                0x08005568                Default_Handler
                0x08005568                EXTI15_10_IRQHandler
                0x08005568                ADC_IRQHandler
                0x08005568                DMA1_Stream7_IRQHandler
                0x08005568                TIM7_IRQHandler
                0x08005568                CAN2_TX_IRQHandler
                0x08005568                TIM5_IRQHandler
                0x08005568                DMA2_Stream7_IRQHandler
                0x08005568                I2C3_EV_IRQHandler
                0x08005568                EXTI9_5_IRQHandler
                0x08005568                RTC_WKUP_IRQHandler
                0x08005568                ETH_WKUP_IRQHandler
                0x08005568                SPI2_IRQHandler
                0x08005568                OTG_HS_EP1_IN_IRQHandler
                0x08005568                DMA1_Stream0_IRQHandler
                0x08005568                CAN1_TX_IRQHandler
                0x08005568                EXTI4_IRQHandler
                0x08005568                FSMC_IRQHandler
                0x08005568                ETH_IRQHandler
                0x08005568                OTG_HS_EP1_OUT_IRQHandler
                0x08005568                WWDG_IRQHandler
                0x08005568                TIM2_IRQHandler
                0x08005568                OTG_FS_WKUP_IRQHandler
                0x08005568                TIM1_TRG_COM_TIM11_IRQHandler
                0x08005568                OTG_HS_IRQHandler
                0x08005568                EXTI1_IRQHandler
                0x08005568                USART2_IRQHandler
                0x08005568                I2C2_ER_IRQHandler
                0x08005568                DMA2_Stream1_IRQHandler
                0x08005568                CAN1_SCE_IRQHandler
                0x08005568                FLASH_IRQHandler
                0x08005568                DMA2_Stream4_IRQHandler
                0x08005568                USART1_IRQHandler
                0x08005568                OTG_FS_IRQHandler
                0x08005568                SPI3_IRQHandler
                0x08005568                I2C1_ER_IRQHandler
                0x08005568                DMA2_Stream6_IRQHandler
                0x08005568                DMA1_Stream3_IRQHandler
 *fill*         0x0800556a        0x2 
 .text.month_from_build
                0x0800556c       0x4c CMakeFiles/STM32F407_Tetris.dir/Core/Src/app_rtc.c.obj
 .text.dec2     0x080055b8       0x34 CMakeFiles/STM32F407_Tetris.dir/Core/Src/app_rtc.c.obj
 .text.build_datetime
                0x080055ec      0x10c CMakeFiles/STM32F407_Tetris.dir/Core/Src/app_rtc.c.obj
 .text.rtc_clock_config
                0x080056f8       0xa4 CMakeFiles/STM32F407_Tetris.dir/Core/Src/app_rtc.c.obj
 .text.App_RTC_Init
                0x0800579c       0xe0 CMakeFiles/STM32F407_Tetris.dir/Core/Src/app_rtc.c.obj
                0x0800579c                App_RTC_Init
 .text.App_RTC_GetDateTime
                0x0800587c       0x84 CMakeFiles/STM32F407_Tetris.dir/Core/Src/app_rtc.c.obj
                0x0800587c                App_RTC_GetDateTime
 .text.App_RTC_SetDateTime
                0x08005900      0x100 CMakeFiles/STM32F407_Tetris.dir/Core/Src/app_rtc.c.obj
                0x08005900                App_RTC_SetDateTime
 .text.ee_delay
                0x08005a00       0x28 CMakeFiles/STM32F407_Tetris.dir/Core/Src/app_settings.c.obj
 .text.ee_sda_out
                0x08005a28       0x3c CMakeFiles/STM32F407_Tetris.dir/Core/Src/app_settings.c.obj
 .text.ee_sda_in
                0x08005a64       0x3c CMakeFiles/STM32F407_Tetris.dir/Core/Src/app_settings.c.obj
 .text.ee_i2c_init
                0x08005aa0       0x74 CMakeFiles/STM32F407_Tetris.dir/Core/Src/app_settings.c.obj
 .text.ee_start
                0x08005b14       0x48 CMakeFiles/STM32F407_Tetris.dir/Core/Src/app_settings.c.obj
 .text.ee_stop  0x08005b5c       0x4c CMakeFiles/STM32F407_Tetris.dir/Core/Src/app_settings.c.obj
 .text.ee_wait_ack
                0x08005ba8       0x50 CMakeFiles/STM32F407_Tetris.dir/Core/Src/app_settings.c.obj
 .text.ee_send_byte
                0x08005bf8       0x6c CMakeFiles/STM32F407_Tetris.dir/Core/Src/app_settings.c.obj
 .text.ee_read_byte
                0x08005c64       0xb8 CMakeFiles/STM32F407_Tetris.dir/Core/Src/app_settings.c.obj
 .text.eeprom_read
                0x08005d1c       0xa2 CMakeFiles/STM32F407_Tetris.dir/Core/Src/app_settings.c.obj
 .text.eeprom_write_page
                0x08005dbe       0x7a CMakeFiles/STM32F407_Tetris.dir/Core/Src/app_settings.c.obj
 .text.eeprom_write
                0x08005e38       0x74 CMakeFiles/STM32F407_Tetris.dir/Core/Src/app_settings.c.obj
 .text.checksum16
                0x08005eac       0x5a CMakeFiles/STM32F407_Tetris.dir/Core/Src/app_settings.c.obj
 *fill*         0x08005f06        0x2 
 .text.make_record_from_settings
                0x08005f08       0x88 CMakeFiles/STM32F407_Tetris.dir/Core/Src/app_settings.c.obj
 .text.record_is_valid
                0x08005f90       0x6c CMakeFiles/STM32F407_Tetris.dir/Core/Src/app_settings.c.obj
 .text.save_settings
                0x08005ffc       0x56 CMakeFiles/STM32F407_Tetris.dir/Core/Src/app_settings.c.obj
 *fill*         0x08006052        0x2 
 .text.App_Settings_Init
                0x08006054       0x98 CMakeFiles/STM32F407_Tetris.dir/Core/Src/app_settings.c.obj
                0x08006054                App_Settings_Init
 .text.App_Settings_Get
                0x080060ec       0x14 CMakeFiles/STM32F407_Tetris.dir/Core/Src/app_settings.c.obj
                0x080060ec                App_Settings_Get
 .text.App_Settings_SetVolume
                0x08006100       0x34 CMakeFiles/STM32F407_Tetris.dir/Core/Src/app_settings.c.obj
                0x08006100                App_Settings_SetVolume
 .text.App_Settings_UpdateHighScore
                0x08006134       0x4c CMakeFiles/STM32F407_Tetris.dir/Core/Src/app_settings.c.obj
                0x08006134                App_Settings_UpdateHighScore
 .text.App_Settings_AddGameResult
                0x08006180       0xa0 CMakeFiles/STM32F407_Tetris.dir/Core/Src/app_settings.c.obj
                0x08006180                App_Settings_AddGameResult
 .text.App_Settings_GetHistory
                0x08006220       0x78 CMakeFiles/STM32F407_Tetris.dir/Core/Src/app_settings.c.obj
                0x08006220                App_Settings_GetHistory
 .text.delay_short
                0x08006298       0x28 CMakeFiles/STM32F407_Tetris.dir/Core/Src/audio_bgm.c.obj
 .text.es_i2c_sda_out
                0x080062c0       0x3c CMakeFiles/STM32F407_Tetris.dir/Core/Src/audio_bgm.c.obj
 .text.es_i2c_sda_in
                0x080062fc       0x3c CMakeFiles/STM32F407_Tetris.dir/Core/Src/audio_bgm.c.obj
 .text.es_i2c_init
                0x08006338       0x74 CMakeFiles/STM32F407_Tetris.dir/Core/Src/audio_bgm.c.obj
 .text.es_i2c_start
                0x080063ac       0x48 CMakeFiles/STM32F407_Tetris.dir/Core/Src/audio_bgm.c.obj
 .text.es_i2c_stop
                0x080063f4       0x4c CMakeFiles/STM32F407_Tetris.dir/Core/Src/audio_bgm.c.obj
 .text.es_i2c_wait_ack
                0x08006440       0x50 CMakeFiles/STM32F407_Tetris.dir/Core/Src/audio_bgm.c.obj
 .text.es_i2c_send_byte
                0x08006490       0x6c CMakeFiles/STM32F407_Tetris.dir/Core/Src/audio_bgm.c.obj
 .text.es8388_write_reg
                0x080064fc       0x5a CMakeFiles/STM32F407_Tetris.dir/Core/Src/audio_bgm.c.obj
 .text.es8388_set_volume
                0x08006556       0x44 CMakeFiles/STM32F407_Tetris.dir/Core/Src/audio_bgm.c.obj
 .text.es8388_init_playback
                0x0800659a       0xb0 CMakeFiles/STM32F407_Tetris.dir/Core/Src/audio_bgm.c.obj
 *fill*         0x0800664a        0x2 
 .text.next_sample
                0x0800664c       0x44 CMakeFiles/STM32F407_Tetris.dir/Core/Src/audio_bgm.c.obj
 .text.fill_audio
                0x08006690       0x84 CMakeFiles/STM32F407_Tetris.dir/Core/Src/audio_bgm.c.obj
 .text.i2s_clock_init
                0x08006714       0x2e CMakeFiles/STM32F407_Tetris.dir/Core/Src/audio_bgm.c.obj
 *fill*         0x08006742        0x2 
 .text.Audio_BGM_Init
                0x08006744       0x80 CMakeFiles/STM32F407_Tetris.dir/Core/Src/audio_bgm.c.obj
                0x08006744                Audio_BGM_Init
 .text.Audio_BGM_Start
                0x080067c4       0x30 CMakeFiles/STM32F407_Tetris.dir/Core/Src/audio_bgm.c.obj
                0x080067c4                Audio_BGM_Start
 .text.Audio_BGM_Stop
                0x080067f4       0x18 CMakeFiles/STM32F407_Tetris.dir/Core/Src/audio_bgm.c.obj
                0x080067f4                Audio_BGM_Stop
 .text.Audio_BGM_Task
                0x0800680c        0xe CMakeFiles/STM32F407_Tetris.dir/Core/Src/audio_bgm.c.obj
                0x0800680c                Audio_BGM_Task
 *fill*         0x0800681a        0x2 
 .text.Audio_BGM_SetVolume
                0x0800681c       0x2c CMakeFiles/STM32F407_Tetris.dir/Core/Src/audio_bgm.c.obj
                0x0800681c                Audio_BGM_SetVolume
 .text.Audio_BGM_GetVolume
                0x08006848       0x18 CMakeFiles/STM32F407_Tetris.dir/Core/Src/audio_bgm.c.obj
                0x08006848                Audio_BGM_GetVolume
 .text.Audio_BGM_DMA_IRQHandler
                0x08006860       0x14 CMakeFiles/STM32F407_Tetris.dir/Core/Src/audio_bgm.c.obj
                0x08006860                Audio_BGM_DMA_IRQHandler
 .text.HAL_I2S_MspInit
                0x08006874      0x160 CMakeFiles/STM32F407_Tetris.dir/Core/Src/audio_bgm.c.obj
                0x08006874                HAL_I2S_MspInit
 .text.HAL_I2S_TxHalfCpltCallback
                0x080069d4       0x2c CMakeFiles/STM32F407_Tetris.dir/Core/Src/audio_bgm.c.obj
                0x080069d4                HAL_I2S_TxHalfCpltCallback
 .text.HAL_I2S_TxCpltCallback
                0x08006a00       0x2c CMakeFiles/STM32F407_Tetris.dir/Core/Src/audio_bgm.c.obj
                0x08006a00                HAL_I2S_TxCpltCallback
 .text.led0_write
                0x08006a2c       0x24 CMakeFiles/STM32F407_Tetris.dir/Core/Src/led_feedback.c.obj
 .text.led1_write
                0x08006a50       0x24 CMakeFiles/STM32F407_Tetris.dir/Core/Src/led_feedback.c.obj
 .text.Led_Feedback_Init
                0x08006a74       0x1a CMakeFiles/STM32F407_Tetris.dir/Core/Src/led_feedback.c.obj
                0x08006a74                Led_Feedback_Init
 *fill*         0x08006a8e        0x2 
 .text.Led_Feedback_SetState
                0x08006a90       0x84 CMakeFiles/STM32F407_Tetris.dir/Core/Src/led_feedback.c.obj
                0x08006a90                Led_Feedback_SetState
 .text.Led_Feedback_Task
                0x08006b14      0x110 CMakeFiles/STM32F407_Tetris.dir/Core/Src/led_feedback.c.obj
                0x08006b14                Led_Feedback_Task
 .text.LCD_WR_REG
                0x08006c24       0x28 CMakeFiles/STM32F407_Tetris.dir/Core/Src/lcd.c.obj
                0x08006c24                LCD_WR_REG
 .text.LCD_WR_DATA
                0x08006c4c       0x28 CMakeFiles/STM32F407_Tetris.dir/Core/Src/lcd.c.obj
                0x08006c4c                LCD_WR_DATA
 .text.LCD_RD_DATA
                0x08006c74       0x24 CMakeFiles/STM32F407_Tetris.dir/Core/Src/lcd.c.obj
                0x08006c74                LCD_RD_DATA
 .text.LCD_WriteReg
                0x08006c98       0x2c CMakeFiles/STM32F407_Tetris.dir/Core/Src/lcd.c.obj
                0x08006c98                LCD_WriteReg
 .text.LCD_WriteRAM_Prepare
                0x08006cc4       0x20 CMakeFiles/STM32F407_Tetris.dir/Core/Src/lcd.c.obj
                0x08006cc4                LCD_WriteRAM_Prepare
 .text.LCD_SetCursor
                0x08006ce4      0x1ac CMakeFiles/STM32F407_Tetris.dir/Core/Src/lcd.c.obj
                0x08006ce4                LCD_SetCursor
 .text.LCD_Scan_Dir
                0x08006e90      0x2f8 CMakeFiles/STM32F407_Tetris.dir/Core/Src/lcd.c.obj
                0x08006e90                LCD_Scan_Dir
 .text.LCD_DrawPoint
                0x08007188       0x38 CMakeFiles/STM32F407_Tetris.dir/Core/Src/lcd.c.obj
                0x08007188                LCD_DrawPoint
 .text.LCD_Fast_DrawPoint
                0x080071c0      0x17c CMakeFiles/STM32F407_Tetris.dir/Core/Src/lcd.c.obj
                0x080071c0                LCD_Fast_DrawPoint
 *fill*         0x0800733c        0x4 
 .text.LCD_SSD_BackLightSet
                0x08007340       0x68 CMakeFiles/STM32F407_Tetris.dir/Core/Src/lcd.c.obj
                0x08007340                LCD_SSD_BackLightSet
 .text.LCD_Display_Dir
                0x080073a8      0x170 CMakeFiles/STM32F407_Tetris.dir/Core/Src/lcd.c.obj
                0x080073a8                LCD_Display_Dir
 .text.LCD_Init
                0x08007518     0x2654 CMakeFiles/STM32F407_Tetris.dir/Core/Src/lcd.c.obj
                0x08007518                LCD_Init
 .text.LCD_Clear
                0x08009b6c       0x5c CMakeFiles/STM32F407_Tetris.dir/Core/Src/lcd.c.obj
                0x08009b6c                LCD_Clear
 .text.LCD_Fill
                0x08009bc8       0x7c CMakeFiles/STM32F407_Tetris.dir/Core/Src/lcd.c.obj
                0x08009bc8                LCD_Fill
 .text.LCD_DrawLine
                0x08009c44      0x108 CMakeFiles/STM32F407_Tetris.dir/Core/Src/lcd.c.obj
                0x08009c44                LCD_DrawLine
 .text.LCD_DrawRectangle
                0x08009d4c       0x56 CMakeFiles/STM32F407_Tetris.dir/Core/Src/lcd.c.obj
                0x08009d4c                LCD_DrawRectangle
 *fill*         0x08009da2        0x2 
 .text.LCD_ShowChar
                0x08009da4      0x15c CMakeFiles/STM32F407_Tetris.dir/Core/Src/lcd.c.obj
                0x08009da4                LCD_ShowChar
 .text.LCD_Pow  0x08009f00       0x38 CMakeFiles/STM32F407_Tetris.dir/Core/Src/lcd.c.obj
                0x08009f00                LCD_Pow
 .text.LCD_ShowxNum
                0x08009f38      0x138 CMakeFiles/STM32F407_Tetris.dir/Core/Src/lcd.c.obj
                0x08009f38                LCD_ShowxNum
 .text.LCD_ShowString
                0x0800a070       0x9a CMakeFiles/STM32F407_Tetris.dir/Core/Src/lcd.c.obj
                0x0800a070                LCD_ShowString
 .text.flash_delay
                0x0800a10a       0x14 CMakeFiles/STM32F407_Tetris.dir/Core/Src/spi_flash.c.obj
 *fill*         0x0800a11e        0x2 
 .text.cs       0x0800a120       0x30 CMakeFiles/STM32F407_Tetris.dir/Core/Src/spi_flash.c.obj
 .text.spi_xfer
                0x0800a150       0x88 CMakeFiles/STM32F407_Tetris.dir/Core/Src/spi_flash.c.obj
 .text.send_addr
                0x0800a1d8       0x32 CMakeFiles/STM32F407_Tetris.dir/Core/Src/spi_flash.c.obj
 .text.read_sr1
                0x0800a20a       0x2c CMakeFiles/STM32F407_Tetris.dir/Core/Src/spi_flash.c.obj
 .text.wait_busy
                0x0800a236       0x1a CMakeFiles/STM32F407_Tetris.dir/Core/Src/spi_flash.c.obj
 .text.write_enable
                0x0800a250       0x1a CMakeFiles/STM32F407_Tetris.dir/Core/Src/spi_flash.c.obj
 .text.checksum16
                0x0800a26a       0x5a CMakeFiles/STM32F407_Tetris.dir/Core/Src/spi_flash.c.obj
 .text.SpiFlash_Init
                0x0800a2c4       0x94 CMakeFiles/STM32F407_Tetris.dir/Core/Src/spi_flash.c.obj
                0x0800a2c4                SpiFlash_Init
 .text.SpiFlash_ReadID
                0x0800a358       0x50 CMakeFiles/STM32F407_Tetris.dir/Core/Src/spi_flash.c.obj
                0x0800a358                SpiFlash_ReadID
 .text.SpiFlash_IsReady
                0x0800a3a8       0x30 CMakeFiles/STM32F407_Tetris.dir/Core/Src/spi_flash.c.obj
                0x0800a3a8                SpiFlash_IsReady
 .text.SpiFlash_EraseSector
                0x0800a3d8       0x30 CMakeFiles/STM32F407_Tetris.dir/Core/Src/spi_flash.c.obj
                0x0800a3d8                SpiFlash_EraseSector
 .text.SpiFlash_Write
                0x0800a408       0x8e CMakeFiles/STM32F407_Tetris.dir/Core/Src/spi_flash.c.obj
                0x0800a408                SpiFlash_Write
 *fill*         0x0800a496        0x2 
 .text.SpiFlash_SaveGameRecord
                0x0800a498       0x74 CMakeFiles/STM32F407_Tetris.dir/Core/Src/spi_flash.c.obj
                0x0800a498                SpiFlash_SaveGameRecord
 .text.shape_word
                0x0800a50c       0x28 CMakeFiles/STM32F407_Tetris.dir/Core/Src/tetris.c.obj
 .text.cell_set
                0x0800a534       0x32 CMakeFiles/STM32F407_Tetris.dir/Core/Src/tetris.c.obj
 *fill*         0x0800a566        0x2 
 .text.dim_color
                0x0800a568       0x88 CMakeFiles/STM32F407_Tetris.dir/Core/Src/tetris.c.obj
 .text.draw_panel_box
                0x0800a5f0       0x84 CMakeFiles/STM32F407_Tetris.dir/Core/Src/tetris.c.obj
 .text.draw_button
                0x0800a674       0xc0 CMakeFiles/STM32F407_Tetris.dir/Core/Src/tetris.c.obj
 .text.draw_block
                0x0800a734      0x134 CMakeFiles/STM32F407_Tetris.dir/Core/Src/tetris.c.obj
 .text.draw_next_block
                0x0800a868       0xb8 CMakeFiles/STM32F407_Tetris.dir/Core/Src/tetris.c.obj
 .text.draw_board_full
                0x0800a920       0x5c CMakeFiles/STM32F407_Tetris.dir/Core/Src/tetris.c.obj
 .text.erase_piece
                0x0800a97c       0xbc CMakeFiles/STM32F407_Tetris.dir/Core/Src/tetris.c.obj
 .text.draw_piece
                0x0800aa38       0xb0 CMakeFiles/STM32F407_Tetris.dir/Core/Src/tetris.c.obj
 .text.draw_next_piece
                0x0800aae8       0x7c CMakeFiles/STM32F407_Tetris.dir/Core/Src/tetris.c.obj
 .text.draw_score_panel
                0x0800ab64       0xa8 CMakeFiles/STM32F407_Tetris.dir/Core/Src/tetris.c.obj
 .text.check_hit
                0x0800ac0c       0xa4 CMakeFiles/STM32F407_Tetris.dir/Core/Src/tetris.c.obj
 .text.merge_piece
                0x0800acb0       0xbc CMakeFiles/STM32F407_Tetris.dir/Core/Src/tetris.c.obj
 .text.rightmost_col
                0x0800ad6c       0x4e CMakeFiles/STM32F407_Tetris.dir/Core/Src/tetris.c.obj
 *fill*         0x0800adba        0x2 
 .text.flash_line
                0x0800adbc       0x9c CMakeFiles/STM32F407_Tetris.dir/Core/Src/tetris.c.obj
 .text.remove_lines
                0x0800ae58      0x134 CMakeFiles/STM32F407_Tetris.dir/Core/Src/tetris.c.obj
 .text.new_piece
                0x0800af8c       0x90 CMakeFiles/STM32F407_Tetris.dir/Core/Src/tetris.c.obj
 .text.beep_short
                0x0800b01c       0x2c CMakeFiles/STM32F407_Tetris.dir/Core/Src/tetris.c.obj
 .text.game_key_handler
                0x0800b048      0x29c CMakeFiles/STM32F407_Tetris.dir/Core/Src/tetris.c.obj
 .text.show_game_over
                0x0800b2e4      0x1b4 CMakeFiles/STM32F407_Tetris.dir/Core/Src/tetris.c.obj
 .text.return_to_start_menu
                0x0800b498       0x44 CMakeFiles/STM32F407_Tetris.dir/Core/Src/tetris.c.obj
 .text.draw_static_ui
                0x0800b4dc      0x230 CMakeFiles/STM32F407_Tetris.dir/Core/Src/tetris.c.obj
 .text.ir_read_key
                0x0800b70c       0x48 CMakeFiles/STM32F407_Tetris.dir/Core/Src/tetris.c.obj
 .text.ir_do_action
                0x0800b754      0x23c CMakeFiles/STM32F407_Tetris.dir/Core/Src/tetris.c.obj
 .text.draw_start_screen
                0x0800b990      0x2d4 CMakeFiles/STM32F407_Tetris.dir/Core/Src/tetris.c.obj
 .text.draw_eeprom_history_screen
                0x0800bc64      0x3ec CMakeFiles/STM32F407_Tetris.dir/Core/Src/tetris.c.obj
 .text.draw_menu_volume
                0x0800c050       0xe4 CMakeFiles/STM32F407_Tetris.dir/Core/Src/tetris.c.obj
 .text.calc_ghost_y
                0x0800c134       0x54 CMakeFiles/STM32F407_Tetris.dir/Core/Src/tetris.c.obj
 .text.erase_ghost
                0x0800c188       0xbc CMakeFiles/STM32F407_Tetris.dir/Core/Src/tetris.c.obj
 .text.draw_ghost
                0x0800c244      0x11c CMakeFiles/STM32F407_Tetris.dir/Core/Src/tetris.c.obj
 .text.start_new_game
                0x0800c360       0xd4 CMakeFiles/STM32F407_Tetris.dir/Core/Src/tetris.c.obj
 .text.tetris_init
                0x0800c434       0x34 CMakeFiles/STM32F407_Tetris.dir/Core/Src/tetris.c.obj
                0x0800c434                tetris_init
 .text.tetris_loop
                0x0800c468      0x378 CMakeFiles/STM32F407_Tetris.dir/Core/Src/tetris.c.obj
                0x0800c468                tetris_loop
 .text.srand    0x0800c7e0       0x5c D:/ST/STM32CubeCLT_1.21.0/GNU-tools-for-STM32/bin/../lib/gcc/arm-none-eabi/14.3.1/../../../../arm-none-eabi/lib/thumb/v7e-m+fp/hard\libg_nano.a(libc_a-rand.o)
                0x0800c7e0                srand
 .text.rand     0x0800c83c       0x7c D:/ST/STM32CubeCLT_1.21.0/GNU-tools-for-STM32/bin/../lib/gcc/arm-none-eabi/14.3.1/../../../../arm-none-eabi/lib/thumb/v7e-m+fp/hard\libg_nano.a(libc_a-rand.o)
                0x0800c83c                rand
 .text.std      0x0800c8b8       0x6c D:/ST/STM32CubeCLT_1.21.0/GNU-tools-for-STM32/bin/../lib/gcc/arm-none-eabi/14.3.1/../../../../arm-none-eabi/lib/thumb/v7e-m+fp/hard\libg_nano.a(libc_a-findfp.o)
 .text.stdio_exit_handler
                0x0800c924       0x18 D:/ST/STM32CubeCLT_1.21.0/GNU-tools-for-STM32/bin/../lib/gcc/arm-none-eabi/14.3.1/../../../../arm-none-eabi/lib/thumb/v7e-m+fp/hard\libg_nano.a(libc_a-findfp.o)
 .text.cleanup_stdio
                0x0800c93c       0x40 D:/ST/STM32CubeCLT_1.21.0/GNU-tools-for-STM32/bin/../lib/gcc/arm-none-eabi/14.3.1/../../../../arm-none-eabi/lib/thumb/v7e-m+fp/hard\libg_nano.a(libc_a-findfp.o)
 .text.global_stdio_init.part.0
                0x0800c97c       0x40 D:/ST/STM32CubeCLT_1.21.0/GNU-tools-for-STM32/bin/../lib/gcc/arm-none-eabi/14.3.1/../../../../arm-none-eabi/lib/thumb/v7e-m+fp/hard\libg_nano.a(libc_a-findfp.o)
 .text.__sfp_lock_acquire
                0x0800c9bc        0xc D:/ST/STM32CubeCLT_1.21.0/GNU-tools-for-STM32/bin/../lib/gcc/arm-none-eabi/14.3.1/../../../../arm-none-eabi/lib/thumb/v7e-m+fp/hard\libg_nano.a(libc_a-findfp.o)
                0x0800c9bc                __sfp_lock_acquire
 .text.__sfp_lock_release
                0x0800c9c8        0xc D:/ST/STM32CubeCLT_1.21.0/GNU-tools-for-STM32/bin/../lib/gcc/arm-none-eabi/14.3.1/../../../../arm-none-eabi/lib/thumb/v7e-m+fp/hard\libg_nano.a(libc_a-findfp.o)
                0x0800c9c8                __sfp_lock_release
 .text.__sinit  0x0800c9d4       0x30 D:/ST/STM32CubeCLT_1.21.0/GNU-tools-for-STM32/bin/../lib/gcc/arm-none-eabi/14.3.1/../../../../arm-none-eabi/lib/thumb/v7e-m+fp/hard\libg_nano.a(libc_a-findfp.o)
                0x0800c9d4                __sinit
 .text._fwalk_sglue
                0x0800ca04       0x3c D:/ST/STM32CubeCLT_1.21.0/GNU-tools-for-STM32/bin/../lib/gcc/arm-none-eabi/14.3.1/../../../../arm-none-eabi/lib/thumb/v7e-m+fp/hard\libg_nano.a(libc_a-fwalk.o)
                0x0800ca04                _fwalk_sglue
 .text.__sread  0x0800ca40       0x22 D:/ST/STM32CubeCLT_1.21.0/GNU-tools-for-STM32/bin/../lib/gcc/arm-none-eabi/14.3.1/../../../../arm-none-eabi/lib/thumb/v7e-m+fp/hard\libg_nano.a(libc_a-stdio.o)
                0x0800ca40                __sread
 .text.__swrite
                0x0800ca62       0x38 D:/ST/STM32CubeCLT_1.21.0/GNU-tools-for-STM32/bin/../lib/gcc/arm-none-eabi/14.3.1/../../../../arm-none-eabi/lib/thumb/v7e-m+fp/hard\libg_nano.a(libc_a-stdio.o)
                0x0800ca62                __swrite
 .text.__sseek  0x0800ca9a       0x26 D:/ST/STM32CubeCLT_1.21.0/GNU-tools-for-STM32/bin/../lib/gcc/arm-none-eabi/14.3.1/../../../../arm-none-eabi/lib/thumb/v7e-m+fp/hard\libg_nano.a(libc_a-stdio.o)
                0x0800ca9a                __sseek
 .text.__sclose
                0x0800cac0        0x8 D:/ST/STM32CubeCLT_1.21.0/GNU-tools-for-STM32/bin/../lib/gcc/arm-none-eabi/14.3.1/../../../../arm-none-eabi/lib/thumb/v7e-m+fp/hard\libg_nano.a(libc_a-stdio.o)
                0x0800cac0                __sclose
 .text.memcmp   0x0800cac8       0x20 D:/ST/STM32CubeCLT_1.21.0/GNU-tools-for-STM32/bin/../lib/gcc/arm-none-eabi/14.3.1/../../../../arm-none-eabi/lib/thumb/v7e-m+fp/hard\libg_nano.a(libc_a-memcmp.o)
                0x0800cac8                memcmp
 .text.memset   0x0800cae8       0x10 D:/ST/STM32CubeCLT_1.21.0/GNU-tools-for-STM32/bin/../lib/gcc/arm-none-eabi/14.3.1/../../../../arm-none-eabi/lib/thumb/v7e-m+fp/hard\libg_nano.a(libc_a-memset.o)
                0x0800cae8                memset
 .text._close_r
                0x0800caf8       0x20 D:/ST/STM32CubeCLT_1.21.0/GNU-tools-for-STM32/bin/../lib/gcc/arm-none-eabi/14.3.1/../../../../arm-none-eabi/lib/thumb/v7e-m+fp/hard\libg_nano.a(libc_a-closer.o)
                0x0800caf8                _close_r
 .text._lseek_r
                0x0800cb18       0x24 D:/ST/STM32CubeCLT_1.21.0/GNU-tools-for-STM32/bin/../lib/gcc/arm-none-eabi/14.3.1/../../../../arm-none-eabi/lib/thumb/v7e-m+fp/hard\libg_nano.a(libc_a-lseekr.o)
                0x0800cb18                _lseek_r
 .text._read_r  0x0800cb3c       0x24 D:/ST/STM32CubeCLT_1.21.0/GNU-tools-for-STM32/bin/../lib/gcc/arm-none-eabi/14.3.1/../../../../arm-none-eabi/lib/thumb/v7e-m+fp/hard\libg_nano.a(libc_a-readr.o)
                0x0800cb3c                _read_r
 .text._write_r
                0x0800cb60       0x24 D:/ST/STM32CubeCLT_1.21.0/GNU-tools-for-STM32/bin/../lib/gcc/arm-none-eabi/14.3.1/../../../../arm-none-eabi/lib/thumb/v7e-m+fp/hard\libg_nano.a(libc_a-writer.o)
                0x0800cb60                _write_r
 .text.__errno  0x0800cb84        0xc D:/ST/STM32CubeCLT_1.21.0/GNU-tools-for-STM32/bin/../lib/gcc/arm-none-eabi/14.3.1/../../../../arm-none-eabi/lib/thumb/v7e-m+fp/hard\libg_nano.a(libc_a-errno.o)
                0x0800cb84                __errno
 .text.__libc_init_array
                0x0800cb90       0x48 D:/ST/STM32CubeCLT_1.21.0/GNU-tools-for-STM32/bin/../lib/gcc/arm-none-eabi/14.3.1/../../../../arm-none-eabi/lib/thumb/v7e-m+fp/hard\libg_nano.a(libc_a-init.o)
                0x0800cb90                __libc_init_array
 .text.__retarget_lock_init_recursive
                0x0800cbd8        0x2 D:/ST/STM32CubeCLT_1.21.0/GNU-tools-for-STM32/bin/../lib/gcc/arm-none-eabi/14.3.1/../../../../arm-none-eabi/lib/thumb/v7e-m+fp/hard\libg_nano.a(libc_a-lock.o)
                0x0800cbd8                __retarget_lock_init_recursive
 .text.__retarget_lock_acquire_recursive
                0x0800cbda        0x2 D:/ST/STM32CubeCLT_1.21.0/GNU-tools-for-STM32/bin/../lib/gcc/arm-none-eabi/14.3.1/../../../../arm-none-eabi/lib/thumb/v7e-m+fp/hard\libg_nano.a(libc_a-lock.o)
                0x0800cbda                __retarget_lock_acquire_recursive
 .text.__retarget_lock_release_recursive
                0x0800cbdc        0x2 D:/ST/STM32CubeCLT_1.21.0/GNU-tools-for-STM32/bin/../lib/gcc/arm-none-eabi/14.3.1/../../../../arm-none-eabi/lib/thumb/v7e-m+fp/hard\libg_nano.a(libc_a-lock.o)
                0x0800cbdc                __retarget_lock_release_recursive
 .text.memcpy   0x0800cbde       0x1c D:/ST/STM32CubeCLT_1.21.0/GNU-tools-for-STM32/bin/../lib/gcc/arm-none-eabi/14.3.1/../../../../arm-none-eabi/lib/thumb/v7e-m+fp/hard\libg_nano.a(libc_a-memcpy-stub.o)
                0x0800cbde                memcpy
 *fill*         0x0800cbfa        0x2 
 .text.__assert_func
                0x0800cbfc       0x3c D:/ST/STM32CubeCLT_1.21.0/GNU-tools-for-STM32/bin/../lib/gcc/arm-none-eabi/14.3.1/../../../../arm-none-eabi/lib/thumb/v7e-m+fp/hard\libg_nano.a(libc_a-assert.o)
                0x0800cbfc                __assert_func
 .text._free_r  0x0800cc38       0x94 D:/ST/STM32CubeCLT_1.21.0/GNU-tools-for-STM32/bin/../lib/gcc/arm-none-eabi/14.3.1/../../../../arm-none-eabi/lib/thumb/v7e-m+fp/hard\libg_nano.a(libc_a-freer.o)
                0x0800cc38                _free_r
 .text.malloc   0x0800cccc       0x10 D:/ST/STM32CubeCLT_1.21.0/GNU-tools-for-STM32/bin/../lib/gcc/arm-none-eabi/14.3.1/../../../../arm-none-eabi/lib/thumb/v7e-m+fp/hard\libg_nano.a(libc_a-malloc.o)
                0x0800cccc                malloc
 .text.sbrk_aligned
                0x0800ccdc       0x44 D:/ST/STM32CubeCLT_1.21.0/GNU-tools-for-STM32/bin/../lib/gcc/arm-none-eabi/14.3.1/../../../../arm-none-eabi/lib/thumb/v7e-m+fp/hard\libg_nano.a(libc_a-mallocr.o)
 .text._malloc_r
                0x0800cd20      0x100 D:/ST/STM32CubeCLT_1.21.0/GNU-tools-for-STM32/bin/../lib/gcc/arm-none-eabi/14.3.1/../../../../arm-none-eabi/lib/thumb/v7e-m+fp/hard\libg_nano.a(libc_a-mallocr.o)
                0x0800cd20                _malloc_r
 .text.__malloc_lock
                0x0800ce20        0xc D:/ST/STM32CubeCLT_1.21.0/GNU-tools-for-STM32/bin/../lib/gcc/arm-none-eabi/14.3.1/../../../../arm-none-eabi/lib/thumb/v7e-m+fp/hard\libg_nano.a(libc_a-mlock.o)
                0x0800ce20                __malloc_lock
 .text.__malloc_unlock
                0x0800ce2c        0xc D:/ST/STM32CubeCLT_1.21.0/GNU-tools-for-STM32/bin/../lib/gcc/arm-none-eabi/14.3.1/../../../../arm-none-eabi/lib/thumb/v7e-m+fp/hard\libg_nano.a(libc_a-mlock.o)
                0x0800ce2c                __malloc_unlock
 .text.__sflush_r
                0x0800ce38      0x104 D:/ST/STM32CubeCLT_1.21.0/GNU-tools-for-STM32/bin/../lib/gcc/arm-none-eabi/14.3.1/../../../../arm-none-eabi/lib/thumb/v7e-m+fp/hard\libg_nano.a(libc_a-fflush.o)
                0x0800ce38                __sflush_r
 .text._fflush_r
                0x0800cf3c       0x50 D:/ST/STM32CubeCLT_1.21.0/GNU-tools-for-STM32/bin/../lib/gcc/arm-none-eabi/14.3.1/../../../../arm-none-eabi/lib/thumb/v7e-m+fp/hard\libg_nano.a(libc_a-fflush.o)
                0x0800cf3c                _fflush_r
 .text.fprintf  0x0800cf8c       0x24 D:/ST/STM32CubeCLT_1.21.0/GNU-tools-for-STM32/bin/../lib/gcc/arm-none-eabi/14.3.1/../../../../arm-none-eabi/lib/thumb/v7e-m+fp/hard\libg_nano.a(libc_a-fprintf.o)
                0x0800cf8c                fiprintf
                0x0800cf8c                fprintf
 .text._sbrk_r  0x0800cfb0       0x20 D:/ST/STM32CubeCLT_1.21.0/GNU-tools-for-STM32/bin/../lib/gcc/arm-none-eabi/14.3.1/../../../../arm-none-eabi/lib/thumb/v7e-m+fp/hard\libg_nano.a(libc_a-sbrkr.o)
                0x0800cfb0                _sbrk_r
 .text.abort    0x0800cfd0        0xe D:/ST/STM32CubeCLT_1.21.0/GNU-tools-for-STM32/bin/../lib/gcc/arm-none-eabi/14.3.1/../../../../arm-none-eabi/lib/thumb/v7e-m+fp/hard\libg_nano.a(libc_a-abort.o)
                0x0800cfd0                abort
 .text.__sfputc_r
                0x0800cfde       0x2e D:/ST/STM32CubeCLT_1.21.0/GNU-tools-for-STM32/bin/../lib/gcc/arm-none-eabi/14.3.1/../../../../arm-none-eabi/lib/thumb/v7e-m+fp/hard\libg_nano.a(libc_a-nano-vfprintf.o)
 .text.__sfputs_r
                0x0800d00c       0x24 D:/ST/STM32CubeCLT_1.21.0/GNU-tools-for-STM32/bin/../lib/gcc/arm-none-eabi/14.3.1/../../../../arm-none-eabi/lib/thumb/v7e-m+fp/hard\libg_nano.a(libc_a-nano-vfprintf.o)
                0x0800d00c                __sfputs_r
 .text._vfprintf_r
                0x0800d030      0x228 D:/ST/STM32CubeCLT_1.21.0/GNU-tools-for-STM32/bin/../lib/gcc/arm-none-eabi/14.3.1/../../../../arm-none-eabi/lib/thumb/v7e-m+fp/hard\libg_nano.a(libc_a-nano-vfprintf.o)
                0x0800d030                _vfprintf_r
                0x0800d030                _vfiprintf_r
 .text._printf_common
                0x0800d258       0xda D:/ST/STM32CubeCLT_1.21.0/GNU-tools-for-STM32/bin/../lib/gcc/arm-none-eabi/14.3.1/../../../../arm-none-eabi/lib/thumb/v7e-m+fp/hard\libg_nano.a(libc_a-nano-vfprintf_i.o)
                0x0800d258                _printf_common
 *fill*         0x0800d332        0x2 
 .text._printf_i
                0x0800d334      0x24c D:/ST/STM32CubeCLT_1.21.0/GNU-tools-for-STM32/bin/../lib/gcc/arm-none-eabi/14.3.1/../../../../arm-none-eabi/lib/thumb/v7e-m+fp/hard\libg_nano.a(libc_a-nano-vfprintf_i.o)
                0x0800d334                _printf_i
 .text.__swbuf_r
                0x0800d580       0x7c D:/ST/STM32CubeCLT_1.21.0/GNU-tools-for-STM32/bin/../lib/gcc/arm-none-eabi/14.3.1/../../../../arm-none-eabi/lib/thumb/v7e-m+fp/hard\libg_nano.a(libc_a-wbuf.o)
                0x0800d580                __swbuf_r
 .text.__swsetup_r
                0x0800d5fc       0xa8 D:/ST/STM32CubeCLT_1.21.0/GNU-tools-for-STM32/bin/../lib/gcc/arm-none-eabi/14.3.1/../../../../arm-none-eabi/lib/thumb/v7e-m+fp/hard\libg_nano.a(libc_a-wsetup.o)
                0x0800d5fc                __swsetup_r
 .text._raise_r
                0x0800d6a4       0x50 D:/ST/STM32CubeCLT_1.21.0/GNU-tools-for-STM32/bin/../lib/gcc/arm-none-eabi/14.3.1/../../../../arm-none-eabi/lib/thumb/v7e-m+fp/hard\libg_nano.a(libc_a-signal.o)
                0x0800d6a4                _raise_r
 .text.raise    0x0800d6f4       0x10 D:/ST/STM32CubeCLT_1.21.0/GNU-tools-for-STM32/bin/../lib/gcc/arm-none-eabi/14.3.1/../../../../arm-none-eabi/lib/thumb/v7e-m+fp/hard\libg_nano.a(libc_a-signal.o)
                0x0800d6f4                raise
 .text._kill_r  0x0800d704       0x24 D:/ST/STM32CubeCLT_1.21.0/GNU-tools-for-STM32/bin/../lib/gcc/arm-none-eabi/14.3.1/../../../../arm-none-eabi/lib/thumb/v7e-m+fp/hard\libg_nano.a(libc_a-signalr.o)
                0x0800d704                _kill_r
 .text._getpid_r
                0x0800d728        0x4 D:/ST/STM32CubeCLT_1.21.0/GNU-tools-for-STM32/bin/../lib/gcc/arm-none-eabi/14.3.1/../../../../arm-none-eabi/lib/thumb/v7e-m+fp/hard\libg_nano.a(libc_a-signalr.o)
                0x0800d728                _getpid_r
 .text.__swhatbuf_r
                0x0800d72c       0x48 D:/ST/STM32CubeCLT_1.21.0/GNU-tools-for-STM32/bin/../lib/gcc/arm-none-eabi/14.3.1/../../../../arm-none-eabi/lib/thumb/v7e-m+fp/hard\libg_nano.a(libc_a-makebuf.o)
                0x0800d72c                __swhatbuf_r
 .text.__smakebuf_r
                0x0800d774       0x72 D:/ST/STM32CubeCLT_1.21.0/GNU-tools-for-STM32/bin/../lib/gcc/arm-none-eabi/14.3.1/../../../../arm-none-eabi/lib/thumb/v7e-m+fp/hard\libg_nano.a(libc_a-makebuf.o)
                0x0800d774                __smakebuf_r
 *fill*         0x0800d7e6        0x2 
 .text._fstat_r
                0x0800d7e8       0x24 D:/ST/STM32CubeCLT_1.21.0/GNU-tools-for-STM32/bin/../lib/gcc/arm-none-eabi/14.3.1/../../../../arm-none-eabi/lib/thumb/v7e-m+fp/hard\libg_nano.a(libc_a-fstatr.o)
                0x0800d7e8                _fstat_r
 .text._isatty_r
                0x0800d80c       0x20 D:/ST/STM32CubeCLT_1.21.0/GNU-tools-for-STM32/bin/../lib/gcc/arm-none-eabi/14.3.1/../../../../arm-none-eabi/lib/thumb/v7e-m+fp/hard\libg_nano.a(libc_a-isattyr.o)
                0x0800d80c                _isatty_r
 *(.glue_7)
 .glue_7        0x0800d82c        0x0 linker stubs
 *(.glue_7t)
 .glue_7t       0x0800d82c        0x0 linker stubs
 *(.eh_frame)
 .eh_frame      0x0800d82c        0x0 D:/ST/STM32CubeCLT_1.21.0/GNU-tools-for-STM32/bin/../lib/gcc/arm-none-eabi/14.3.1/thumb/v7e-m+fp/hard/crtbegin.o
 *(.init)
 .init          0x0800d82c        0x4 D:/ST/STM32CubeCLT_1.21.0/GNU-tools-for-STM32/bin/../lib/gcc/arm-none-eabi/14.3.1/thumb/v7e-m+fp/hard/crti.o
                0x0800d82c                _init
 .init          0x0800d830        0x8 D:/ST/STM32CubeCLT_1.21.0/GNU-tools-for-STM32/bin/../lib/gcc/arm-none-eabi/14.3.1/thumb/v7e-m+fp/hard/crtn.o
 *(.fini)
 .fini          0x0800d838        0x4 D:/ST/STM32CubeCLT_1.21.0/GNU-tools-for-STM32/bin/../lib/gcc/arm-none-eabi/14.3.1/thumb/v7e-m+fp/hard/crti.o
                0x0800d838                _fini
 .fini          0x0800d83c        0x8 D:/ST/STM32CubeCLT_1.21.0/GNU-tools-for-STM32/bin/../lib/gcc/arm-none-eabi/14.3.1/thumb/v7e-m+fp/hard/crtn.o
                0x0800d844                        . = ALIGN (0x4)
                0x0800d844                        _etext = .

.vfp11_veneer   0x0800d844        0x0
 .vfp11_veneer  0x0800d844        0x0 linker stubs

.v4_bx          0x0800d844        0x0
 .v4_bx         0x0800d844        0x0 linker stubs

.iplt           0x0800d844        0x0
 .iplt          0x0800d844        0x0 D:/ST/STM32CubeCLT_1.21.0/GNU-tools-for-STM32/bin/../lib/gcc/arm-none-eabi/14.3.1/thumb/v7e-m+fp/hard/crtbegin.o

.rodata         0x0800d844    0xafc68
                0x0800d844                        . = ALIGN (0x4)
 *(.rodata)
 .rodata        0x0800d844       0x15 CMakeFiles/STM32F407_Tetris.dir/Core/Src/app_rtc.c.obj
 *fill*         0x0800d859        0x3 
 .rodata        0x0800d85c      0x150 CMakeFiles/STM32F407_Tetris.dir/Core/Src/tetris.c.obj
 *(.rodata*)
 .rodata.AHBPrescTable
                0x0800d9ac       0x10 cmake/stm32cubemx/CMakeFiles/STM32_Drivers.dir/__/__/Core/Src/system_stm32f4xx.c.obj
                0x0800d9ac                AHBPrescTable
 .rodata.flagBitshiftOffset.0
                0x0800d9bc        0x8 cmake/stm32cubemx/CMakeFiles/STM32_Drivers.dir/__/__/Drivers/STM32F4xx_HAL_Driver/Src/stm32f4xx_hal_dma.c.obj
 .rodata.names.0
                0x0800d9c4       0x25 CMakeFiles/STM32F407_Tetris.dir/Core/Src/app_rtc.c.obj
 *fill*         0x0800d9e9        0x3 
 .rodata.korobeiniki_pcm
                0x0800d9ec    0xae1b8 CMakeFiles/STM32F407_Tetris.dir/Core/Src/korobeiniki_pcm.c.obj
                0x0800d9ec                korobeiniki_pcm
 .rodata.asc2_1206
                0x080bbba4      0x474 CMakeFiles/STM32F407_Tetris.dir/Core/Src/lcd.c.obj
                0x080bbba4                asc2_1206
 .rodata.asc2_1608
                0x080bc018      0x5f0 CMakeFiles/STM32F407_Tetris.dir/Core/Src/lcd.c.obj
                0x080bc018                asc2_1608
 .rodata.asc2_2412
                0x080bc608      0xd5c CMakeFiles/STM32F407_Tetris.dir/Core/Src/lcd.c.obj
                0x080bc608                asc2_2412
 .rodata.shapes
                0x080bd364       0x38 CMakeFiles/STM32F407_Tetris.dir/Core/Src/tetris.c.obj
                0x080bd364                shapes
 .rodata.COLOR_MAP
                0x080bd39c       0x10 CMakeFiles/STM32F407_Tetris.dir/Core/Src/tetris.c.obj
                0x080bd39c                COLOR_MAP
 .rodata.pts.11
                0x080bd3ac       0x14 CMakeFiles/STM32F407_Tetris.dir/Core/Src/tetris.c.obj
 .rodata.bar_c.6
                0x080bd3c0        0xc CMakeFiles/STM32F407_Tetris.dir/Core/Src/tetris.c.obj
 .rodata.srand.str1.1
                0x080bd3cc       0xde D:/ST/STM32CubeCLT_1.21.0/GNU-tools-for-STM32/bin/../lib/gcc/arm-none-eabi/14.3.1/../../../../arm-none-eabi/lib/thumb/v7e-m+fp/hard\libg_nano.a(libc_a-rand.o)
                                 0x6f (size before relaxing)
 .rodata.__assert_func.str1.1
                0x080bd4aa       0x3d D:/ST/STM32CubeCLT_1.21.0/GNU-tools-for-STM32/bin/../lib/gcc/arm-none-eabi/14.3.1/../../../../arm-none-eabi/lib/thumb/v7e-m+fp/hard\libg_nano.a(libc_a-assert.o)
 .rodata._vfprintf_r.str1.1
                0x080bd4aa       0x11 D:/ST/STM32CubeCLT_1.21.0/GNU-tools-for-STM32/bin/../lib/gcc/arm-none-eabi/14.3.1/../../../../arm-none-eabi/lib/thumb/v7e-m+fp/hard\libg_nano.a(libc_a-nano-vfprintf.o)
 .rodata._printf_i.str1.1
                0x080bd4aa       0x22 D:/ST/STM32CubeCLT_1.21.0/GNU-tools-for-STM32/bin/../lib/gcc/arm-none-eabi/14.3.1/../../../../arm-none-eabi/lib/thumb/v7e-m+fp/hard\libg_nano.a(libc_a-nano-vfprintf_i.o)
                0x080bd4e8                        . = ALIGN (0x4)
 *fill*         0x080bd4aa        0x2 

.ARM.extab      0x080bd4ac        0x0
                0x080bd4ac                        . = ALIGN (0x4)
 *(.ARM.extab* .gnu.linkonce.armextab.*)
                0x080bd4ac                        . = ALIGN (0x4)

.ARM            0x080bd4ac        0x8
                0x080bd4ac                        . = ALIGN (0x4)
                0x080bd4ac                        __exidx_start = .
 *(.ARM.exidx*)
 .ARM.exidx     0x080bd4ac        0x8 D:/ST/STM32CubeCLT_1.21.0/GNU-tools-for-STM32/bin/../lib/gcc/arm-none-eabi/14.3.1/thumb/v7e-m+fp/hard\libgcc.a(_udivmoddi4.o)
 .ARM.exidx     0x080bd4b4        0x0 D:/ST/STM32CubeCLT_1.21.0/GNU-tools-for-STM32/bin/../lib/gcc/arm-none-eabi/14.3.1/../../../../arm-none-eabi/lib/thumb/v7e-m+fp/hard\libg_nano.a(libc_a-memchr.o)
                                  0x8 (size before relaxing)
                0x080bd4b4                        __exidx_end = .
                0x080bd4b4                        . = ALIGN (0x4)

.preinit_array  0x080bd4b4        0x0
                0x080bd4b4                        . = ALIGN (0x4)
                0x080bd4b4                        PROVIDE (__preinit_array_start = .)
 *(.preinit_array*)
                0x080bd4b4                        PROVIDE (__preinit_array_end = .)
                0x080bd4b4                        . = ALIGN (0x4)

.init_array     0x080bd4b4        0x4
                0x080bd4b4                        . = ALIGN (0x4)
                0x080bd4b4                        PROVIDE (__init_array_start = .)
 *(SORT_BY_NAME(.init_array.*))
 *(.init_array*)
 .init_array    0x080bd4b4        0x4 D:/ST/STM32CubeCLT_1.21.0/GNU-tools-for-STM32/bin/../lib/gcc/arm-none-eabi/14.3.1/thumb/v7e-m+fp/hard/crtbegin.o
                0x080bd4b8                        PROVIDE (__init_array_end = .)
                0x080bd4b8                        . = ALIGN (0x4)

.fini_array     0x080bd4b8        0x4
                0x080bd4b8                        . = ALIGN (0x4)
                [!provide]                        PROVIDE (__fini_array_start = .)
 *(SORT_BY_NAME(.fini_array.*))
 *(.fini_array*)
 .fini_array    0x080bd4b8        0x4 D:/ST/STM32CubeCLT_1.21.0/GNU-tools-for-STM32/bin/../lib/gcc/arm-none-eabi/14.3.1/thumb/v7e-m+fp/hard/crtbegin.o
                [!provide]                        PROVIDE (__fini_array_end = .)
                0x080bd4bc                        . = ALIGN (0x4)
                0x080bd4bc                        _siccmram = LOADADDR (.ccmram)

.rel.dyn        0x080bd4bc        0x0
 .rel.iplt      0x080bd4bc        0x0 D:/ST/STM32CubeCLT_1.21.0/GNU-tools-for-STM32/bin/../lib/gcc/arm-none-eabi/14.3.1/thumb/v7e-m+fp/hard/crtbegin.o

.ccmram         0x10000000        0x0 load address 0x080bd4bc
                0x10000000                        . = ALIGN (0x4)
                0x10000000                        _sccmram = .
 *(.ccmram)
 *(.ccmram*)
                0x10000000                        . = ALIGN (0x4)
                0x10000000                        _eccmram = .
                0x080bd4bc                        _sidata = LOADADDR (.data)

.data           0x20000000       0x6c load address 0x080bd4bc
                0x20000000                        . = ALIGN (0x4)
                0x20000000                        _sdata = .
 *(.data)
 *(.data*)
 .data.SystemCoreClock
                0x20000000        0x4 cmake/stm32cubemx/CMakeFiles/STM32_Drivers.dir/__/__/Core/Src/system_stm32f4xx.c.obj
                0x20000000                SystemCoreClock
 .data.uwTickPrio
                0x20000004        0x4 cmake/stm32cubemx/CMakeFiles/STM32_Drivers.dir/__/__/Drivers/STM32F4xx_HAL_Driver/Src/stm32f4xx_hal.c.obj
                0x20000004                uwTickPrio
 .data.uwTickFreq
                0x20000008        0x1 cmake/stm32cubemx/CMakeFiles/STM32_Drivers.dir/__/__/Drivers/STM32F4xx_HAL_Driver/Src/stm32f4xx_hal.c.obj
                0x20000008                uwTickFreq
 .data.bgm_volume
                0x20000009        0x1 CMakeFiles/STM32F407_Tetris.dir/Core/Src/audio_bgm.c.obj
 .data.BACK_COLOR
                0x2000000a        0x2 CMakeFiles/STM32F407_Tetris.dir/Core/Src/lcd.c.obj
                0x2000000a                BACK_COLOR
 .data.menu_volume_drawn
                0x2000000c        0x1 CMakeFiles/STM32F407_Tetris.dir/Core/Src/tetris.c.obj
 *fill*         0x2000000d        0x3 
 .data.__sglue  0x20000010        0xc D:/ST/STM32CubeCLT_1.21.0/GNU-tools-for-STM32/bin/../lib/gcc/arm-none-eabi/14.3.1/../../../../arm-none-eabi/lib/thumb/v7e-m+fp/hard\libg_nano.a(libc_a-findfp.o)
                0x20000010                __sglue
 .data._impure_ptr
                0x2000001c        0x4 D:/ST/STM32CubeCLT_1.21.0/GNU-tools-for-STM32/bin/../lib/gcc/arm-none-eabi/14.3.1/../../../../arm-none-eabi/lib/thumb/v7e-m+fp/hard\libg_nano.a(libc_a-impure.o)
                0x2000001c                _impure_ptr
 .data._impure_data
                0x20000020       0x4c D:/ST/STM32CubeCLT_1.21.0/GNU-tools-for-STM32/bin/../lib/gcc/arm-none-eabi/14.3.1/../../../../arm-none-eabi/lib/thumb/v7e-m+fp/hard\libg_nano.a(libc_a-impure.o)
                0x20000020                _impure_data
 *(.RamFunc)
 *(.RamFunc*)
                0x2000006c                        . = ALIGN (0x4)

.igot.plt       0x2000006c        0x0 load address 0x080bd528
 .igot.plt      0x2000006c        0x0 D:/ST/STM32CubeCLT_1.21.0/GNU-tools-for-STM32/bin/../lib/gcc/arm-none-eabi/14.3.1/thumb/v7e-m+fp/hard/crtbegin.o

.tdata          0x2000006c        0x0 load address 0x080bd528
 *(.tdata .tdata.* .gnu.linkonce.td.*)
                0x2000006c                        . = ALIGN (0x4)
                0x2000006c                        _edata = .
                [!provide]                        PROVIDE (__data_end = .)
                [!provide]                        PROVIDE (__tdata_end = .)
                [!provide]                        PROVIDE (__tdata_start = ADDR (.tdata))
                [!provide]                        PROVIDE (__tdata_size = (__tdata_end - __tdata_start))
                [!provide]                        PROVIDE (__data_start = ADDR (.data))
                [!provide]                        PROVIDE (__data_size = (__data_end - __data_start))
                [!provide]                        PROVIDE (__tdata_source = LOADADDR (.tdata))
                [!provide]                        PROVIDE (__tdata_source_end = (LOADADDR (.tdata) + SIZEOF (.tdata)))
                [!provide]                        PROVIDE (__tdata_source_size = (__tdata_source_end - __tdata_source))
                [!provide]                        PROVIDE (__data_source = LOADADDR (.data))
                [!provide]                        PROVIDE (__data_source_end = __tdata_source_end)
                [!provide]                        PROVIDE (__data_source_size = (__data_source_end - __data_source))

.tbss           0x2000006c        0x0 load address 0x080bd528
                0x2000006c                        _sbss = .
                0x2000006c                        __bss_start__ = _sbss
 *(.tbss .tbss.*)
                0x2000006c                        . = ALIGN (0x4)
                [!provide]                        PROVIDE (__tbss_end = .)
                [!provide]                        PROVIDE (__tbss_start = ADDR (.tbss))
                [!provide]                        PROVIDE (__tbss_size = (__tbss_end - __tbss_start))
                [!provide]                        PROVIDE (__tbss_offset = (ADDR (.tbss) - ADDR (.tdata)))
                [!provide]                        PROVIDE (__tls_base = __tdata_start)
                [!provide]                        PROVIDE (__tls_end = __tbss_end)
                [!provide]                        PROVIDE (__tls_size = (__tls_end - __tls_base))
                [!provide]                        PROVIDE (__tls_align = MAX (ALIGNOF (.tdata), ALIGNOF (.tbss)))
                [!provide]                        PROVIDE (__tls_size_align = (((__tls_size + __tls_align) - 0x1) & ~ ((__tls_align - 0x1))))
                [!provide]                        PROVIDE (__arm32_tls_tcb_offset = MAX (0x8, __tls_align))
                [!provide]                        PROVIDE (__arm64_tls_tcb_offset = MAX (0x10, __tls_align))

.bss            0x2000006c      0xd34 load address 0x080bd528
 *(.bss)
 .bss           0x2000006c       0x1c D:/ST/STM32CubeCLT_1.21.0/GNU-tools-for-STM32/bin/../lib/gcc/arm-none-eabi/14.3.1/thumb/v7e-m+fp/hard/crtbegin.o
 *(.bss*)
 .bss.uwTick    0x20000088        0x4 cmake/stm32cubemx/CMakeFiles/STM32_Drivers.dir/__/__/Drivers/STM32F4xx_HAL_Driver/Src/stm32f4xx_hal.c.obj
                0x20000088                uwTick
 .bss.hsram1    0x2000008c       0x50 CMakeFiles/STM32F407_Tetris.dir/Core/Src/fsmc.c.obj
                0x2000008c                hsram1
 .bss.FSMC_Initialized
                0x200000dc        0x4 CMakeFiles/STM32F407_Tetris.dir/Core/Src/fsmc.c.obj
 .bss.htim1     0x200000e0       0x48 CMakeFiles/STM32F407_Tetris.dir/Core/Src/tim.c.obj
                0x200000e0                htim1
 .bss.htim3     0x20000128       0x48 CMakeFiles/STM32F407_Tetris.dir/Core/Src/tim.c.obj
                0x20000128                htim3
 .bss.ir_state  0x20000170        0x1 CMakeFiles/STM32F407_Tetris.dir/Core/Src/stm32f4xx_it.c.obj
                0x20000170                ir_state
 *fill*         0x20000171        0x3 
 .bss.ir_pulse_us
                0x20000174        0x4 CMakeFiles/STM32F407_Tetris.dir/Core/Src/stm32f4xx_it.c.obj
                0x20000174                ir_pulse_us
 .bss.ir_buf    0x20000178        0x4 CMakeFiles/STM32F407_Tetris.dir/Core/Src/stm32f4xx_it.c.obj
                0x20000178                ir_buf
 .bss.ir_bit_cnt
                0x2000017c        0x1 CMakeFiles/STM32F407_Tetris.dir/Core/Src/stm32f4xx_it.c.obj
                0x2000017c                ir_bit_cnt
 .bss.ir_ready  0x2000017d        0x1 CMakeFiles/STM32F407_Tetris.dir/Core/Src/stm32f4xx_it.c.obj
                0x2000017d                ir_ready
 *fill*         0x2000017e        0x2 
 .bss.ir_code   0x20000180        0x4 CMakeFiles/STM32F407_Tetris.dir/Core/Src/stm32f4xx_it.c.obj
                0x20000180                ir_code
 .bss.__sbrk_heap_end
                0x20000184        0x4 CMakeFiles/STM32F407_Tetris.dir/Core/Src/sysmem.c.obj
 .bss.hrtc      0x20000188       0x20 CMakeFiles/STM32F407_Tetris.dir/Core/Src/app_rtc.c.obj
                0x20000188                hrtc
 .bss.rtc_running
                0x200001a8        0x1 CMakeFiles/STM32F407_Tetris.dir/Core/Src/app_rtc.c.obj
 *fill*         0x200001a9        0x3 
 .bss.settings  0x200001ac       0xd4 CMakeFiles/STM32F407_Tetris.dir/Core/Src/app_settings.c.obj
 .bss.hi2s_bgm  0x20000280       0x48 CMakeFiles/STM32F407_Tetris.dir/Core/Src/audio_bgm.c.obj
                0x20000280                hi2s_bgm
 .bss.hdma_i2s_bgm_tx
                0x200002c8       0x60 CMakeFiles/STM32F407_Tetris.dir/Core/Src/audio_bgm.c.obj
                0x200002c8                hdma_i2s_bgm_tx
 .bss.audio_buffer
                0x20000328      0x800 CMakeFiles/STM32F407_Tetris.dir/Core/Src/audio_bgm.c.obj
 .bss.audio_running
                0x20000b28        0x1 CMakeFiles/STM32F407_Tetris.dir/Core/Src/audio_bgm.c.obj
 *fill*         0x20000b29        0x3 
 .bss.pcm_pos   0x20000b2c        0x4 CMakeFiles/STM32F407_Tetris.dir/Core/Src/audio_bgm.c.obj
 .bss.led_state
                0x20000b30        0x1 CMakeFiles/STM32F407_Tetris.dir/Core/Src/led_feedback.c.obj
 *fill*         0x20000b31        0x3 
 .bss.led_last_tick
                0x20000b34        0x4 CMakeFiles/STM32F407_Tetris.dir/Core/Src/led_feedback.c.obj
 .bss.line_flash_until
                0x20000b38        0x4 CMakeFiles/STM32F407_Tetris.dir/Core/Src/led_feedback.c.obj
 .bss.blink_phase
                0x20000b3c        0x1 CMakeFiles/STM32F407_Tetris.dir/Core/Src/led_feedback.c.obj
 *fill*         0x20000b3d        0x1 
 .bss.POINT_COLOR
                0x20000b3e        0x2 CMakeFiles/STM32F407_Tetris.dir/Core/Src/lcd.c.obj
                0x20000b3e                POINT_COLOR
 .bss.lcddev    0x20000b40        0xe CMakeFiles/STM32F407_Tetris.dir/Core/Src/lcd.c.obj
                0x20000b40                lcddev
 .bss.flash_id  0x20000b4e        0x2 CMakeFiles/STM32F407_Tetris.dir/Core/Src/spi_flash.c.obj
 .bss.board     0x20000b50       0xc8 CMakeFiles/STM32F407_Tetris.dir/Core/Src/tetris.c.obj
 .bss.piece_type
                0x20000c18        0x1 CMakeFiles/STM32F407_Tetris.dir/Core/Src/tetris.c.obj
 .bss.next_type
                0x20000c19        0x1 CMakeFiles/STM32F407_Tetris.dir/Core/Src/tetris.c.obj
 .bss.piece_rot
                0x20000c1a        0x1 CMakeFiles/STM32F407_Tetris.dir/Core/Src/tetris.c.obj
 .bss.piece_x   0x20000c1b        0x1 CMakeFiles/STM32F407_Tetris.dir/Core/Src/tetris.c.obj
 .bss.piece_y   0x20000c1c        0x1 CMakeFiles/STM32F407_Tetris.dir/Core/Src/tetris.c.obj
 *fill*         0x20000c1d        0x3 
 .bss.score     0x20000c20        0x4 CMakeFiles/STM32F407_Tetris.dir/Core/Src/tetris.c.obj
 .bss.lines_total
                0x20000c24        0x4 CMakeFiles/STM32F407_Tetris.dir/Core/Src/tetris.c.obj
 .bss.level     0x20000c28        0x4 CMakeFiles/STM32F407_Tetris.dir/Core/Src/tetris.c.obj
 .bss.fall_speed
                0x20000c2c        0x4 CMakeFiles/STM32F407_Tetris.dir/Core/Src/tetris.c.obj
 .bss.last_fall_tick
                0x20000c30        0x4 CMakeFiles/STM32F407_Tetris.dir/Core/Src/tetris.c.obj
 .bss.last_key_tick
                0x20000c34        0x4 CMakeFiles/STM32F407_Tetris.dir/Core/Src/tetris.c.obj
 .bss.game_state
                0x20000c38        0x1 CMakeFiles/STM32F407_Tetris.dir/Core/Src/tetris.c.obj
 .bss.ghost_y   0x20000c39        0x1 CMakeFiles/STM32F407_Tetris.dir/Core/Src/tetris.c.obj
 .bss.menu_history_visible
                0x20000c3a        0x1 CMakeFiles/STM32F407_Tetris.dir/Core/Src/tetris.c.obj
 .bss.menu_history_page
                0x20000c3b        0x1 CMakeFiles/STM32F407_Tetris.dir/Core/Src/tetris.c.obj
 .bss.game_start_tick
                0x20000c3c        0x4 CMakeFiles/STM32F407_Tetris.dir/Core/Src/tetris.c.obj
 .bss.game_start_time
                0x20000c40        0x8 CMakeFiles/STM32F407_Tetris.dir/Core/Src/tetris.c.obj
 .bss.k0_lock.10
                0x20000c48        0x1 CMakeFiles/STM32F407_Tetris.dir/Core/Src/tetris.c.obj
 .bss.k2_lock.9
                0x20000c49        0x1 CMakeFiles/STM32F407_Tetris.dir/Core/Src/tetris.c.obj
 .bss.k1_lock.8
                0x20000c4a        0x1 CMakeFiles/STM32F407_Tetris.dir/Core/Src/tetris.c.obj
 .bss.kup_lock.7
                0x20000c4b        0x1 CMakeFiles/STM32F407_Tetris.dir/Core/Src/tetris.c.obj
 .bss.history_lock.5
                0x20000c4c        0x1 CMakeFiles/STM32F407_Tetris.dir/Core/Src/tetris.c.obj
 .bss.menu_lock.4
                0x20000c4d        0x1 CMakeFiles/STM32F407_Tetris.dir/Core/Src/tetris.c.obj
 .bss.vol_down_lock.3
                0x20000c4e        0x1 CMakeFiles/STM32F407_Tetris.dir/Core/Src/tetris.c.obj
 .bss.vol_up_lock.2
                0x20000c4f        0x1 CMakeFiles/STM32F407_Tetris.dir/Core/Src/tetris.c.obj
 .bss.restart_lock.1
                0x20000c50        0x1 CMakeFiles/STM32F407_Tetris.dir/Core/Src/tetris.c.obj
 .bss.menu_back_lock.0
                0x20000c51        0x1 CMakeFiles/STM32F407_Tetris.dir/Core/Src/tetris.c.obj
 *fill*         0x20000c52        0x2 
 .bss.__sf      0x20000c54      0x138 D:/ST/STM32CubeCLT_1.21.0/GNU-tools-for-STM32/bin/../lib/gcc/arm-none-eabi/14.3.1/../../../../arm-none-eabi/lib/thumb/v7e-m+fp/hard\libg_nano.a(libc_a-findfp.o)
                0x20000c54                __sf
 .bss.__stdio_exit_handler
                0x20000d8c        0x4 D:/ST/STM32CubeCLT_1.21.0/GNU-tools-for-STM32/bin/../lib/gcc/arm-none-eabi/14.3.1/../../../../arm-none-eabi/lib/thumb/v7e-m+fp/hard\libg_nano.a(libc_a-findfp.o)
                0x20000d8c                __stdio_exit_handler
 .bss.errno     0x20000d90        0x4 D:/ST/STM32CubeCLT_1.21.0/GNU-tools-for-STM32/bin/../lib/gcc/arm-none-eabi/14.3.1/../../../../arm-none-eabi/lib/thumb/v7e-m+fp/hard\libg_nano.a(libc_a-reent.o)
                0x20000d90                errno
 .bss.__lock___malloc_recursive_mutex
                0x20000d94        0x1 D:/ST/STM32CubeCLT_1.21.0/GNU-tools-for-STM32/bin/../lib/gcc/arm-none-eabi/14.3.1/../../../../arm-none-eabi/lib/thumb/v7e-m+fp/hard\libg_nano.a(libc_a-lock.o)
                0x20000d94                __lock___malloc_recursive_mutex
 .bss.__lock___sfp_recursive_mutex
                0x20000d95        0x1 D:/ST/STM32CubeCLT_1.21.0/GNU-tools-for-STM32/bin/../lib/gcc/arm-none-eabi/14.3.1/../../../../arm-none-eabi/lib/thumb/v7e-m+fp/hard\libg_nano.a(libc_a-lock.o)
                0x20000d95                __lock___sfp_recursive_mutex
 *fill*         0x20000d96        0x2 
 .bss.__malloc_sbrk_start
                0x20000d98        0x4 D:/ST/STM32CubeCLT_1.21.0/GNU-tools-for-STM32/bin/../lib/gcc/arm-none-eabi/14.3.1/../../../../arm-none-eabi/lib/thumb/v7e-m+fp/hard\libg_nano.a(libc_a-mallocr.o)
                0x20000d98                __malloc_sbrk_start
 .bss.__malloc_free_list
                0x20000d9c        0x4 D:/ST/STM32CubeCLT_1.21.0/GNU-tools-for-STM32/bin/../lib/gcc/arm-none-eabi/14.3.1/../../../../arm-none-eabi/lib/thumb/v7e-m+fp/hard\libg_nano.a(libc_a-mallocr.o)
                0x20000d9c                __malloc_free_list
 *(COMMON)
                0x20000da0                        . = ALIGN (0x4)
                0x20000da0                        _ebss = .
                0x20000da0                        __bss_end__ = _ebss
                [!provide]                        PROVIDE (__bss_end = .)
                [!provide]                        PROVIDE (__non_tls_bss_start = ADDR (.bss))