Archive member included to satisfy reference by file (symbol)

D:/ST/STM32CubeCLT_1.21.0/GNU-tools-for-STM32/bin/../lib/gcc/arm-none-eabi/14.3.1/thumb/v7e-m+fp/hard\libgcc.a(_arm_muldf3.o)
                              CMakeFiles/STM32F407_Tetris.dir/Core/Src/lcd.c.obj (__aeabi_dmul)
D:/ST/STM32CubeCLT_1.21.0/GNU-tools-for-STM32/bin/../lib/gcc/arm-none-eabi/14.3.1/thumb/v7e-m+fp/hard\libgcc.a(_arm_addsubdf3.o)
                              CMakeFiles/STM32F407_Tetris.dir/Core/Src/lcd.c.obj (__aeabi_i2d)
D:/ST/STM32CubeCLT_1.21.0/GNU-tools-for-STM32/bin/../lib/gcc/arm-none-eabi/14.3.1/thumb/v7e-m+fp/hard\libgcc.a(_arm_fixunsdfsi.o)
                              CMakeFiles/STM32F407_Tetris.dir/Core/Src/lcd.c.obj (__aeabi_d2uiz)
D:/ST/STM32CubeCLT_1.21.0/GNU-tools-for-STM32/bin/../lib/gcc/arm-none-eabi/14.3.1/thumb/v7e-m+fp/hard\libgcc.a(_aeabi_uldivmod.o)
                              cmake/stm32cubemx/CMakeFiles/STM32_Drivers.dir/__/__/Drivers/STM32F4xx_HAL_Driver/Src/stm32f4xx_hal_rcc.c.obj (__aeabi_uldivmod)
D:/ST/STM32CubeCLT_1.21.0/GNU-tools-for-STM32/bin/../lib/gcc/arm-none-eabi/14.3.1/thumb/v7e-m+fp/hard\libgcc.a(_udivmoddi4.o)
                              D:/ST/STM32CubeCLT_1.21.0/GNU-tools-for-STM32/bin/../lib/gcc/arm-none-eabi/14.3.1/thumb/v7e-m+fp/hard\libgcc.a(_aeabi_uldivmod.o) (__udivmoddi4)
D:/ST/STM32CubeCLT_1.21.0/GNU-tools-for-STM32/bin/../lib/gcc/arm-none-eabi/14.3.1/thumb/v7e-m+fp/hard\libgcc.a(_dvmd_tls.o)
                              D:/ST/STM32CubeCLT_1.21.0/GNU-tools-for-STM32/bin/../lib/gcc/arm-none-eabi/14.3.1/thumb/v7e-m+fp/hard\libgcc.a(_aeabi_uldivmod.o) (__aeabi_ldiv0)
D:/ST/STM32CubeCLT_1.21.0/GNU-tools-for-STM32/bin/../lib/gcc/arm-none-eabi/14.3.1/../../../../arm-none-eabi/lib/thumb/v7e-m+fp/hard\libg_nano.a(libc_a-exit.o)
                              D:/ST/STM32CubeCLT_1.21.0/GNU-tools-for-STM32/bin/../lib/gcc/arm-none-eabi/14.3.1/../../../../arm-none-eabi/lib/thumb/v7e-m+fp/hard/crt0.o (exit)
D:/ST/STM32CubeCLT_1.21.0/GNU-tools-for-STM32/bin/../lib/gcc/arm-none-eabi/14.3.1/../../../../arm-none-eabi/lib/thumb/v7e-m+fp/hard\libg_nano.a(libc_a-rand.o)
                              CMakeFiles/STM32F407_Tetris.dir/Core/Src/tetris.c.obj (srand)
D:/ST/STM32CubeCLT_1.21.0/GNU-tools-for-STM32/bin/../lib/gcc/arm-none-eabi/14.3.1/../../../../arm-none-eabi/lib/thumb/v7e-m+fp/hard\libg_nano.a(libc_a-findfp.o)
                              D:/ST/STM32CubeCLT_1.21.0/GNU-tools-for-STM32/bin/../lib/gcc/arm-none-eabi/14.3.1/../../../../arm-none-eabi/lib/thumb/v7e-m+fp/hard\libg_nano.a(libc_a-exit.o) (__stdio_exit_handler)
D:/ST/STM32CubeCLT_1.21.0/GNU-tools-for-STM32/bin/../lib/gcc/arm-none-eabi/14.3.1/../../../../arm-none-eabi/lib/thumb/v7e-m+fp/hard\libg_nano.a(libc_a-fwalk.o)
                              D:/ST/STM32CubeCLT_1.21.0/GNU-tools-for-STM32/bin/../lib/gcc/arm-none-eabi/14.3.1/../../../../arm-none-eabi/lib/thumb/v7e-m+fp/hard\libg_nano.a(libc_a-findfp.o) (_fwalk_sglue)
D:/ST/STM32CubeCLT_1.21.0/GNU-tools-for-STM32/bin/../lib/gcc/arm-none-eabi/14.3.1/../../../../arm-none-eabi/lib/thumb/v7e-m+fp/hard\libg_nano.a(libc_a-stdio.o)
                              D:/ST/STM32CubeCLT_1.21.0/GNU-tools-for-STM32/bin/../lib/gcc/arm-none-eabi/14.3.1/../../../../arm-none-eabi/lib/thumb/v7e-m+fp/hard\libg_nano.a(libc_a-findfp.o) (__sread)
D:/ST/STM32CubeCLT_1.21.0/GNU-tools-for-STM32/bin/../lib/gcc/arm-none-eabi/14.3.1/../../../../arm-none-eabi/lib/thumb/v7e-m+fp/hard\libg_nano.a(libc_a-memset.o)
                              D:/ST/STM32CubeCLT_1.21.0/GNU-tools-for-STM32/bin/../lib/gcc/arm-none-eabi/14.3.1/../../../../arm-none-eabi/lib/thumb/v7e-m+fp/hard/crt0.o (memset)
D:/ST/STM32CubeCLT_1.21.0/GNU-tools-for-STM32/bin/../lib/gcc/arm-none-eabi/14.3.1/../../../../arm-none-eabi/lib/thumb/v7e-m+fp/hard\libg_nano.a(libc_a-closer.o)
                              D:/ST/STM32CubeCLT_1.21.0/GNU-tools-for-STM32/bin/../lib/gcc/arm-none-eabi/14.3.1/../../../../arm-none-eabi/lib/thumb/v7e-m+fp/hard\libg_nano.a(libc_a-stdio.o) (_close_r)
D:/ST/STM32CubeCLT_1.21.0/GNU-tools-for-STM32/bin/../lib/gcc/arm-none-eabi/14.3.1/../../../../arm-none-eabi/lib/thumb/v7e-m+fp/hard\libg_nano.a(libc_a-reent.o)
                              D:/ST/STM32CubeCLT_1.21.0/GNU-tools-for-STM32/bin/../lib/gcc/arm-none-eabi/14.3.1/../../../../arm-none-eabi/lib/thumb/v7e-m+fp/hard\libg_nano.a(libc_a-closer.o) (errno)
D:/ST/STM32CubeCLT_1.21.0/GNU-tools-for-STM32/bin/../lib/gcc/arm-none-eabi/14.3.1/../../../../arm-none-eabi/lib/thumb/v7e-m+fp/hard\libg_nano.a(libc_a-impure.o)
                              D:/ST/STM32CubeCLT_1.21.0/GNU-tools-for-STM32/bin/../lib/gcc/arm-none-eabi/14.3.1/../../../../arm-none-eabi/lib/thumb/v7e-m+fp/hard\libg_nano.a(libc_a-rand.o) (_impure_ptr)
D:/ST/STM32CubeCLT_1.21.0/GNU-tools-for-STM32/bin/../lib/gcc/arm-none-eabi/14.3.1/../../../../arm-none-eabi/lib/thumb/v7e-m+fp/hard\libg_nano.a(libc_a-lseekr.o)
[...]
Memory Configuration

Name             Origin             Length             Attributes
RAM              0x20000000         0x00020000         xrw
CCMRAM           0x10000000         0x00010000         xrw
FLASH            0x08000000         0x00100000         xr
*default*        0x00000000         0xffffffff

Linker script and memory map

LOAD D:/ST/STM32CubeCLT_1.21.0/GNU-tools-for-STM32/bin/../lib/gcc/arm-none-eabi/14.3.1/thumb/v7e-m+fp/hard/crti.o
LOAD D:/ST/STM32CubeCLT_1.21.0/GNU-tools-for-STM32/bin/../lib/gcc/arm-none-eabi/14.3.1/thumb/v7e-m+fp/hard/crtbegin.o
LOAD D:/ST/STM32CubeCLT_1.21.0/GNU-tools-for-STM32/bin/../lib/gcc/arm-none-eabi/14.3.1/../../../../arm-none-eabi/lib/thumb/v7e-m+fp/hard/crt0.o
LOAD cmake/stm32cubemx/CMakeFiles/STM32_Drivers.dir/__/__/Core/Src/system_stm32f4xx.c.obj
LOAD cmake/stm32cubemx/CMakeFiles/STM32_Drivers.dir/__/__/Drivers/STM32F4xx_HAL_Driver/Src/stm32f4xx_ll_fsmc.c.obj
LOAD cmake/stm32cubemx/CMakeFiles/STM32_Drivers.dir/__/__/Drivers/STM32F4xx_HAL_Driver/Src/stm32f4xx_hal_nor.c.obj
LOAD cmake/stm32cubemx/CMakeFiles/STM32_Drivers.dir/__/__/Drivers/STM32F4xx_HAL_Driver/Src/stm32f4xx_hal_sram.c.obj
LOAD cmake/stm32cubemx/CMakeFiles/STM32_Drivers.dir/__/__/Drivers/STM32F4xx_HAL_Driver/Src/stm32f4xx_hal_nand.c.obj
LOAD cmake/stm32cubemx/CMakeFiles/STM32_Drivers.dir/__/__/Drivers/STM32F4xx_HAL_Driver/Src/stm32f4xx_hal_pccard.c.obj
LOAD cmake/stm32cubemx/CMakeFiles/STM32_Drivers.dir/__/__/Drivers/STM32F4xx_HAL_Driver/Src/stm32f4xx_hal_rcc.c.obj
LOAD cmake/stm32cubemx/CMakeFiles/STM32_Drivers.dir/__/__/Drivers/STM32F4xx_HAL_Driver/Src/stm32f4xx_hal_rcc_ex.c.obj
LOAD cmake/stm32cubemx/CMakeFiles/STM32_Drivers.dir/__/__/Drivers/STM32F4xx_HAL_Driver/Src/stm32f4xx_hal_flash.c.obj
LOAD cmake/stm32cubemx/CMakeFiles/STM32_Drivers.dir/__/__/Drivers/STM32F4xx_HAL_Driver/Src/stm32f4xx_hal_flash_ex.c.obj
LOAD cmake/stm32cubemx/CMakeFiles/STM32_Drivers.dir/__/__/Drivers/STM32F4xx_HAL_Driver/Src/stm32f4xx_hal_flash_ramfunc.c.obj
LOAD cmake/stm32cubemx/CMakeFiles/STM32_Drivers.dir/__/__/Drivers/STM32F4xx_HAL_Driver/Src/stm32f4xx_hal_gpio.c.obj
LOAD cmake/stm32cubemx/CMakeFiles/STM32_Drivers.dir/__/__/Drivers/STM32F4xx_HAL_Driver/Src/stm32f4xx_hal_dma_ex.c.obj
LOAD cmake/stm32cubemx/CMakeFiles/STM32_Drivers.dir/__/__/Drivers/STM32F4xx_HAL_Driver/Src/stm32f4xx_hal_dma.c.obj
LOAD cmake/stm32cubemx/CMakeFiles/STM32_Drivers.dir/__/__/Drivers/STM32F4xx_HAL_Driver/Src/stm32f4xx_hal_pwr.c.obj
LOAD cmake/stm32cubemx/CMakeFiles/STM32_Drivers.dir/__/__/Drivers/STM32F4xx_HAL_Driver/Src/stm32f4xx_hal_pwr_ex.c.obj
LOAD cmake/stm32cubemx/CMakeFiles/STM32_Drivers.dir/__/__/Drivers/STM32F4xx_HAL_Driver/Src/stm32f4xx_hal_cortex.c.obj
LOAD cmake/stm32cubemx/CMakeFiles/STM32_Drivers.dir/__/__/Drivers/STM32F4xx_HAL_Driver/Src/stm32f4xx_hal.c.obj
LOAD cmake/stm32cubemx/CMakeFiles/STM32_Drivers.dir/__/__/Drivers/STM32F4xx_HAL_Driver/Src/stm32f4xx_hal_exti.c.obj
LOAD cmake/stm32cubemx/CMakeFiles/STM32_Drivers.dir/__/__/Drivers/STM32F4xx_HAL_Driver/Src/stm32f4xx_hal_tim.c.obj
LOAD cmake/stm32cubemx/CMakeFiles/STM32_Drivers.dir/__/__/Drivers/STM32F4xx_HAL_Driver/Src/stm32f4xx_hal_tim_ex.c.obj
LOAD CMakeFiles/STM32F407_Tetris.dir/Core/Src/main.c.obj
LOAD CMakeFiles/STM32F407_Tetris.dir/Core/Src/gpio.c.obj
LOAD CMakeFiles/STM32F407_Tetris.dir/Core/Src/fsmc.c.obj
LOAD CMakeFiles/STM32F407_Tetris.dir/Core/Src/tim.c.obj
LOAD CMakeFiles/STM32F407_Tetris.dir/Core/Src/stm32f4xx_it.c.obj
LOAD CMakeFiles/STM32F407_Tetris.dir/Core/Src/stm32f4xx_hal_msp.c.obj
LOAD CMakeFiles/STM32F407_Tetris.dir/Core/Src/sysmem.c.obj
LOAD CMakeFiles/STM32F407_Tetris.dir/Core/Src/syscalls.c.obj
LOAD CMakeFiles/STM32F407_Tetris.dir/startup_stm32f407xx.s.obj
LOAD CMakeFiles/STM32F407_Tetris.dir/Core/Src/lcd.c.obj
LOAD CMakeFiles/STM32F407_Tetris.dir/Core/Src/tetris.c.obj
LOAD D:/ST/STM32CubeCLT_1.21.0/GNU-tools-for-STM32/bin/../lib/gcc/arm-none-eabi/14.3.1/../../../../arm-none-eabi/lib/thumb/v7e-m+fp/hard\libm.a
START GROUP
LOAD D:/ST/STM32CubeCLT_1.21.0/GNU-tools-for-STM32/bin/../lib/gcc/arm-none-eabi/14.3.1/thumb/v7e-m+fp/hard\libgcc.a
LOAD D:/ST/STM32CubeCLT_1.21.0/GNU-tools-for-STM32/bin/../lib/gcc/arm-none-eabi/14.3.1/../../../../arm-none-eabi/lib/thumb/v7e-m+fp/hard\libg_nano.a
LOAD D:/ST/STM32CubeCLT_1.21.0/GNU-tools-for-STM32/bin/../lib/gcc/arm-none-eabi/14.3.1/../../../../arm-none-eabi/lib/thumb/v7e-m+fp/hard\libc_nano.a
END GROUP
START GROUP
LOAD D:/ST/STM32CubeCLT_1.21.0/GNU-tools-for-STM32/bin/../lib/gcc/arm-none-eabi/14.3.1/thumb/v7e-m+fp/hard\libgcc.a
LOAD D:/ST/STM32CubeCLT_1.21.0/GNU-tools-for-STM32/bin/../lib/gcc/arm-none-eabi/14.3.1/../../../../arm-none-eabi/lib/thumb/v7e-m+fp/hard\libc_nano.a
END GROUP
LOAD D:/ST/STM32CubeCLT_1.21.0/GNU-tools-for-STM32/bin/../lib/gcc/arm-none-eabi/14.3.1/thumb/v7e-m+fp/hard/crtend.o
LOAD D:/ST/STM32CubeCLT_1.21.0/GNU-tools-for-STM32/bin/../lib/gcc/arm-none-eabi/14.3.1/thumb/v7e-m+fp/hard/crtn.o
                0x20020000                        _estack = (ORIGIN (RAM) + LENGTH (RAM))
                0x2001fc00                        _sstack = (_estack - _Min_Stack_Size)
                0x00000200                        _Min_Heap_Size = 0x200
                0x00000400                        _Min_Stack_Size = 0x400

.isr_vector     0x08000000      0x188
                0x08000000                        . = ALIGN (0x4)
 *(.isr_vector)
 .isr_vector    0x08000000      0x188 CMakeFiles/STM32F407_Tetris.dir/startup_stm32f407xx.s.obj
                0x08000000                g_pfnVectors
                0x08000188                        . = ALIGN (0x4)

.text           0x08000190     0x9208
                0x08000190                        . = ALIGN (0x4)
 *(.text)
 .text          0x08000190       0x40 D:/ST/STM32CubeCLT_1.21.0/GNU-tools-for-STM32/bin/../lib/gcc/arm-none-eabi/14.3.1/thumb/v7e-m+fp/hard/crtbegin.o
 .text          0x080001d0      0x254 D:/ST/STM32CubeCLT_1.21.0/GNU-tools-for-STM32/bin/../lib/gcc/arm-none-eabi/14.3.1/thumb/v7e-m+fp/hard\libgcc.a(_arm_muldf3.o)
                0x080001d0                __muldf3
                0x080001d0                __aeabi_dmul
 .text          0x08000424      0x378 D:/ST/STM32CubeCLT_1.21.0/GNU-tools-for-STM32/bin/../lib/gcc/arm-none-eabi/14.3.1/thumb/v7e-m+fp/hard\libgcc.a(_arm_addsubdf3.o)
                0x08000424                __aeabi_drsub
                0x0800042c                __aeabi_dsub
                0x0800042c                __subdf3
                0x08000430                __aeabi_dadd
                0x08000430                __adddf3
                0x080006a8                __floatunsidf
                0x080006a8                __aeabi_ui2d
                0x080006c8                __floatsidf
                0x080006c8                __aeabi_i2d
                0x080006ec                __aeabi_f2d
                0x080006ec                __extendsfdf2
                0x08000730                __floatundidf
                0x08000730                __aeabi_ul2d
                0x08000740                __floatdidf
                0x08000740                __aeabi_l2d
 .text          0x0800079c       0x40 D:/ST/STM32CubeCLT_1.21.0/GNU-tools-for-STM32/bin/../lib/gcc/arm-none-eabi/14.3.1/thumb/v7e-m+fp/hard\libgcc.a(_arm_fixunsdfsi.o)
                0x0800079c                __aeabi_d2uiz
                0x0800079c                __fixunsdfsi
 .text          0x080007dc       0x30 D:/ST/STM32CubeCLT_1.21.0/GNU-tools-for-STM32/bin/../lib/gcc/arm-none-eabi/14.3.1/thumb/v7e-m+fp/hard\libgcc.a(_aeabi_uldivmod.o)
                0x080007dc                __aeabi_uldivmod
 .text          0x0800080c      0x2f8 D:/ST/STM32CubeCLT_1.21.0/GNU-tools-for-STM32/bin/../lib/gcc/arm-none-eabi/14.3.1/thumb/v7e-m+fp/hard\libgcc.a(_udivmoddi4.o)
                0x0800080c                __udivmoddi4
 .text          0x08000b04        0x4 D:/ST/STM32CubeCLT_1.21.0/GNU-tools-for-STM32/bin/../lib/gcc/arm-none-eabi/14.3.1/thumb/v7e-m+fp/hard\libgcc.a(_dvmd_tls.o)
                0x08000b04                __aeabi_idiv0
                0x08000b04                __aeabi_ldiv0
 *fill*         0x08000b08        0x8 
 .text          0x08000b10       0xa0 D:/ST/STM32CubeCLT_1.21.0/GNU-tools-for-STM32/bin/../lib/gcc/arm-none-eabi/14.3.1/../../../../arm-none-eabi/lib/thumb/v7e-m+fp/hard\libg_nano.a(libc_a-memchr.o)
                0x08000b10                memchr
 *(.text*)
 .text.SystemInit
                0x08000bb0       0x24 cmake/stm32cubemx/CMakeFiles/STM32_Drivers.dir/__/__/Core/Src/system_stm32f4xx.c.obj
                0x08000bb0                SystemInit
 .text.FSMC_NORSRAM_Init
                0x08000bd4       0xd4 cmake/stm32cubemx/CMakeFiles/STM32_Drivers.dir/__/__/Drivers/STM32F4xx_HAL_Driver/Src/stm32f4xx_ll_fsmc.c.obj
                0x08000bd4                FSMC_NORSRAM_Init
 .text.FSMC_NORSRAM_Timing_Init
                0x08000ca8       0x5c cmake/stm32cubemx/CMakeFiles/STM32_Drivers.dir/__/__/Drivers/STM32F4xx_HAL_Driver/Src/stm32f4xx_ll_fsmc.c.obj
                0x08000ca8                FSMC_NORSRAM_Timing_Init
 .text.FSMC_NORSRAM_Extended_Timing_Init
                0x08000d04       0x70 cmake/stm32cubemx/CMakeFiles/STM32_Drivers.dir/__/__/Drivers/STM32F4xx_HAL_Driver/Src/stm32f4xx_ll_fsmc.c.obj
                0x08000d04                FSMC_NORSRAM_Extended_Timing_Init
 .text.HAL_SRAM_Init
                0x08000d74       0x90 cmake/stm32cubemx/CMakeFiles/STM32_Drivers.dir/__/__/Drivers/STM32F4xx_HAL_Driver/Src/stm32f4xx_hal_sram.c.obj
                0x08000d74                HAL_SRAM_Init
 .text.HAL_RCC_OscConfig
                0x08000e04      0x4f0 cmake/stm32cubemx/CMakeFiles/STM32_Drivers.dir/__/__/Drivers/STM32F4xx_HAL_Driver/Src/stm32f4xx_hal_rcc.c.obj
                0x08000e04                HAL_RCC_OscConfig
 .text.HAL_RCC_ClockConfig
                0x080012f4      0x1cc cmake/stm32cubemx/CMakeFiles/STM32_Drivers.dir/__/__/Drivers/STM32F4xx_HAL_Driver/Src/stm32f4xx_hal_rcc.c.obj
                0x080012f4                HAL_RCC_ClockConfig
 .text.HAL_RCC_GetSysClockFreq
                0x080014c0      0x188 cmake/stm32cubemx/CMakeFiles/STM32_Drivers.dir/__/__/Drivers/STM32F4xx_HAL_Driver/Src/stm32f4xx_hal_rcc.c.obj
                0x080014c0                HAL_RCC_GetSysClockFreq
 .text.HAL_GPIO_Init
                0x08001648      0x338 cmake/stm32cubemx/CMakeFiles/STM32_Drivers.dir/__/__/Drivers/STM32F4xx_HAL_Driver/Src/stm32f4xx_hal_gpio.c.obj
                0x08001648                HAL_GPIO_Init
 .text.HAL_GPIO_ReadPin
                0x08001980       0x30 cmake/stm32cubemx/CMakeFiles/STM32_Drivers.dir/__/__/Drivers/STM32F4xx_HAL_Driver/Src/stm32f4xx_hal_gpio.c.obj
                0x08001980                HAL_GPIO_ReadPin
 .text.HAL_GPIO_WritePin
                0x080019b0       0x32 cmake/stm32cubemx/CMakeFiles/STM32_Drivers.dir/__/__/Drivers/STM32F4xx_HAL_Driver/Src/stm32f4xx_hal_gpio.c.obj
                0x080019b0                HAL_GPIO_WritePin
 *fill*         0x080019e2        0x2 
 .text.__NVIC_SetPriorityGrouping
                0x080019e4       0x48 cmake/stm32cubemx/CMakeFiles/STM32_Drivers.dir/__/__/Drivers/STM32F4xx_HAL_Driver/Src/stm32f4xx_hal_cortex.c.obj
 .text.__NVIC_GetPriorityGrouping
                0x08001a2c       0x1c cmake/stm32cubemx/CMakeFiles/STM32_Drivers.dir/__/__/Drivers/STM32F4xx_HAL_Driver/Src/stm32f4xx_hal_cortex.c.obj
 .text.__NVIC_EnableIRQ
                0x08001a48       0x3c cmake/stm32cubemx/CMakeFiles/STM32_Drivers.dir/__/__/Drivers/STM32F4xx_HAL_Driver/Src/stm32f4xx_hal_cortex.c.obj
 .text.__NVIC_SetPriority
                0x08001a84       0x54 cmake/stm32cubemx/CMakeFiles/STM32_Drivers.dir/__/__/Drivers/STM32F4xx_HAL_Driver/Src/stm32f4xx_hal_cortex.c.obj
 .text.NVIC_EncodePriority
                0x08001ad8       0x66 cmake/stm32cubemx/CMakeFiles/STM32_Drivers.dir/__/__/Drivers/STM32F4xx_HAL_Driver/Src/stm32f4xx_hal_cortex.c.obj
 *fill*         0x08001b3e        0x2 
 .text.SysTick_Config
                0x08001b40       0x44 cmake/stm32cubemx/CMakeFiles/STM32_Drivers.dir/__/__/Drivers/STM32F4xx_HAL_Driver/Src/stm32f4xx_hal_cortex.c.obj
 .text.HAL_NVIC_SetPriorityGrouping
                0x08001b84       0x16 cmake/stm32cubemx/CMakeFiles/STM32_Drivers.dir/__/__/Drivers/STM32F4xx_HAL_Driver/Src/stm32f4xx_hal_cortex.c.obj
                0x08001b84                HAL_NVIC_SetPriorityGrouping
 .text.HAL_NVIC_SetPriority
                0x08001b9a       0x38 cmake/stm32cubemx/CMakeFiles/STM32_Drivers.dir/__/__/Drivers/STM32F4xx_HAL_Driver/Src/stm32f4xx_hal_cortex.c.obj
                0x08001b9a                HAL_NVIC_SetPriority
 .text.HAL_NVIC_EnableIRQ
                0x08001bd2       0x1c cmake/stm32cubemx/CMakeFiles/STM32_Drivers.dir/__/__/Drivers/STM32F4xx_HAL_Driver/Src/stm32f4xx_hal_cortex.c.obj
                0x08001bd2                HAL_NVIC_EnableIRQ
 .text.HAL_SYSTICK_Config
                0x08001bee       0x18 cmake/stm32cubemx/CMakeFiles/STM32_Drivers.dir/__/__/Drivers/STM32F4xx_HAL_Driver/Src/stm32f4xx_hal_cortex.c.obj
                0x08001bee                HAL_SYSTICK_Config
 *fill*         0x08001c06        0x2 
 .text.HAL_Init
                0x08001c08       0x44 cmake/stm32cubemx/CMakeFiles/STM32_Drivers.dir/__/__/Drivers/STM32F4xx_HAL_Driver/Src/stm32f4xx_hal.c.obj
                0x08001c08                HAL_Init
 .text.HAL_InitTick
                0x08001c4c       0x60 cmake/stm32cubemx/CMakeFiles/STM32_Drivers.dir/__/__/Drivers/STM32F4xx_HAL_Driver/Src/stm32f4xx_hal.c.obj
                0x08001c4c                HAL_InitTick
 .text.HAL_IncTick
                0x08001cac       0x28 cmake/stm32cubemx/CMakeFiles/STM32_Drivers.dir/__/__/Drivers/STM32F4xx_HAL_Driver/Src/stm32f4xx_hal.c.obj
                0x08001cac                HAL_IncTick
 .text.HAL_GetTick
                0x08001cd4       0x18 cmake/stm32cubemx/CMakeFiles/STM32_Drivers.dir/__/__/Drivers/STM32F4xx_HAL_Driver/Src/stm32f4xx_hal.c.obj
                0x08001cd4                HAL_GetTick
 .text.HAL_Delay
                0x08001cec       0x48 cmake/stm32cubemx/CMakeFiles/STM32_Drivers.dir/__/__/Drivers/STM32F4xx_HAL_Driver/Src/stm32f4xx_hal.c.obj
                0x08001cec                HAL_Delay
 .text.HAL_TIM_Base_Init
                0x08001d34       0x9e cmake/stm32cubemx/CMakeFiles/STM32_Drivers.dir/__/__/Drivers/STM32F4xx_HAL_Driver/Src/stm32f4xx_hal_tim.c.obj
                0x08001d34                HAL_TIM_Base_Init
 *fill*         0x08001dd2        0x2 
 .text.HAL_TIM_Base_Start
                0x08001dd4       0xd0 cmake/stm32cubemx/CMakeFiles/STM32_Drivers.dir/__/__/Drivers/STM32F4xx_HAL_Driver/Src/stm32f4xx_hal_tim.c.obj
                0x08001dd4                HAL_TIM_Base_Start
 .text.HAL_TIM_IC_Init
                0x08001ea4       0x9e cmake/stm32cubemx/CMakeFiles/STM32_Drivers.dir/__/__/Drivers/STM32F4xx_HAL_Driver/Src/stm32f4xx_hal_tim.c.obj
                0x08001ea4                HAL_TIM_IC_Init
 .text.HAL_TIM_IC_MspInit
                0x08001f42       0x14 cmake/stm32cubemx/CMakeFiles/STM32_Drivers.dir/__/__/Drivers/STM32F4xx_HAL_Driver/Src/stm32f4xx_hal_tim.c.obj
                0x08001f42                HAL_TIM_IC_MspInit
 *fill*         0x08001f56        0x2 
 .text.HAL_TIM_IC_Start_IT
                0x08001f58      0x250 cmake/stm32cubemx/CMakeFiles/STM32_Drivers.dir/__/__/Drivers/STM32F4xx_HAL_Driver/Src/stm32f4xx_hal_tim.c.obj
                0x08001f58                HAL_TIM_IC_Start_IT
 .text.HAL_TIM_IRQHandler
                0x080021a8      0x1e0 cmake/stm32cubemx/CMakeFiles/STM32_Drivers.dir/__/__/Drivers/STM32F4xx_HAL_Driver/Src/stm32f4xx_hal_tim.c.obj
                0x080021a8                HAL_TIM_IRQHandler
 .text.HAL_TIM_IC_ConfigChannel
                0x08002388      0x138 cmake/stm32cubemx/CMakeFiles/STM32_Drivers.dir/__/__/Drivers/STM32F4xx_HAL_Driver/Src/stm32f4xx_hal_tim.c.obj
                0x08002388                HAL_TIM_IC_ConfigChannel
 .text.HAL_TIM_ConfigClockSource
                0x080024c0      0x18e cmake/stm32cubemx/CMakeFiles/STM32_Drivers.dir/__/__/Drivers/STM32F4xx_HAL_Driver/Src/stm32f4xx_hal_tim.c.obj
                0x080024c0                HAL_TIM_ConfigClockSource
 *fill*         0x0800264e        0x2 
 .text.HAL_TIM_ReadCapturedValue
                0x08002650       0x88 cmake/stm32cubemx/CMakeFiles/STM32_Drivers.dir/__/__/Drivers/STM32F4xx_HAL_Driver/Src/stm32f4xx_hal_tim.c.obj
                0x08002650                HAL_TIM_ReadCapturedValue
 .text.HAL_TIM_OC_DelayElapsedCallback
                0x080026d8       0x14 cmake/stm32cubemx/CMakeFiles/STM32_Drivers.dir/__/__/Drivers/STM32F4xx_HAL_Driver/Src/stm32f4xx_hal_tim.c.obj
                0x080026d8                HAL_TIM_OC_DelayElapsedCallback
 .text.HAL_TIM_PWM_PulseFinishedCallback
                0x080026ec       0x14 cmake/stm32cubemx/CMakeFiles/STM32_Drivers.dir/__/__/Drivers/STM32F4xx_HAL_Driver/Src/stm32f4xx_hal_tim.c.obj
                0x080026ec                HAL_TIM_PWM_PulseFinishedCallback
 .text.HAL_TIM_TriggerCallback
                0x08002700       0x14 cmake/stm32cubemx/CMakeFiles/STM32_Drivers.dir/__/__/Drivers/STM32F4xx_HAL_Driver/Src/stm32f4xx_hal_tim.c.obj
                0x08002700                HAL_TIM_TriggerCallback
 .text.TIM_Base_SetConfig
                0x08002714      0x14c cmake/stm32cubemx/CMakeFiles/STM32_Drivers.dir/__/__/Drivers/STM32F4xx_HAL_Driver/Src/stm32f4xx_hal_tim.c.obj
                0x08002714                TIM_Base_SetConfig
 .text.TIM_TI1_SetConfig
                0x08002860       0xe8 cmake/stm32cubemx/CMakeFiles/STM32_Drivers.dir/__/__/Drivers/STM32F4xx_HAL_Driver/Src/stm32f4xx_hal_tim.c.obj
                0x08002860                TIM_TI1_SetConfig
 .text.TIM_TI1_ConfigInputStage
                0x08002948       0x5e cmake/stm32cubemx/CMakeFiles/STM32_Drivers.dir/__/__/Drivers/STM32F4xx_HAL_Driver/Src/stm32f4xx_hal_tim.c.obj
 .text.TIM_TI2_SetConfig
                0x080029a6       0x7a cmake/stm32cubemx/CMakeFiles/STM32_Drivers.dir/__/__/Drivers/STM32F4xx_HAL_Driver/Src/stm32f4xx_hal_tim.c.obj
 .text.TIM_TI2_ConfigInputStage
                0x08002a20       0x60 cmake/stm32cubemx/CMakeFiles/STM32_Drivers.dir/__/__/Drivers/STM32F4xx_HAL_Driver/Src/stm32f4xx_hal_tim.c.obj
 .text.TIM_TI3_SetConfig
                0x08002a80       0x78 cmake/stm32cubemx/CMakeFiles/STM32_Drivers.dir/__/__/Drivers/STM32F4xx_HAL_Driver/Src/stm32f4xx_hal_tim.c.obj
 .text.TIM_TI4_SetConfig
                0x08002af8       0x7a cmake/stm32cubemx/CMakeFiles/STM32_Drivers.dir/__/__/Drivers/STM32F4xx_HAL_Driver/Src/stm32f4xx_hal_tim.c.obj
 .text.TIM_ITRx_SetConfig
                0x08002b72       0x36 cmake/stm32cubemx/CMakeFiles/STM32_Drivers.dir/__/__/Drivers/STM32F4xx_HAL_Driver/Src/stm32f4xx_hal_tim.c.obj
 .text.TIM_ETR_SetConfig
                0x08002ba8       0x40 cmake/stm32cubemx/CMakeFiles/STM32_Drivers.dir/__/__/Drivers/STM32F4xx_HAL_Driver/Src/stm32f4xx_hal_tim.c.obj
                0x08002ba8                TIM_ETR_SetConfig
 .text.TIM_CCxChannelCmd
                0x08002be8       0x4a cmake/stm32cubemx/CMakeFiles/STM32_Drivers.dir/__/__/Drivers/STM32F4xx_HAL_Driver/Src/stm32f4xx_hal_tim.c.obj
                0x08002be8                TIM_CCxChannelCmd
 *fill*         0x08002c32        0x2 
 .text.HAL_TIMEx_MasterConfigSynchronization
                0x08002c34       0xf8 cmake/stm32cubemx/CMakeFiles/STM32_Drivers.dir/__/__/Drivers/STM32F4xx_HAL_Driver/Src/stm32f4xx_hal_tim_ex.c.obj
                0x08002c34                HAL_TIMEx_MasterConfigSynchronization
 .text.HAL_TIMEx_CommutCallback
                0x08002d2c       0x14 cmake/stm32cubemx/CMakeFiles/STM32_Drivers.dir/__/__/Drivers/STM32F4xx_HAL_Driver/Src/stm32f4xx_hal_tim_ex.c.obj
                0x08002d2c                HAL_TIMEx_CommutCallback
 .text.HAL_TIMEx_BreakCallback
                0x08002d40       0x14 cmake/stm32cubemx/CMakeFiles/STM32_Drivers.dir/__/__/Drivers/STM32F4xx_HAL_Driver/Src/stm32f4xx_hal_tim_ex.c.obj
                0x08002d40                HAL_TIMEx_BreakCallback
 .text.main     0x08002d54       0x4c CMakeFiles/STM32F407_Tetris.dir/Core/Src/main.c.obj
                0x08002d54                main
 .text.SystemClock_Config
                0x08002da0       0xd4 CMakeFiles/STM32F407_Tetris.dir/Core/Src/main.c.obj
                0x08002da0                SystemClock_Config
 .text.Error_Handler
                0x08002e74        0xc CMakeFiles/STM32F407_Tetris.dir/Core/Src/main.c.obj
                0x08002e74                Error_Handler
 .text.MX_GPIO_Init
                0x08002e80      0x17c CMakeFiles/STM32F407_Tetris.dir/Core/Src/gpio.c.obj
                0x08002e80                MX_GPIO_Init
 .text.MX_FSMC_Init
                0x08002ffc       0xf4 CMakeFiles/STM32F407_Tetris.dir/Core/Src/fsmc.c.obj
                0x08002ffc                MX_FSMC_Init
 .text.HAL_FSMC_MspInit
                0x080030f0       0xe0 CMakeFiles/STM32F407_Tetris.dir/Core/Src/fsmc.c.obj
 .text.HAL_SRAM_MspInit
                0x080031d0       0x14 CMakeFiles/STM32F407_Tetris.dir/Core/Src/fsmc.c.obj
                0x080031d0                HAL_SRAM_MspInit
 .text.MX_TIM1_Init
                0x080031e4       0xe8 CMakeFiles/STM32F407_Tetris.dir/Core/Src/tim.c.obj
                0x080031e4                MX_TIM1_Init
 .text.MX_TIM3_Init
                0x080032cc       0x9c CMakeFiles/STM32F407_Tetris.dir/Core/Src/tim.c.obj
                0x080032cc                MX_TIM3_Init
 .text.HAL_TIM_Base_MspInit
                0x08003368       0xec CMakeFiles/STM32F407_Tetris.dir/Core/Src/tim.c.obj
                0x08003368                HAL_TIM_Base_MspInit
 .text.NMI_Handler
                0x08003454        0x8 CMakeFiles/STM32F407_Tetris.dir/Core/Src/stm32f4xx_it.c.obj
                0x08003454                NMI_Handler
 .text.HardFault_Handler
                0x0800345c        0x8 CMakeFiles/STM32F407_Tetris.dir/Core/Src/stm32f4xx_it.c.obj
                0x0800345c                HardFault_Handler
 .text.MemManage_Handler
                0x08003464        0x8 CMakeFiles/STM32F407_Tetris.dir/Core/Src/stm32f4xx_it.c.obj
                0x08003464                MemManage_Handler
 .text.BusFault_Handler
                0x0800346c        0x8 CMakeFiles/STM32F407_Tetris.dir/Core/Src/stm32f4xx_it.c.obj
                0x0800346c                BusFault_Handler
 .text.UsageFault_Handler
                0x08003474        0x8 CMakeFiles/STM32F407_Tetris.dir/Core/Src/stm32f4xx_it.c.obj
                0x08003474                UsageFault_Handler
 .text.SVC_Handler
                0x0800347c        0xe CMakeFiles/STM32F407_Tetris.dir/Core/Src/stm32f4xx_it.c.obj
                0x0800347c                SVC_Handler
 .text.DebugMon_Handler
                0x0800348a        0xe CMakeFiles/STM32F407_Tetris.dir/Core/Src/stm32f4xx_it.c.obj
                0x0800348a                DebugMon_Handler
 .text.PendSV_Handler
                0x08003498        0xe CMakeFiles/STM32F407_Tetris.dir/Core/Src/stm32f4xx_it.c.obj
                0x08003498                PendSV_Handler
 .text.SysTick_Handler
                0x080034a6        0xc CMakeFiles/STM32F407_Tetris.dir/Core/Src/stm32f4xx_it.c.obj
                0x080034a6                SysTick_Handler
 *fill*         0x080034b2        0x2 
 .text.TIM1_UP_TIM10_IRQHandler
                0x080034b4       0x14 CMakeFiles/STM32F407_Tetris.dir/Core/Src/stm32f4xx_it.c.obj
                0x080034b4                TIM1_UP_TIM10_IRQHandler
 .text.TIM1_CC_IRQHandler
                0x080034c8       0x14 CMakeFiles/STM32F407_Tetris.dir/Core/Src/stm32f4xx_it.c.obj
                0x080034c8                TIM1_CC_IRQHandler
 .text.TIM3_IRQHandler
                0x080034dc       0x14 CMakeFiles/STM32F407_Tetris.dir/Core/Src/stm32f4xx_it.c.obj
                0x080034dc                TIM3_IRQHandler
 .text.HAL_TIM_IC_CaptureCallback
                0x080034f0      0x150 CMakeFiles/STM32F407_Tetris.dir/Core/Src/stm32f4xx_it.c.obj
                0x080034f0                HAL_TIM_IC_CaptureCallback
 .text.HAL_TIM_PeriodElapsedCallback
                0x08003640       0x48 CMakeFiles/STM32F407_Tetris.dir/Core/Src/stm32f4xx_it.c.obj
                0x08003640                HAL_TIM_PeriodElapsedCallback
 .text.HAL_MspInit
                0x08003688       0x50 CMakeFiles/STM32F407_Tetris.dir/Core/Src/stm32f4xx_hal_msp.c.obj
                0x08003688                HAL_MspInit
 .text._sbrk    0x080036d8       0x6c CMakeFiles/STM32F407_Tetris.dir/Core/Src/sysmem.c.obj
                0x080036d8                _sbrk
 .text._getpid  0x08003744       0x10 CMakeFiles/STM32F407_Tetris.dir/Core/Src/syscalls.c.obj
                0x08003744                _getpid
 .text._kill    0x08003754       0x20 CMakeFiles/STM32F407_Tetris.dir/Core/Src/syscalls.c.obj
                0x08003754                _kill
 .text._exit    0x08003774       0x16 CMakeFiles/STM32F407_Tetris.dir/Core/Src/syscalls.c.obj
                0x08003774                _exit
 .text._read    0x0800378a       0x3a CMakeFiles/STM32F407_Tetris.dir/Core/Src/syscalls.c.obj
                0x0800378a                _read
 .text._write   0x080037c4       0x38 CMakeFiles/STM32F407_Tetris.dir/Core/Src/syscalls.c.obj
                0x080037c4                _write
 .text._close   0x080037fc       0x18 CMakeFiles/STM32F407_Tetris.dir/Core/Src/syscalls.c.obj
                0x080037fc                _close
 .text._fstat   0x08003814       0x20 CMakeFiles/STM32F407_Tetris.dir/Core/Src/syscalls.c.obj
                0x08003814                _fstat
 .text._isatty  0x08003834       0x16 CMakeFiles/STM32F407_Tetris.dir/Core/Src/syscalls.c.obj
                0x08003834                _isatty
 .text._lseek   0x0800384a       0x1a CMakeFiles/STM32F407_Tetris.dir/Core/Src/syscalls.c.obj
                0x0800384a                _lseek
 .text.Reset_Handler
                0x08003864       0x50 CMakeFiles/STM32F407_Tetris.dir/startup_stm32f407xx.s.obj
                0x08003864                Reset_Handler
 .text.Default_Handler
                0x080038b4        0x2 CMakeFiles/STM32F407_Tetris.dir/startup_stm32f407xx.s.obj
                0x080038b4                RTC_Alarm_IRQHandler
                0x080038b4                HASH_RNG_IRQHandler
                0x080038b4                EXTI2_IRQHandler
                0x080038b4                TIM8_CC_IRQHandler
                0x080038b4                DMA2_Stream5_IRQHandler
                0x080038b4                DMA1_Stream5_IRQHandler
                0x080038b4                PVD_IRQHandler
                0x080038b4                SDIO_IRQHandler
                0x080038b4                TAMP_STAMP_IRQHandler
                0x080038b4                CAN2_RX1_IRQHandler
                0x080038b4                EXTI3_IRQHandler
                0x080038b4                TIM8_TRG_COM_TIM14_IRQHandler
                0x080038b4                TIM8_UP_TIM13_IRQHandler
                0x080038b4                I2C3_ER_IRQHandler
                0x080038b4                EXTI0_IRQHandler
                0x080038b4                I2C2_EV_IRQHandler
                0x080038b4                DMA1_Stream2_IRQHandler
                0x080038b4                CAN1_RX0_IRQHandler
                0x080038b4                FPU_IRQHandler
                0x080038b4                OTG_HS_WKUP_IRQHandler
                0x080038b4                CAN2_SCE_IRQHandler
                0x080038b4                DMA2_Stream2_IRQHandler
                0x080038b4                SPI1_IRQHandler
                0x080038b4                TIM6_DAC_IRQHandler
                0x080038b4                TIM1_BRK_TIM9_IRQHandler
                0x080038b4                DCMI_IRQHandler
                0x080038b4                CAN2_RX0_IRQHandler
                0x080038b4                DMA2_Stream3_IRQHandler
                0x080038b4                USART6_IRQHandler
                0x080038b4                USART3_IRQHandler
                0x080038b4                CAN1_RX1_IRQHandler
                0x080038b4                UART5_IRQHandler
                0x080038b4                DMA2_Stream0_IRQHandler
                0x080038b4                TIM4_IRQHandler
                0x080038b4                I2C1_EV_IRQHandler
                0x080038b4                DMA1_Stream6_IRQHandler
                0x080038b4                DMA1_Stream1_IRQHandler
                0x080038b4                UART4_IRQHandler
                0x080038b4                RCC_IRQHandler
                0x080038b4                TIM8_BRK_TIM12_IRQHandler
                0x080038b4                Default_Handler
                0x080038b4                EXTI15_10_IRQHandler
                0x080038b4                ADC_IRQHandler
                0x080038b4                DMA1_Stream7_IRQHandler
                0x080038b4                TIM7_IRQHandler
                0x080038b4                CAN2_TX_IRQHandler
                0x080038b4                TIM5_IRQHandler
                0x080038b4                DMA2_Stream7_IRQHandler
                0x080038b4                I2C3_EV_IRQHandler
                0x080038b4                EXTI9_5_IRQHandler
                0x080038b4                RTC_WKUP_IRQHandler
                0x080038b4                ETH_WKUP_IRQHandler
                0x080038b4                SPI2_IRQHandler
                0x080038b4                OTG_HS_EP1_IN_IRQHandler
                0x080038b4                DMA1_Stream0_IRQHandler
                0x080038b4                CAN1_TX_IRQHandler
                0x080038b4                EXTI4_IRQHandler
                0x080038b4                FSMC_IRQHandler
                0x080038b4                ETH_IRQHandler
                0x080038b4                OTG_HS_EP1_OUT_IRQHandler
                0x080038b4                WWDG_IRQHandler
                0x080038b4                TIM2_IRQHandler
                0x080038b4                OTG_FS_WKUP_IRQHandler
                0x080038b4                TIM1_TRG_COM_TIM11_IRQHandler
                0x080038b4                OTG_HS_IRQHandler
                0x080038b4                EXTI1_IRQHandler
                0x080038b4                USART2_IRQHandler
                0x080038b4                I2C2_ER_IRQHandler
                0x080038b4                DMA2_Stream1_IRQHandler
                0x080038b4                CAN1_SCE_IRQHandler
                0x080038b4                FLASH_IRQHandler
                0x080038b4                DMA2_Stream4_IRQHandler
                0x080038b4                USART1_IRQHandler
                0x080038b4                OTG_FS_IRQHandler
                0x080038b4                SPI3_IRQHandler
                0x080038b4                DMA1_Stream4_IRQHandler
                0x080038b4                I2C1_ER_IRQHandler
                0x080038b4                DMA2_Stream6_IRQHandler
                0x080038b4                DMA1_Stream3_IRQHandler
 *fill*         0x080038b6        0x2 
 .text.LCD_WR_REG
                0x080038b8       0x28 CMakeFiles/STM32F407_Tetris.dir/Core/Src/lcd.c.obj
                0x080038b8                LCD_WR_REG
 .text.LCD_WR_DATA
                0x080038e0       0x28 CMakeFiles/STM32F407_Tetris.dir/Core/Src/lcd.c.obj
                0x080038e0                LCD_WR_DATA
 .text.LCD_RD_DATA
                0x08003908       0x24 CMakeFiles/STM32F407_Tetris.dir/Core/Src/lcd.c.obj
                0x08003908                LCD_RD_DATA
 .text.LCD_WriteReg
                0x0800392c       0x2c CMakeFiles/STM32F407_Tetris.dir/Core/Src/lcd.c.obj
                0x0800392c                LCD_WriteReg
 .text.LCD_WriteRAM_Prepare
                0x08003958       0x20 CMakeFiles/STM32F407_Tetris.dir/Core/Src/lcd.c.obj
                0x08003958                LCD_WriteRAM_Prepare
 .text.LCD_SetCursor
                0x08003978      0x1ac CMakeFiles/STM32F407_Tetris.dir/Core/Src/lcd.c.obj
                0x08003978                LCD_SetCursor
 .text.LCD_Scan_Dir
                0x08003b24      0x2f8 CMakeFiles/STM32F407_Tetris.dir/Core/Src/lcd.c.obj
                0x08003b24                LCD_Scan_Dir
 .text.LCD_DrawPoint
                0x08003e1c       0x38 CMakeFiles/STM32F407_Tetris.dir/Core/Src/lcd.c.obj
                0x08003e1c                LCD_DrawPoint
 .text.LCD_Fast_DrawPoint
                0x08003e54      0x17c CMakeFiles/STM32F407_Tetris.dir/Core/Src/lcd.c.obj
                0x08003e54                LCD_Fast_DrawPoint
 .text.LCD_SSD_BackLightSet
                0x08003fd0       0x68 CMakeFiles/STM32F407_Tetris.dir/Core/Src/lcd.c.obj
                0x08003fd0                LCD_SSD_BackLightSet
 .text.LCD_Display_Dir
                0x08004038      0x170 CMakeFiles/STM32F407_Tetris.dir/Core/Src/lcd.c.obj
                0x08004038                LCD_Display_Dir
 .text.LCD_Init
                0x080041a8     0x2654 CMakeFiles/STM32F407_Tetris.dir/Core/Src/lcd.c.obj
                0x080041a8                LCD_Init
 .text.LCD_Clear
                0x080067fc       0x5c CMakeFiles/STM32F407_Tetris.dir/Core/Src/lcd.c.obj
                0x080067fc                LCD_Clear
 .text.LCD_Fill
                0x08006858       0x7c CMakeFiles/STM32F407_Tetris.dir/Core/Src/lcd.c.obj
                0x08006858                LCD_Fill
 .text.LCD_DrawLine
                0x080068d4      0x108 CMakeFiles/STM32F407_Tetris.dir/Core/Src/lcd.c.obj
                0x080068d4                LCD_DrawLine
 .text.LCD_DrawRectangle
                0x080069dc       0x56 CMakeFiles/STM32F407_Tetris.dir/Core/Src/lcd.c.obj
                0x080069dc                LCD_DrawRectangle
 *fill*         0x08006a32        0x2 
 .text.LCD_ShowChar
                0x08006a34      0x15c CMakeFiles/STM32F407_Tetris.dir/Core/Src/lcd.c.obj
                0x08006a34                LCD_ShowChar
 .text.LCD_Pow  0x08006b90       0x38 CMakeFiles/STM32F407_Tetris.dir/Core/Src/lcd.c.obj
                0x08006b90                LCD_Pow
 .text.LCD_ShowxNum
                0x08006bc8      0x138 CMakeFiles/STM32F407_Tetris.dir/Core/Src/lcd.c.obj
                0x08006bc8                LCD_ShowxNum
 .text.LCD_ShowString
                0x08006d00       0x9a CMakeFiles/STM32F407_Tetris.dir/Core/Src/lcd.c.obj
                0x08006d00                LCD_ShowString
 *fill*         0x08006d9a        0x2 
 .text.shape_word
                0x08006d9c       0x28 CMakeFiles/STM32F407_Tetris.dir/Core/Src/tetris.c.obj
 .text.cell_set
                0x08006dc4       0x32 CMakeFiles/STM32F407_Tetris.dir/Core/Src/tetris.c.obj
 *fill*         0x08006df6        0x2 
 .text.draw_block
                0x08006df8       0xcc CMakeFiles/STM32F407_Tetris.dir/Core/Src/tetris.c.obj
 .text.draw_next_block
                0x08006ec4       0x74 CMakeFiles/STM32F407_Tetris.dir/Core/Src/tetris.c.obj
 .text.draw_board_full
                0x08006f38       0x5c CMakeFiles/STM32F407_Tetris.dir/Core/Src/tetris.c.obj
 .text.erase_piece
                0x08006f94       0xbc CMakeFiles/STM32F407_Tetris.dir/Core/Src/tetris.c.obj
 .text.draw_piece
                0x08007050       0xb0 CMakeFiles/STM32F407_Tetris.dir/Core/Src/tetris.c.obj
 .text.draw_next_piece
                0x08007100       0x80 CMakeFiles/STM32F407_Tetris.dir/Core/Src/tetris.c.obj
 .text.draw_score_panel
                0x08007180       0x7c CMakeFiles/STM32F407_Tetris.dir/Core/Src/tetris.c.obj
 .text.check_hit
                0x080071fc       0xa4 CMakeFiles/STM32F407_Tetris.dir/Core/Src/tetris.c.obj
 .text.merge_piece
                0x080072a0       0xbc CMakeFiles/STM32F407_Tetris.dir/Core/Src/tetris.c.obj
 .text.rightmost_col
                0x0800735c       0x4e CMakeFiles/STM32F407_Tetris.dir/Core/Src/tetris.c.obj
 *fill*         0x080073aa        0x2 
 .text.remove_lines
                0x080073ac      0x124 CMakeFiles/STM32F407_Tetris.dir/Core/Src/tetris.c.obj
 .text.new_piece
                0x080074d0       0x90 CMakeFiles/STM32F407_Tetris.dir/Core/Src/tetris.c.obj
 .text.beep_short
                0x08007560       0x2c CMakeFiles/STM32F407_Tetris.dir/Core/Src/tetris.c.obj
 .text.game_key_handler
                0x0800758c      0x29c CMakeFiles/STM32F407_Tetris.dir/Core/Src/tetris.c.obj
 .text.show_game_over
                0x08007828      0x114 CMakeFiles/STM32F407_Tetris.dir/Core/Src/tetris.c.obj
 .text.draw_static_ui
                0x0800793c      0x1ac CMakeFiles/STM32F407_Tetris.dir/Core/Src/tetris.c.obj
 .text.ir_read_key
                0x08007ae8       0x48 CMakeFiles/STM32F407_Tetris.dir/Core/Src/tetris.c.obj
 .text.ir_do_action
                0x08007b30      0x23c CMakeFiles/STM32F407_Tetris.dir/Core/Src/tetris.c.obj
 .text.draw_start_screen
                0x08007d6c      0x178 CMakeFiles/STM32F407_Tetris.dir/Core/Src/tetris.c.obj
 .text.calc_ghost_y
                0x08007ee4       0x54 CMakeFiles/STM32F407_Tetris.dir/Core/Src/tetris.c.obj
 .text.erase_ghost
                0x08007f38       0xbc CMakeFiles/STM32F407_Tetris.dir/Core/Src/tetris.c.obj
 .text.draw_ghost
                0x08007ff4      0x110 CMakeFiles/STM32F407_Tetris.dir/Core/Src/tetris.c.obj
 .text.start_new_game
                0x08008104       0xb0 CMakeFiles/STM32F407_Tetris.dir/Core/Src/tetris.c.obj
 .text.tetris_init
                0x080081b4       0x28 CMakeFiles/STM32F407_Tetris.dir/Core/Src/tetris.c.obj
                0x080081b4                tetris_init
 .text.tetris_loop
                0x080081dc      0x178 CMakeFiles/STM32F407_Tetris.dir/Core/Src/tetris.c.obj
                0x080081dc                tetris_loop
 .text.srand    0x08008354       0x5c D:/ST/STM32CubeCLT_1.21.0/GNU-tools-for-STM32/bin/../lib/gcc/arm-none-eabi/14.3.1/../../../../arm-none-eabi/lib/thumb/v7e-m+fp/hard\libg_nano.a(libc_a-rand.o)
                0x08008354                srand
 .text.rand     0x080083b0       0x7c D:/ST/STM32CubeCLT_1.21.0/GNU-tools-for-STM32/bin/../lib/gcc/arm-none-eabi/14.3.1/../../../../arm-none-eabi/lib/thumb/v7e-m+fp/hard\libg_nano.a(libc_a-rand.o)
                0x080083b0                rand
 .text.std      0x0800842c       0x6c D:/ST/STM32CubeCLT_1.21.0/GNU-tools-for-STM32/bin/../lib/gcc/arm-none-eabi/14.3.1/../../../../arm-none-eabi/lib/thumb/v7e-m+fp/hard\libg_nano.a(libc_a-findfp.o)
 .text.stdio_exit_handler
                0x08008498       0x18 D:/ST/STM32CubeCLT_1.21.0/GNU-tools-for-STM32/bin/../lib/gcc/arm-none-eabi/14.3.1/../../../../arm-none-eabi/lib/thumb/v7e-m+fp/hard\libg_nano.a(libc_a-findfp.o)
 .text.cleanup_stdio
                0x080084b0       0x40 D:/ST/STM32CubeCLT_1.21.0/GNU-tools-for-STM32/bin/../lib/gcc/arm-none-eabi/14.3.1/../../../../arm-none-eabi/lib/thumb/v7e-m+fp/hard\libg_nano.a(libc_a-findfp.o)
 .text.global_stdio_init.part.0
                0x080084f0       0x40 D:/ST/STM32CubeCLT_1.21.0/GNU-tools-for-STM32/bin/../lib/gcc/arm-none-eabi/14.3.1/../../../../arm-none-eabi/lib/thumb/v7e-m+fp/hard\libg_nano.a(libc_a-findfp.o)
 .text.__sfp_lock_acquire
                0x08008530        0xc D:/ST/STM32CubeCLT_1.21.0/GNU-tools-for-STM32/bin/../lib/gcc/arm-none-eabi/14.3.1/../../../../arm-none-eabi/lib/thumb/v7e-m+fp/hard\libg_nano.a(libc_a-findfp.o)
                0x08008530                __sfp_lock_acquire
 .text.__sfp_lock_release
                0x0800853c        0xc D:/ST/STM32CubeCLT_1.21.0/GNU-tools-for-STM32/bin/../lib/gcc/arm-none-eabi/14.3.1/../../../../arm-none-eabi/lib/thumb/v7e-m+fp/hard\libg_nano.a(libc_a-findfp.o)
                0x0800853c                __sfp_lock_release
 .text.__sinit  0x08008548       0x30 D:/ST/STM32CubeCLT_1.21.0/GNU-tools-for-STM32/bin/../lib/gcc/arm-none-eabi/14.3.1/../../../../arm-none-eabi/lib/thumb/v7e-m+fp/hard\libg_nano.a(libc_a-findfp.o)
                0x08008548                __sinit
 .text._fwalk_sglue
                0x08008578       0x3c D:/ST/STM32CubeCLT_1.21.0/GNU-tools-for-STM32/bin/../lib/gcc/arm-none-eabi/14.3.1/../../../../arm-none-eabi/lib/thumb/v7e-m+fp/hard\libg_nano.a(libc_a-fwalk.o)
                0x08008578                _fwalk_sglue
 .text.__sread  0x080085b4       0x22 D:/ST/STM32CubeCLT_1.21.0/GNU-tools-for-STM32/bin/../lib/gcc/arm-none-eabi/14.3.1/../../../../arm-none-eabi/lib/thumb/v7e-m+fp/hard\libg_nano.a(libc_a-stdio.o)
                0x080085b4                __sread
 .text.__swrite
                0x080085d6       0x38 D:/ST/STM32CubeCLT_1.21.0/GNU-tools-for-STM32/bin/../lib/gcc/arm-none-eabi/14.3.1/../../../../arm-none-eabi/lib/thumb/v7e-m+fp/hard\libg_nano.a(libc_a-stdio.o)
                0x080085d6                __swrite
 .text.__sseek  0x0800860e       0x26 D:/ST/STM32CubeCLT_1.21.0/GNU-tools-for-STM32/bin/../lib/gcc/arm-none-eabi/14.3.1/../../../../arm-none-eabi/lib/thumb/v7e-m+fp/hard\libg_nano.a(libc_a-stdio.o)
                0x0800860e                __sseek
 .text.__sclose
                0x08008634        0x8 D:/ST/STM32CubeCLT_1.21.0/GNU-tools-for-STM32/bin/../lib/gcc/arm-none-eabi/14.3.1/../../../../arm-none-eabi/lib/thumb/v7e-m+fp/hard\libg_nano.a(libc_a-stdio.o)
                0x08008634                __sclose
 .text.memset   0x0800863c       0x10 D:/ST/STM32CubeCLT_1.21.0/GNU-tools-for-STM32/bin/../lib/gcc/arm-none-eabi/14.3.1/../../../../arm-none-eabi/lib/thumb/v7e-m+fp/hard\libg_nano.a(libc_a-memset.o)
                0x0800863c                memset
 .text._close_r
                0x0800864c       0x20 D:/ST/STM32CubeCLT_1.21.0/GNU-tools-for-STM32/bin/../lib/gcc/arm-none-eabi/14.3.1/../../../../arm-none-eabi/lib/thumb/v7e-m+fp/hard\libg_nano.a(libc_a-closer.o)
                0x0800864c                _close_r
 .text._lseek_r
                0x0800866c       0x24 D:/ST/STM32CubeCLT_1.21.0/GNU-tools-for-STM32/bin/../lib/gcc/arm-none-eabi/14.3.1/../../../../arm-none-eabi/lib/thumb/v7e-m+fp/hard\libg_nano.a(libc_a-lseekr.o)
                0x0800866c                _lseek_r
 .text._read_r  0x08008690       0x24 D:/ST/STM32CubeCLT_1.21.0/GNU-tools-for-STM32/bin/../lib/gcc/arm-none-eabi/14.3.1/../../../../arm-none-eabi/lib/thumb/v7e-m+fp/hard\libg_nano.a(libc_a-readr.o)
                0x08008690                _read_r
 .text._write_r
                0x080086b4       0x24 D:/ST/STM32CubeCLT_1.21.0/GNU-tools-for-STM32/bin/../lib/gcc/arm-none-eabi/14.3.1/../../../../arm-none-eabi/lib/thumb/v7e-m+fp/hard\libg_nano.a(libc_a-writer.o)
                0x080086b4                _write_r
 .text.__errno  0x080086d8        0xc D:/ST/STM32CubeCLT_1.21.0/GNU-tools-for-STM32/bin/../lib/gcc/arm-none-eabi/14.3.1/../../../../arm-none-eabi/lib/thumb/v7e-m+fp/hard\libg_nano.a(libc_a-errno.o)
                0x080086d8                __errno
 .text.__libc_init_array
                0x080086e4       0x48 D:/ST/STM32CubeCLT_1.21.0/GNU-tools-for-STM32/bin/../lib/gcc/arm-none-eabi/14.3.1/../../../../arm-none-eabi/lib/thumb/v7e-m+fp/hard\libg_nano.a(libc_a-init.o)
                0x080086e4                __libc_init_array
 .text.__retarget_lock_init_recursive
                0x0800872c        0x2 D:/ST/STM32CubeCLT_1.21.0/GNU-tools-for-STM32/bin/../lib/gcc/arm-none-eabi/14.3.1/../../../../arm-none-eabi/lib/thumb/v7e-m+fp/hard\libg_nano.a(libc_a-lock.o)
                0x0800872c                __retarget_lock_init_recursive
 .text.__retarget_lock_acquire_recursive
                0x0800872e        0x2 D:/ST/STM32CubeCLT_1.21.0/GNU-tools-for-STM32/bin/../lib/gcc/arm-none-eabi/14.3.1/../../../../arm-none-eabi/lib/thumb/v7e-m+fp/hard\libg_nano.a(libc_a-lock.o)
                0x0800872e                __retarget_lock_acquire_recursive
 .text.__retarget_lock_release_recursive
                0x08008730        0x2 D:/ST/STM32CubeCLT_1.21.0/GNU-tools-for-STM32/bin/../lib/gcc/arm-none-eabi/14.3.1/../../../../arm-none-eabi/lib/thumb/v7e-m+fp/hard\libg_nano.a(libc_a-lock.o)
                0x08008730                __retarget_lock_release_recursive
 .text.memcpy   0x08008732       0x1c D:/ST/STM32CubeCLT_1.21.0/GNU-tools-for-STM32/bin/../lib/gcc/arm-none-eabi/14.3.1/../../../../arm-none-eabi/lib/thumb/v7e-m+fp/hard\libg_nano.a(libc_a-memcpy-stub.o)
                0x08008732                memcpy
 *fill*         0x0800874e        0x2 
 .text.__assert_func
                0x08008750       0x3c D:/ST/STM32CubeCLT_1.21.0/GNU-tools-for-STM32/bin/../lib/gcc/arm-none-eabi/14.3.1/../../../../arm-none-eabi/lib/thumb/v7e-m+fp/hard\libg_nano.a(libc_a-assert.o)
                0x08008750                __assert_func
 .text._free_r  0x0800878c       0x94 D:/ST/STM32CubeCLT_1.21.0/GNU-tools-for-STM32/bin/../lib/gcc/arm-none-eabi/14.3.1/../../../../arm-none-eabi/lib/thumb/v7e-m+fp/hard\libg_nano.a(libc_a-freer.o)
                0x0800878c                _free_r
 .text.malloc   0x08008820       0x10 D:/ST/STM32CubeCLT_1.21.0/GNU-tools-for-STM32/bin/../lib/gcc/arm-none-eabi/14.3.1/../../../../arm-none-eabi/lib/thumb/v7e-m+fp/hard\libg_nano.a(libc_a-malloc.o)
                0x08008820                malloc
 .text.sbrk_aligned
                0x08008830       0x44 D:/ST/STM32CubeCLT_1.21.0/GNU-tools-for-STM32/bin/../lib/gcc/arm-none-eabi/14.3.1/../../../../arm-none-eabi/lib/thumb/v7e-m+fp/hard\libg_nano.a(libc_a-mallocr.o)
 .text._malloc_r
                0x08008874      0x100 D:/ST/STM32CubeCLT_1.21.0/GNU-tools-for-STM32/bin/../lib/gcc/arm-none-eabi/14.3.1/../../../../arm-none-eabi/lib/thumb/v7e-m+fp/hard\libg_nano.a(libc_a-mallocr.o)
                0x08008874                _malloc_r
 .text.__malloc_lock
                0x08008974        0xc D:/ST/STM32CubeCLT_1.21.0/GNU-tools-for-STM32/bin/../lib/gcc/arm-none-eabi/14.3.1/../../../../arm-none-eabi/lib/thumb/v7e-m+fp/hard\libg_nano.a(libc_a-mlock.o)
                0x08008974                __malloc_lock
 .text.__malloc_unlock
                0x08008980        0xc D:/ST/STM32CubeCLT_1.21.0/GNU-tools-for-STM32/bin/../lib/gcc/arm-none-eabi/14.3.1/../../../../arm-none-eabi/lib/thumb/v7e-m+fp/hard\libg_nano.a(libc_a-mlock.o)
                0x08008980                __malloc_unlock
 .text.__sflush_r
                0x0800898c      0x104 D:/ST/STM32CubeCLT_1.21.0/GNU-tools-for-STM32/bin/../lib/gcc/arm-none-eabi/14.3.1/../../../../arm-none-eabi/lib/thumb/v7e-m+fp/hard\libg_nano.a(libc_a-fflush.o)
                0x0800898c                __sflush_r
 .text._fflush_r
                0x08008a90       0x50 D:/ST/STM32CubeCLT_1.21.0/GNU-tools-for-STM32/bin/../lib/gcc/arm-none-eabi/14.3.1/../../../../arm-none-eabi/lib/thumb/v7e-m+fp/hard\libg_nano.a(libc_a-fflush.o)
                0x08008a90                _fflush_r
 .text.fprintf  0x08008ae0       0x24 D:/ST/STM32CubeCLT_1.21.0/GNU-tools-for-STM32/bin/../lib/gcc/arm-none-eabi/14.3.1/../../../../arm-none-eabi/lib/thumb/v7e-m+fp/hard\libg_nano.a(libc_a-fprintf.o)
                0x08008ae0                fiprintf
                0x08008ae0                fprintf
 .text._sbrk_r  0x08008b04       0x20 D:/ST/STM32CubeCLT_1.21.0/GNU-tools-for-STM32/bin/../lib/gcc/arm-none-eabi/14.3.1/../../../../arm-none-eabi/lib/thumb/v7e-m+fp/hard\libg_nano.a(libc_a-sbrkr.o)
                0x08008b04                _sbrk_r
 .text.abort    0x08008b24        0xe D:/ST/STM32CubeCLT_1.21.0/GNU-tools-for-STM32/bin/../lib/gcc/arm-none-eabi/14.3.1/../../../../arm-none-eabi/lib/thumb/v7e-m+fp/hard\libg_nano.a(libc_a-abort.o)
                0x08008b24                abort
 .text.__sfputc_r
                0x08008b32       0x2e D:/ST/STM32CubeCLT_1.21.0/GNU-tools-for-STM32/bin/../lib/gcc/arm-none-eabi/14.3.1/../../../../arm-none-eabi/lib/thumb/v7e-m+fp/hard\libg_nano.a(libc_a-nano-vfprintf.o)
 .text.__sfputs_r
                0x08008b60       0x24 D:/ST/STM32CubeCLT_1.21.0/GNU-tools-for-STM32/bin/../lib/gcc/arm-none-eabi/14.3.1/../../../../arm-none-eabi/lib/thumb/v7e-m+fp/hard\libg_nano.a(libc_a-nano-vfprintf.o)
                0x08008b60                __sfputs_r
 .text._vfprintf_r
                0x08008b84      0x228 D:/ST/STM32CubeCLT_1.21.0/GNU-tools-for-STM32/bin/../lib/gcc/arm-none-eabi/14.3.1/../../../../arm-none-eabi/lib/thumb/v7e-m+fp/hard\libg_nano.a(libc_a-nano-vfprintf.o)
                0x08008b84                _vfprintf_r
                0x08008b84                _vfiprintf_r
 .text._printf_common
                0x08008dac       0xda D:/ST/STM32CubeCLT_1.21.0/GNU-tools-for-STM32/bin/../lib/gcc/arm-none-eabi/14.3.1/../../../../arm-none-eabi/lib/thumb/v7e-m+fp/hard\libg_nano.a(libc_a-nano-vfprintf_i.o)
                0x08008dac                _printf_common
 *fill*         0x08008e86        0x2 
 .text._printf_i
                0x08008e88      0x24c D:/ST/STM32CubeCLT_1.21.0/GNU-tools-for-STM32/bin/../lib/gcc/arm-none-eabi/14.3.1/../../../../arm-none-eabi/lib/thumb/v7e-m+fp/hard\libg_nano.a(libc_a-nano-vfprintf_i.o)
                0x08008e88                _printf_i
 .text.__swbuf_r
                0x080090d4       0x7c D:/ST/STM32CubeCLT_1.21.0/GNU-tools-for-STM32/bin/../lib/gcc/arm-none-eabi/14.3.1/../../../../arm-none-eabi/lib/thumb/v7e-m+fp/hard\libg_nano.a(libc_a-wbuf.o)
                0x080090d4                __swbuf_r
 .text.__swsetup_r
                0x08009150       0xa8 D:/ST/STM32CubeCLT_1.21.0/GNU-tools-for-STM32/bin/../lib/gcc/arm-none-eabi/14.3.1/../../../../arm-none-eabi/lib/thumb/v7e-m+fp/hard\libg_nano.a(libc_a-wsetup.o)
                0x08009150                __swsetup_r
 .text._raise_r
                0x080091f8       0x50 D:/ST/STM32CubeCLT_1.21.0/GNU-tools-for-STM32/bin/../lib/gcc/arm-none-eabi/14.3.1/../../../../arm-none-eabi/lib/thumb/v7e-m+fp/hard\libg_nano.a(libc_a-signal.o)
                0x080091f8                _raise_r
 .text.raise    0x08009248       0x10 D:/ST/STM32CubeCLT_1.21.0/GNU-tools-for-STM32/bin/../lib/gcc/arm-none-eabi/14.3.1/../../../../arm-none-eabi/lib/thumb/v7e-m+fp/hard\libg_nano.a(libc_a-signal.o)
                0x08009248                raise
 .text._kill_r  0x08009258       0x24 D:/ST/STM32CubeCLT_1.21.0/GNU-tools-for-STM32/bin/../lib/gcc/arm-none-eabi/14.3.1/../../../../arm-none-eabi/lib/thumb/v7e-m+fp/hard\libg_nano.a(libc_a-signalr.o)
                0x08009258                _kill_r
 .text._getpid_r
                0x0800927c        0x4 D:/ST/STM32CubeCLT_1.21.0/GNU-tools-for-STM32/bin/../lib/gcc/arm-none-eabi/14.3.1/../../../../arm-none-eabi/lib/thumb/v7e-m+fp/hard\libg_nano.a(libc_a-signalr.o)
                0x0800927c                _getpid_r
 .text.__swhatbuf_r
                0x08009280       0x48 D:/ST/STM32CubeCLT_1.21.0/GNU-tools-for-STM32/bin/../lib/gcc/arm-none-eabi/14.3.1/../../../../arm-none-eabi/lib/thumb/v7e-m+fp/hard\libg_nano.a(libc_a-makebuf.o)
                0x08009280                __swhatbuf_r
 .text.__smakebuf_r
                0x080092c8       0x72 D:/ST/STM32CubeCLT_1.21.0/GNU-tools-for-STM32/bin/../lib/gcc/arm-none-eabi/14.3.1/../../../../arm-none-eabi/lib/thumb/v7e-m+fp/hard\libg_nano.a(libc_a-makebuf.o)
                0x080092c8                __smakebuf_r
 *fill*         0x0800933a        0x2 
 .text._fstat_r
                0x0800933c       0x24 D:/ST/STM32CubeCLT_1.21.0/GNU-tools-for-STM32/bin/../lib/gcc/arm-none-eabi/14.3.1/../../../../arm-none-eabi/lib/thumb/v7e-m+fp/hard\libg_nano.a(libc_a-fstatr.o)
                0x0800933c                _fstat_r
 .text._isatty_r
                0x08009360       0x20 D:/ST/STM32CubeCLT_1.21.0/GNU-tools-for-STM32/bin/../lib/gcc/arm-none-eabi/14.3.1/../../../../arm-none-eabi/lib/thumb/v7e-m+fp/hard\libg_nano.a(libc_a-isattyr.o)
                0x08009360                _isatty_r
 *(.glue_7)
 .glue_7        0x08009380        0x0 linker stubs
 *(.glue_7t)
 .glue_7t       0x08009380        0x0 linker stubs
 *(.eh_frame)
 .eh_frame      0x08009380        0x0 D:/ST/STM32CubeCLT_1.21.0/GNU-tools-for-STM32/bin/../lib/gcc/arm-none-eabi/14.3.1/thumb/v7e-m+fp/hard/crtbegin.o
 *(.init)
 .init          0x08009380        0x4 D:/ST/STM32CubeCLT_1.21.0/GNU-tools-for-STM32/bin/../lib/gcc/arm-none-eabi/14.3.1/thumb/v7e-m+fp/hard/crti.o
                0x08009380                _init
 .init          0x08009384        0x8 D:/ST/STM32CubeCLT_1.21.0/GNU-tools-for-STM32/bin/../lib/gcc/arm-none-eabi/14.3.1/thumb/v7e-m+fp/hard/crtn.o
 *(.fini)
 .fini          0x0800938c        0x4 D:/ST/STM32CubeCLT_1.21.0/GNU-tools-for-STM32/bin/../lib/gcc/arm-none-eabi/14.3.1/thumb/v7e-m+fp/hard/crti.o
                0x0800938c                _fini
 .fini          0x08009390        0x8 D:/ST/STM32CubeCLT_1.21.0/GNU-tools-for-STM32/bin/../lib/gcc/arm-none-eabi/14.3.1/thumb/v7e-m+fp/hard/crtn.o
                0x08009398                        . = ALIGN (0x4)
                0x08009398                        _etext = .

.vfp11_veneer   0x08009398        0x0
 .vfp11_veneer  0x08009398        0x0 linker stubs

.v4_bx          0x08009398        0x0
 .v4_bx         0x08009398        0x0 linker stubs

.iplt           0x08009398        0x0
 .iplt          0x08009398        0x0 D:/ST/STM32CubeCLT_1.21.0/GNU-tools-for-STM32/bin/../lib/gcc/arm-none-eabi/14.3.1/thumb/v7e-m+fp/hard/crtbegin.o

.rodata         0x08009398     0x1a10
                0x08009398                        . = ALIGN (0x4)
 *(.rodata)
 .rodata        0x08009398       0xf1 CMakeFiles/STM32F407_Tetris.dir/Core/Src/tetris.c.obj
 *(.rodata*)
 *fill*         0x08009489        0x3 
 .rodata.AHBPrescTable
                0x0800948c       0x10 cmake/stm32cubemx/CMakeFiles/STM32_Drivers.dir/__/__/Core/Src/system_stm32f4xx.c.obj
                0x0800948c                AHBPrescTable
 .rodata.asc2_1206
                0x0800949c      0x474 CMakeFiles/STM32F407_Tetris.dir/Core/Src/lcd.c.obj
                0x0800949c                asc2_1206
 .rodata.asc2_1608
                0x08009910      0x5f0 CMakeFiles/STM32F407_Tetris.dir/Core/Src/lcd.c.obj
                0x08009910                asc2_1608
 .rodata.asc2_2412
                0x08009f00      0xd5c CMakeFiles/STM32F407_Tetris.dir/Core/Src/lcd.c.obj
                0x08009f00                asc2_2412
 .rodata.shapes
                0x0800ac5c       0x38 CMakeFiles/STM32F407_Tetris.dir/Core/Src/tetris.c.obj
                0x0800ac5c                shapes
 .rodata.COLOR_MAP
                0x0800ac94       0x10 CMakeFiles/STM32F407_Tetris.dir/Core/Src/tetris.c.obj
                0x0800ac94                COLOR_MAP
 .rodata.pts.7  0x0800aca4       0x14 CMakeFiles/STM32F407_Tetris.dir/Core/Src/tetris.c.obj
 .rodata.bar_c.2
                0x0800acb8       0x10 CMakeFiles/STM32F407_Tetris.dir/Core/Src/tetris.c.obj
 .rodata.srand.str1.1
                0x0800acc8       0xde D:/ST/STM32CubeCLT_1.21.0/GNU-tools-for-STM32/bin/../lib/gcc/arm-none-eabi/14.3.1/../../../../arm-none-eabi/lib/thumb/v7e-m+fp/hard\libg_nano.a(libc_a-rand.o)
                                 0x6f (size before relaxing)
 .rodata.__assert_func.str1.1
                0x0800ada6       0x3d D:/ST/STM32CubeCLT_1.21.0/GNU-tools-for-STM32/bin/../lib/gcc/arm-none-eabi/14.3.1/../../../../arm-none-eabi/lib/thumb/v7e-m+fp/hard\libg_nano.a(libc_a-assert.o)
 .rodata._vfprintf_r.str1.1
                0x0800ada6       0x11 D:/ST/STM32CubeCLT_1.21.0/GNU-tools-for-STM32/bin/../lib/gcc/arm-none-eabi/14.3.1/../../../../arm-none-eabi/lib/thumb/v7e-m+fp/hard\libg_nano.a(libc_a-nano-vfprintf.o)
 .rodata._printf_i.str1.1
                0x0800ada6       0x22 D:/ST/STM32CubeCLT_1.21.0/GNU-tools-for-STM32/bin/../lib/gcc/arm-none-eabi/14.3.1/../../../../arm-none-eabi/lib/thumb/v7e-m+fp/hard\libg_nano.a(libc_a-nano-vfprintf_i.o)
                0x0800ade4                        . = ALIGN (0x4)
 *fill*         0x0800ada6        0x2 

.ARM.extab      0x0800ada8        0x0
                0x0800ada8                        . = ALIGN (0x4)
 *(.ARM.extab* .gnu.linkonce.armextab.*)
                0x0800ada8                        . = ALIGN (0x4)

.ARM            0x0800ada8        0x8
                0x0800ada8                        . = ALIGN (0x4)
                0x0800ada8                        __exidx_start = .
 *(.ARM.exidx*)
 .ARM.exidx     0x0800ada8        0x8 D:/ST/STM32CubeCLT_1.21.0/GNU-tools-for-STM32/bin/../lib/gcc/arm-none-eabi/14.3.1/thumb/v7e-m+fp/hard\libgcc.a(_udivmoddi4.o)
 .ARM.exidx     0x0800adb0        0x0 D:/ST/STM32CubeCLT_1.21.0/GNU-tools-for-STM32/bin/../lib/gcc/arm-none-eabi/14.3.1/../../../../arm-none-eabi/lib/thumb/v7e-m+fp/hard\libg_nano.a(libc_a-memchr.o)
                                  0x8 (size before relaxing)
                0x0800adb0                        __exidx_end = .
                0x0800adb0                        . = ALIGN (0x4)

.preinit_array  0x0800adb0        0x0
                0x0800adb0                        . = ALIGN (0x4)
                0x0800adb0                        PROVIDE (__preinit_array_start = .)
 *(.preinit_array*)
                0x0800adb0                        PROVIDE (__preinit_array_end = .)
                0x0800adb0                        . = ALIGN (0x4)

.init_array     0x0800adb0        0x4
                0x0800adb0                        . = ALIGN (0x4)
                0x0800adb0                        PROVIDE (__init_array_start = .)
 *(SORT_BY_NAME(.init_array.*))
 *(.init_array*)
 .init_array    0x0800adb0        0x4 D:/ST/STM32CubeCLT_1.21.0/GNU-tools-for-STM32/bin/../lib/gcc/arm-none-eabi/14.3.1/thumb/v7e-m+fp/hard/crtbegin.o
                0x0800adb4                        PROVIDE (__init_array_end = .)
                0x0800adb4                        . = ALIGN (0x4)

.fini_array     0x0800adb4        0x4
                0x0800adb4                        . = ALIGN (0x4)
                [!provide]                        PROVIDE (__fini_array_start = .)
 *(SORT_BY_NAME(.fini_array.*))
 *(.fini_array*)
 .fini_array    0x0800adb4        0x4 D:/ST/STM32CubeCLT_1.21.0/GNU-tools-for-STM32/bin/../lib/gcc/arm-none-eabi/14.3.1/thumb/v7e-m+fp/hard/crtbegin.o
                [!provide]                        PROVIDE (__fini_array_end = .)
                0x0800adb8                        . = ALIGN (0x4)
                0x0800adb8                        _siccmram = LOADADDR (.ccmram)

.rel.dyn        0x0800adb8        0x0
 .rel.iplt      0x0800adb8        0x0 D:/ST/STM32CubeCLT_1.21.0/GNU-tools-for-STM32/bin/../lib/gcc/arm-none-eabi/14.3.1/thumb/v7e-m+fp/hard/crtbegin.o

.ccmram         0x10000000        0x0 load address 0x0800adb8
                0x10000000                        . = ALIGN (0x4)
                0x10000000                        _sccmram = .
 *(.ccmram)
 *(.ccmram*)
                0x10000000                        . = ALIGN (0x4)
                0x10000000                        _eccmram = .
                0x0800adb8                        _sidata = LOADADDR (.data)

.data           0x20000000       0x68 load address 0x0800adb8
                0x20000000                        . = ALIGN (0x4)
                0x20000000                        _sdata = .
 *(.data)
 *(.data*)
 .data.SystemCoreClock
                0x20000000        0x4 cmake/stm32cubemx/CMakeFiles/STM32_Drivers.dir/__/__/Core/Src/system_stm32f4xx.c.obj
                0x20000000                SystemCoreClock
 .data.uwTickPrio
                0x20000004        0x4 cmake/stm32cubemx/CMakeFiles/STM32_Drivers.dir/__/__/Drivers/STM32F4xx_HAL_Driver/Src/stm32f4xx_hal.c.obj
                0x20000004                uwTickPrio
 .data.uwTickFreq
                0x20000008        0x1 cmake/stm32cubemx/CMakeFiles/STM32_Drivers.dir/__/__/Drivers/STM32F4xx_HAL_Driver/Src/stm32f4xx_hal.c.obj
                0x20000008                uwTickFreq
 *fill*         0x20000009        0x1 
 .data.BACK_COLOR
                0x2000000a        0x2 CMakeFiles/STM32F407_Tetris.dir/Core/Src/lcd.c.obj
                0x2000000a                BACK_COLOR
 .data.__sglue  0x2000000c        0xc D:/ST/STM32CubeCLT_1.21.0/GNU-tools-for-STM32/bin/../lib/gcc/arm-none-eabi/14.3.1/../../../../arm-none-eabi/lib/thumb/v7e-m+fp/hard\libg_nano.a(libc_a-findfp.o)
                0x2000000c                __sglue
 .data._impure_ptr
                0x20000018        0x4 D:/ST/STM32CubeCLT_1.21.0/GNU-tools-for-STM32/bin/../lib/gcc/arm-none-eabi/14.3.1/../../../../arm-none-eabi/lib/thumb/v7e-m+fp/hard\libg_nano.a(libc_a-impure.o)
                0x20000018                _impure_ptr
 .data._impure_data
                0x2000001c       0x4c D:/ST/STM32CubeCLT_1.21.0/GNU-tools-for-STM32/bin/../lib/gcc/arm-none-eabi/14.3.1/../../../../arm-none-eabi/lib/thumb/v7e-m+fp/hard\libg_nano.a(libc_a-impure.o)
                0x2000001c                _impure_data
 *(.RamFunc)
 *(.RamFunc*)
                0x20000068                        . = ALIGN (0x4)

.igot.plt       0x20000068        0x0 load address 0x0800ae20
 .igot.plt      0x20000068        0x0 D:/ST/STM32CubeCLT_1.21.0/GNU-tools-for-STM32/bin/../lib/gcc/arm-none-eabi/14.3.1/thumb/v7e-m+fp/hard/crtbegin.o

.tdata          0x20000068        0x0 load address 0x0800ae20
 *(.tdata .tdata.* .gnu.linkonce.td.*)
                0x20000068                        . = ALIGN (0x4)
                0x20000068                        _edata = .
                [!provide]                        PROVIDE (__data_end = .)
                [!provide]                        PROVIDE (__tdata_end = .)
                [!provide]                        PROVIDE (__tdata_start = ADDR (.tdata))
                [!provide]                        PROVIDE (__tdata_size = (__tdata_end - __tdata_start))
                [!provide]                        PROVIDE (__data_start = ADDR (.data))
                [!provide]                        PROVIDE (__data_size = (__data_end - __data_start))
                [!provide]                        PROVIDE (__tdata_source = LOADADDR (.tdata))
                [!provide]                        PROVIDE (__tdata_source_end = (LOADADDR (.tdata) + SIZEOF (.tdata)))
                [!provide]                        PROVIDE (__tdata_source_size = (__tdata_source_end - __tdata_source))
                [!provide]                        PROVIDE (__data_source = LOADADDR (.data))
                [!provide]                        PROVIDE (__data_source_end = __tdata_source_end)
                [!provide]                        PROVIDE (__data_source_size = (__data_source_end - __data_source))

.tbss           0x20000068        0x0 load address 0x0800ae20
                0x20000068                        _sbss = .
                0x20000068                        __bss_start__ = _sbss
 *(.tbss .tbss.*)
                0x20000068                        . = ALIGN (0x4)
                [!provide]                        PROVIDE (__tbss_end = .)
                [!provide]                        PROVIDE (__tbss_start = ADDR (.tbss))
                [!provide]                        PROVIDE (__tbss_size = (__tbss_end - __tbss_start))
                [!provide]                        PROVIDE (__tbss_offset = (ADDR (.tbss) - ADDR (.tdata)))
                [!provide]                        PROVIDE (__tls_base = __tdata_start)
                [!provide]                        PROVIDE (__tls_end = __tbss_end)
                [!provide]                        PROVIDE (__tls_size = (__tls_end - __tls_base))
                [!provide]                        PROVIDE (__tls_align = MAX (ALIGNOF (.tdata), ALIGNOF (.tbss)))
                [!provide]                        PROVIDE (__tls_size_align = (((__tls_size + __tls_align) - 0x1) & ~ ((__tls_align - 0x1))))
                [!provide]                        PROVIDE (__arm32_tls_tcb_offset = MAX (0x8, __tls_align))
                [!provide]                        PROVIDE (__arm64_tls_tcb_offset = MAX (0x10, __tls_align))

.bss            0x20000068      0x36c load address 0x0800ae20
 *(.bss)
 .bss           0x20000068       0x1c D:/ST/STM32CubeCLT_1.21.0/GNU-tools-for-STM32/bin/../lib/gcc/arm-none-eabi/14.3.1/thumb/v7e-m+fp/hard/crtbegin.o
 *(.bss*)
 .bss.uwTick    0x20000084        0x4 cmake/stm32cubemx/CMakeFiles/STM32_Drivers.dir/__/__/Drivers/STM32F4xx_HAL_Driver/Src/stm32f4xx_hal.c.obj
                0x20000084                uwTick
 .bss.hsram1    0x20000088       0x50 CMakeFiles/STM32F407_Tetris.dir/Core/Src/fsmc.c.obj
                0x20000088                hsram1
 .bss.FSMC_Initialized
                0x200000d8        0x4 CMakeFiles/STM32F407_Tetris.dir/Core/Src/fsmc.c.obj
 .bss.htim1     0x200000dc       0x48 CMakeFiles/STM32F407_Tetris.dir/Core/Src/tim.c.obj
                0x200000dc                htim1
 .bss.htim3     0x20000124       0x48 CMakeFiles/STM32F407_Tetris.dir/Core/Src/tim.c.obj
                0x20000124                htim3
 .bss.ir_state  0x2000016c        0x1 CMakeFiles/STM32F407_Tetris.dir/Core/Src/stm32f4xx_it.c.obj
                0x2000016c                ir_state
 *fill*         0x2000016d        0x3 
 .bss.ir_pulse_us
                0x20000170        0x4 CMakeFiles/STM32F407_Tetris.dir/Core/Src/stm32f4xx_it.c.obj
                0x20000170                ir_pulse_us
 .bss.ir_buf    0x20000174        0x4 CMakeFiles/STM32F407_Tetris.dir/Core/Src/stm32f4xx_it.c.obj
                0x20000174                ir_buf
 .bss.ir_bit_cnt
                0x20000178        0x1 CMakeFiles/STM32F407_Tetris.dir/Core/Src/stm32f4xx_it.c.obj
                0x20000178                ir_bit_cnt
 .bss.ir_ready  0x20000179        0x1 CMakeFiles/STM32F407_Tetris.dir/Core/Src/stm32f4xx_it.c.obj
                0x20000179                ir_ready
 *fill*         0x2000017a        0x2 
 .bss.ir_code   0x2000017c        0x4 CMakeFiles/STM32F407_Tetris.dir/Core/Src/stm32f4xx_it.c.obj
                0x2000017c                ir_code
 .bss.__sbrk_heap_end
                0x20000180        0x4 CMakeFiles/STM32F407_Tetris.dir/Core/Src/sysmem.c.obj
 .bss.POINT_COLOR
                0x20000184        0x2 CMakeFiles/STM32F407_Tetris.dir/Core/Src/lcd.c.obj
                0x20000184                POINT_COLOR
 *fill*         0x20000186        0x2 
 .bss.lcddev    0x20000188        0xe CMakeFiles/STM32F407_Tetris.dir/Core/Src/lcd.c.obj
                0x20000188                lcddev
 *fill*         0x20000196        0x2 
 .bss.board     0x20000198       0xc8 CMakeFiles/STM32F407_Tetris.dir/Core/Src/tetris.c.obj
 .bss.piece_type
                0x20000260        0x1 CMakeFiles/STM32F407_Tetris.dir/Core/Src/tetris.c.obj
 .bss.next_type
                0x20000261        0x1 CMakeFiles/STM32F407_Tetris.dir/Core/Src/tetris.c.obj
 .bss.piece_rot
                0x20000262        0x1 CMakeFiles/STM32F407_Tetris.dir/Core/Src/tetris.c.obj
 .bss.piece_x   0x20000263        0x1 CMakeFiles/STM32F407_Tetris.dir/Core/Src/tetris.c.obj
 .bss.piece_y   0x20000264        0x1 CMakeFiles/STM32F407_Tetris.dir/Core/Src/tetris.c.obj
 *fill*         0x20000265        0x3 
 .bss.score     0x20000268        0x4 CMakeFiles/STM32F407_Tetris.dir/Core/Src/tetris.c.obj
 .bss.lines_total
                0x2000026c        0x4 CMakeFiles/STM32F407_Tetris.dir/Core/Src/tetris.c.obj
 .bss.level     0x20000270        0x4 CMakeFiles/STM32F407_Tetris.dir/Core/Src/tetris.c.obj
 .bss.fall_speed
                0x20000274        0x4 CMakeFiles/STM32F407_Tetris.dir/Core/Src/tetris.c.obj
 .bss.last_fall_tick
                0x20000278        0x4 CMakeFiles/STM32F407_Tetris.dir/Core/Src/tetris.c.obj
 .bss.last_key_tick
                0x2000027c        0x4 CMakeFiles/STM32F407_Tetris.dir/Core/Src/tetris.c.obj
 .bss.game_state
                0x20000280        0x1 CMakeFiles/STM32F407_Tetris.dir/Core/Src/tetris.c.obj
 .bss.ghost_y   0x20000281        0x1 CMakeFiles/STM32F407_Tetris.dir/Core/Src/tetris.c.obj
 .bss.k0_lock.6
                0x20000282        0x1 CMakeFiles/STM32F407_Tetris.dir/Core/Src/tetris.c.obj
 .bss.k2_lock.5
                0x20000283        0x1 CMakeFiles/STM32F407_Tetris.dir/Core/Src/tetris.c.obj
 .bss.k1_lock.4
                0x20000284        0x1 CMakeFiles/STM32F407_Tetris.dir/Core/Src/tetris.c.obj
 .bss.kup_lock.3
                0x20000285        0x1 CMakeFiles/STM32F407_Tetris.dir/Core/Src/tetris.c.obj
 .bss.menu_lock.1
                0x20000286        0x1 CMakeFiles/STM32F407_Tetris.dir/Core/Src/tetris.c.obj
 .bss.restart_lock.0
                0x20000287        0x1 CMakeFiles/STM32F407_Tetris.dir/Core/Src/tetris.c.obj
 .bss.__sf      0x20000288      0x138 D:/ST/STM32CubeCLT_1.21.0/GNU-tools-for-STM32/bin/../lib/gcc/arm-none-eabi/14.3.1/../../../../arm-none-eabi/lib/thumb/v7e-m+fp/hard\libg_nano.a(libc_a-findfp.o)
                0x20000288                __sf
 .bss.__stdio_exit_handler
                0x200003c0        0x4 D:/ST/STM32CubeCLT_1.21.0/GNU-tools-for-STM32/bin/../lib/gcc/arm-none-eabi/14.3.1/../../../../arm-none-eabi/lib/thumb/v7e-m+fp/hard\libg_nano.a(libc_a-findfp.o)
                0x200003c0                __stdio_exit_handler
 .bss.errno     0x200003c4        0x4 D:/ST/STM32CubeCLT_1.21.0/GNU-tools-for-STM32/bin/../lib/gcc/arm-none-eabi/14.3.1/../../../../arm-none-eabi/lib/thumb/v7e-m+fp/hard\libg_nano.a(libc_a-reent.o)
                0x200003c4                errno
 .bss.__lock___malloc_recursive_mutex
                0x200003c8        0x1 D:/ST/STM32CubeCLT_1.21.0/GNU-tools-for-STM32/bin/../lib/gcc/arm-none-eabi/14.3.1/../../../../arm-none-eabi/lib/thumb/v7e-m+fp/hard\libg_nano.a(libc_a-lock.o)
                0x200003c8                __lock___malloc_recursive_mutex
 .bss.__lock___sfp_recursive_mutex
                0x200003c9        0x1 D:/ST/STM32CubeCLT_1.21.0/GNU-tools-for-STM32/bin/../lib/gcc/arm-none-eabi/14.3.1/../../../../arm-none-eabi/lib/thumb/v7e-m+fp/hard\libg_nano.a(libc_a-lock.o)
                0x200003c9                __lock___sfp_recursive_mutex
 *fill*         0x200003ca        0x2 
 .bss.__malloc_sbrk_start
                0x200003cc        0x4 D:/ST/STM32CubeCLT_1.21.0/GNU-tools-for-STM32/bin/../lib/gcc/arm-none-eabi/14.3.1/../../../../arm-none-eabi/lib/thumb/v7e-m+fp/hard\libg_nano.a(libc_a-mallocr.o)
                0x200003cc                __malloc_sbrk_start
 .bss.__malloc_free_list
                0x200003d0        0x4 D:/ST/STM32CubeCLT_1.21.0/GNU-tools-for-STM32/bin/../lib/gcc/arm-none-eabi/14.3.1/../../../../arm-none-eabi/lib/thumb/v7e-m+fp/hard\libg_nano.a(libc_a-mallocr.o)
                0x200003d0                __malloc_free_list
 *(COMMON)
                0x200003d4                        . = ALIGN (0x4)
                0x200003d4                        _ebss = .
                0x200003d4                        __bss_end__ = _ebss
                [!provide]                        PROVIDE (__bss_end = .)
                [!provide]                        PROVIDE (__non_tls_bss_start = ADDR (.bss))
                [!provide]                        PROVIDE (__bss_start = __tbss_start)
                [!provide]                        PROVIDE (__bss_size = (__bss_end - __bss_start))

._user_heap_stack
                0x200003d4      0x604 load address 0x0800ae20
                0x200003d8                        . = ALIGN (0x8)
 *fill*         0x200003d4        0x4 
                [!provide]                        PROVIDE (end = .)
                0x200003d8                        PROVIDE (_end = .)
                0x200005d8                        . = (. + _Min_Heap_Size)
 *fill*         0x200003d8      0x200 
                0x200009d8                        . = (. + _Min_Stack_Size)
 *fill*         0x200005d8      0x400 
                0x200009d8                        . = ALIGN (0x8)

/DISCARD/
 libc.a:*(*)
 libm.a:*(*)
 libgcc.a:*(*)
OUTPUT(STM32F407_Tetris.elf elf32-littlearm)
LOAD linker stubs

.ARM.attributes
                0x00000000       0x30
 .ARM.attributes
                0x00000000       0x22 D:/ST/STM32CubeCLT_1.21.0/GNU-tools-for-STM32/bin/../lib/gcc/arm-none-eabi/14.3.1/thumb/v7e-m+fp/hard/crti.o
 .ARM.attributes
                0x00000022       0x34 D:/ST/STM32CubeCLT_1.21.0/GNU-tools-for-STM32/bin/../lib/gcc/arm-none-eabi/14.3.1/thumb/v7e-m+fp/hard/crtbegin.o
 .ARM.attributes
                0x00000056       0x34 cmake/stm32cubemx/CMakeFiles/STM32_Drivers.dir/__/__/Core/Src/system_stm32f4xx.c.obj
 .ARM.attributes
                0x0000008a       0x34 cmake/stm32cubemx/CMakeFiles/STM32_Drivers.dir/__/__/Drivers/STM32F4xx_HAL_Driver/Src/stm32f4xx_ll_fsmc.c.obj
 .ARM.attributes
                0x000000be       0x34 cmake/stm32cubemx/CMakeFiles/STM32_Drivers.dir/__/__/Drivers/STM32F4xx_HAL_Driver/Src/stm32f4xx_hal_sram.c.obj
 .ARM.attributes
                0x000000f2       0x34 cmake/stm32cubemx/CMakeFiles/STM32_Drivers.dir/__/__/Drivers/STM32F4xx_HAL_Driver/Src/stm32f4xx_hal_rcc.c.obj
 .ARM.attributes
                0x00000126       0x34 cmake/stm32cubemx/CMakeFiles/STM32_Drivers.dir/__/__/Drivers/STM32F4xx_HAL_Driver/Src/stm32f4xx_hal_gpio.c.obj
 .ARM.attributes
                0x0000015a       0x34 cmake/stm32cubemx/CMakeFiles/STM32_Drivers.dir/__/__/Drivers/STM32F4xx_HAL_Driver/Src/stm32f4xx_hal_cortex.c.obj
 .ARM.attributes
                0x0000018e       0x34 cmake/stm32cubemx/CMakeFiles/STM32_Drivers.dir/__/__/Drivers/STM32F4xx_HAL_Driver/Src/stm32f4xx_hal.c.obj
 .ARM.attributes
                0x000001c2       0x34 cmake/stm32cubemx/CMakeFiles/STM32_Drivers.dir/__/__/Drivers/STM32F4xx_HAL_Driver/Src/stm32f4xx_hal_tim.c.obj
 .ARM.attributes
                0x000001f6       0x34 cmake/stm32cubemx/CMakeFiles/STM32_Drivers.dir/__/__/Drivers/STM32F4xx_HAL_Driver/Src/stm32f4xx_hal_tim_ex.c.obj
 .ARM.attributes
                0x0000022a       0x34 CMakeFiles/STM32F407_Tetris.dir/Core/Src/main.c.obj
 .ARM.attributes
                0x0000025e       0x34 CMakeFiles/STM32F407_Tetris.dir/Core/Src/gpio.c.obj
 .ARM.attributes
                0x00000292       0x34 CMakeFiles/STM32F407_Tetris.dir/Core/Src/fsmc.c.obj
 .ARM.attributes
                0x000002c6       0x34 CMakeFiles/STM32F407_Tetris.dir/Core/Src/tim.c.obj
 .ARM.attributes
                0x000002fa       0x34 CMakeFiles/STM32F407_Tetris.dir/Core/Src/stm32f4xx_it.c.obj
 .ARM.attributes
                0x0000032e       0x34 CMakeFiles/STM32F407_Tetris.dir/Core/Src/stm32f4xx_hal_msp.c.obj
 .ARM.attributes
                0x00000362       0x34 CMakeFiles/STM32F407_Tetris.dir/Core/Src/sysmem.c.obj
 .ARM.attributes
                0x00000396       0x34 CMakeFiles/STM32F407_Tetris.dir/Core/Src/syscalls.c.obj
 .ARM.attributes
                0x000003ca       0x21 CMakeFiles/STM32F407_Tetris.dir/startup_stm32f407xx.s.obj
 .ARM.attributes
                0x000003eb       0x34 CMakeFiles/STM32F407_Tetris.dir/Core/Src/lcd.c.obj
 .ARM.attributes
                0x0000041f       0x34 CMakeFiles/STM32F407_Tetris.dir/Core/Src/tetris.c.obj
 .ARM.attributes
                0x00000453       0x22 D:/ST/STM32CubeCLT_1.21.0/GNU-tools-for-STM32/bin/../lib/gcc/arm-none-eabi/14.3.1/thumb/v7e-m+fp/hard\libgcc.a(_arm_muldf3.o)
 .ARM.attributes
                0x00000475       0x22 D:/ST/STM32CubeCLT_1.21.0/GNU-tools-for-STM32/bin/../lib/gcc/arm-none-eabi/14.3.1/thumb/v7e-m+fp/hard\libgcc.a(_arm_addsubdf3.o)
 .ARM.attributes
                0x00000497       0x22 D:/ST/STM32CubeCLT_1.21.0/GNU-tools-for-STM32/bin/../lib/gcc/arm-none-eabi/14.3.1/thumb/v7e-m+fp/hard\libgcc.a(_arm_fixunsdfsi.o)
 .ARM.attributes
                0x000004b9       0x22 D:/ST/STM32CubeCLT_1.21.0/GNU-tools-for-STM32/bin/../lib/gcc/arm-none-eabi/14.3.1/thumb/v7e-m+fp/hard\libgcc.a(_aeabi_uldivmod.o)
 .ARM.attributes
                0x000004db       0x34 D:/ST/STM32CubeCLT_1.21.0/GNU-tools-for-STM32/bin/../lib/gcc/arm-none-eabi/14.3.1/thumb/v7e-m+fp/hard\libgcc.a(_udivmoddi4.o)
 .ARM.attributes
                0x0000050f       0x22 D:/ST/STM32CubeCLT_1.21.0/GNU-tools-for-STM32/bin/../lib/gcc/arm-none-eabi/14.3.1/thumb/v7e-m+fp/hard\libgcc.a(_dvmd_tls.o)
 .ARM.attributes
                0x00000531       0x34 D:/ST/STM32CubeCLT_1.21.0/GNU-tools-for-STM32/bin/../lib/gcc/arm-none-eabi/14.3.1/../../../../arm-none-eabi/lib/thumb/v7e-m+fp/hard\libg_nano.a(libc_a-rand.o)
 .ARM.attributes
                0x00000565       0x34 D:/ST/STM32CubeCLT_1.21.0/GNU-tools-for-STM32/bin/../lib/gcc/arm-none-eabi/14.3.1/../../../../arm-none-eabi/lib/thumb/v7e-m+fp/hard\libg_nano.a(libc_a-findfp.o)
 .ARM.attributes
                0x00000599       0x34 D:/ST/STM32CubeCLT_1.21.0/GNU-tools-for-STM32/bin/../lib/gcc/arm-none-eabi/14.3.1/../../../../arm-none-eabi/lib/thumb/v7e-m+fp/hard\libg_nano.a(libc_a-fwalk.o)
 .ARM.attributes
                0x000005cd       0x34 D:/ST/STM32CubeCLT_1.21.0/GNU-tools-for-STM32/bin/../lib/gcc/arm-none-eabi/14.3.1/../../../../arm-none-eabi/lib/thumb/v7e-m+fp/hard\libg_nano.a(libc_a-stdio.o)
 .ARM.attributes
                0x00000601       0x34 D:/ST/STM32CubeCLT_1.21.0/GNU-tools-for-STM32/bin/../lib/gcc/arm-none-eabi/14.3.1/../../../../arm-none-eabi/lib/thumb/v7e-m+fp/hard\libg_nano.a(libc_a-memset.o)
 .ARM.attributes
                0x00000635       0x34 D:/ST/STM32CubeCLT_1.21.0/GNU-tools-for-STM32/bin/../lib/gcc/arm-none-eabi/14.3.1/../../../../arm-none-eabi/lib/thumb/v7e-m+fp/hard\libg_nano.a(libc_a-closer.o)
 .ARM.attributes
                0x00000669       0x34 D:/ST/STM32CubeCLT_1.21.0/GNU-tools-for-STM32/bin/../lib/gcc/arm-none-eabi/14.3.1/../../../../arm-none-eabi/lib/thumb/v7e-m+fp/hard\libg_nano.a(libc_a-reent.o)
 .ARM.attributes
                0x0000069d       0x34 D:/ST/STM32CubeCLT_1.21.0/GNU-tools-for-STM32/bin/../lib/gcc/arm-none-eabi/14.3.1/../../../../arm-none-eabi/lib/thumb/v7e-m+fp/hard\libg_nano.a(libc_a-impure.o)
 .ARM.attributes
                0x000006d1       0x34 D:/ST/STM32CubeCLT_1.21.0/GNU-tools-for-STM32/bin/../lib/gcc/arm-none-eabi/14.3.1/../../../../arm-none-eabi/lib/thumb/v7e-m+fp/hard\libg_nano.a(libc_a-lseekr.o)
 .ARM.attributes
                0x00000705       0x34 D:/ST/STM32CubeCLT_1.21.0/GNU-tools-for-STM32/bin/../lib/gcc/arm-none-eabi/14.3.1/../../../../arm-none-eabi/lib/thumb/v7e-m+fp/hard\libg_nano.a(libc_a-readr.o)
 .ARM.attributes
                0x00000739       0x34 D:/ST/STM32CubeCLT_1.21.0/GNU-tools-for-STM32/bin/../lib/gcc/arm-none-eabi/14.3.1/../../../../arm-none-eabi/lib/thumb/v7e-m+fp/hard\libg_nano.a(libc_a-writer.o)
 .ARM.attributes
                0x0000076d       0x34 D:/ST/STM32CubeCLT_1.21.0/GNU-tools-for-STM32/bin/../lib/gcc/arm-none-eabi/14.3.1/../../../../arm-none-eabi/lib/thumb/v7e-m+fp/hard\libg_nano.a(libc_a-errno.o)
 .ARM.attributes
                0x000007a1       0x34 D:/ST/STM32CubeCLT_1.21.0/GNU-tools-for-STM32/bin/../lib/gcc/arm-none-eabi/14.3.1/../../../../arm-none-eabi/lib/thumb/v7e-m+fp/hard\libg_nano.a(libc_a-init.o)
 .ARM.attributes
                0x000007d5       0x34 D:/ST/STM32CubeCLT_1.21.0/GNU-tools-for-STM32/bin/../lib/gcc/arm-none-eabi/14.3.1/../../../../arm-none-eabi/lib/thumb/v7e-m+fp/hard\libg_nano.a(libc_a-lock.o)
 .ARM.attributes
                0x00000809       0x34 D:/ST/STM32CubeCLT_1.21.0/GNU-tools-for-STM32/bin/../lib/gcc/arm-none-eabi/14.3.1/../../../../arm-none-eabi/lib/thumb/v7e-m+fp/hard\libg_nano.a(libc_a-memcpy-stub.o)
 .ARM.attributes
                0x0000083d       0x34 D:/ST/STM32CubeCLT_1.21.0/GNU-tools-for-STM32/bin/../lib/gcc/arm-none-eabi/14.3.1/../../../../arm-none-eabi/lib/thumb/v7e-m+fp/hard\libg_nano.a(libc_a-assert.o)
 .ARM.attributes
                0x00000871       0x34 D:/ST/STM32CubeCLT_1.21.0/GNU-tools-for-STM32/bin/../lib/gcc/arm-none-eabi/14.3.1/../../../../arm-none-eabi/lib/thumb/v7e-m+fp/hard\libg_nano.a(libc_a-freer.o)
 .ARM.attributes
                0x000008a5       0x34 D:/ST/STM32CubeCLT_1.21.0/GNU-tools-for-STM32/bin/../lib/gcc/arm-none-eabi/14.3.1/../../../../arm-none-eabi/lib/thumb/v7e-m+fp/hard\libg_nano.a(libc_a-malloc.o)
 .ARM.attributes
                0x000008d9       0x34 D:/ST/STM32CubeCLT_1.21.0/GNU-tools-for-STM32/bin/../lib/gcc/arm-none-eabi/14.3.1/../../../../arm-none-eabi/lib/thumb/v7e-m+fp/hard\libg_nano.a(libc_a-mallocr.o)
 .ARM.attributes
                0x0000090d       0x34 D:/ST/STM32CubeCLT_1.21.0/GNU-tools-for-STM32/bin/../lib/gcc/arm-none-eabi/14.3.1/../../../../arm-none-eabi/lib/thumb/v7e-m+fp/hard\libg_nano.a(libc_a-mlock.o)
 .ARM.attributes
                0x00000941       0x34 D:/ST/STM32CubeCLT_1.21.0/GNU-tools-for-STM32/bin/../lib/gcc/arm-none-eabi/14.3.1/../../../../arm-none-eabi/lib/thumb/v7e-m+fp/hard\libg_nano.a(libc_a-fflush.o)
 .ARM.attributes
                0x00000975       0x34 D:/ST/STM32CubeCLT_1.21.0/GNU-tools-for-STM32/bin/../lib/gcc/arm-none-eabi/14.3.1/../../../../arm-none-eabi/lib/thumb/v7e-m+fp/hard\libg_nano.a(libc_a-fprintf.o)
 .ARM.attributes
                0x000009a9       0x34 D:/ST/STM32CubeCLT_1.21.0/GNU-tools-for-STM32/bin/../lib/gcc/arm-none-eabi/14.3.1/../../../../arm-none-eabi/lib/thumb/v7e-m+fp/hard\libg_nano.a(libc_a-sbrkr.o)
 .ARM.attributes
                0x000009dd       0x34 D:/ST/STM32CubeCLT_1.21.0/GNU-tools-for-STM32/bin/../lib/gcc/arm-none-eabi/14.3.1/../../../../arm-none-eabi/lib/thumb/v7e-m+fp/hard\libg_nano.a(libc_a-abort.o)
 .ARM.attributes
                0x00000a11       0x34 D:/ST/STM32CubeCLT_1.21.0/GNU-tools-for-STM32/bin/../lib/gcc/arm-none-eabi/14.3.1/../../../../arm-none-eabi/lib/thumb/v7e-m+fp/hard\libg_nano.a(libc_a-nano-vfprintf.o)
 .ARM.attributes
                0x00000a45       0x34 D:/ST/STM32CubeCLT_1.21.0/GNU-tools-for-STM32/bin/../lib/gcc/arm-none-eabi/14.3.1/../../../../arm-none-eabi/lib/thumb/v7e-m+fp/hard\libg_nano.a(libc_a-nano-vfprintf_i.o)
 .ARM.attributes
                0x00000a79       0x34 D:/ST/STM32CubeCLT_1.21.0/GNU-tools-for-STM32/bin/../lib/gcc/arm-none-eabi/14.3.1/../../../../arm-none-eabi/lib/thumb/v7e-m+fp/hard\libg_nano.a(libc_a-wbuf.o)
 .ARM.attributes
                0x00000aad       0x34 D:/ST/STM32CubeCLT_1.21.0/GNU-tools-for-STM32/bin/../lib/gcc/arm-none-eabi/14.3.1/../../../../arm-none-eabi/lib/thumb/v7e-m+fp/hard\libg_nano.a(libc_a-wsetup.o)
 .ARM.attributes
                0x00000ae1       0x34 D:/ST/STM32CubeCLT_1.21.0/GNU-tools-for-STM32/bin/../lib/gcc/arm-none-eabi/14.3.1/../../../../arm-none-eabi/lib/thumb/v7e-m+fp/hard\libg_nano.a(libc_a-signal.o)
 .ARM.attributes
                0x00000b15       0x34 D:/ST/STM32CubeCLT_1.21.0/GNU-tools-for-STM32/bin/../lib/gcc/arm-none-eabi/14.3.1/../../../../arm-none-eabi/lib/thumb/v7e-m+fp/hard\libg_nano.a(libc_a-signalr.o)
 .ARM.attributes
                0x00000b49       0x1c D:/ST/STM32CubeCLT_1.21.0/GNU-tools-for-STM32/bin/../lib/gcc/arm-none-eabi/14.3.1/../../../../arm-none-eabi/lib/thumb/v7e-m+fp/hard\libg_nano.a(libc_a-memchr.o)
 .ARM.attributes
                0x00000b65       0x34 D:/ST/STM32CubeCLT_1.21.0/GNU-tools-for-STM32/bin/../lib/gcc/arm-none-eabi/14.3.1/../../../../arm-none-eabi/lib/thumb/v7e-m+fp/hard\libg_nano.a(libc_a-makebuf.o)
 .ARM.attributes
                0x00000b99       0x34 D:/ST/STM32CubeCLT_1.21.0/GNU-tools-for-STM32/bin/../lib/gcc/arm-none-eabi/14.3.1/../../../../arm-none-eabi/lib/thumb/v7e-m+fp/hard\libg_nano.a(libc_a-fstatr.o)
 .ARM.attributes
                0x00000bcd       0x34 D:/ST/STM32CubeCLT_1.21.0/GNU-tools-for-STM32/bin/../lib/gcc/arm-none-eabi/14.3.1/../../../../arm-none-eabi/lib/thumb/v7e-m+fp/hard\libg_nano.a(libc_a-isattyr.o)
 .ARM.attributes
                0x00000c01       0x22 D:/ST/STM32CubeCLT_1.21.0/GNU-tools-for-STM32/bin/../lib/gcc/arm-none-eabi/14.3.1/thumb/v7e-m+fp/hard/crtn.o

.comment        0x00000000       0x43
 .comment       0x00000000       0x43 cmake/stm32cubemx/CMakeFiles/STM32_Drivers.dir/__/__/Core/Src/system_stm32f4xx.c.obj
                                 0x44 (size before relaxing)
 .comment       0x00000043       0x44 cmake/stm32cubemx/CMakeFiles/STM32_Drivers.dir/__/__/Drivers/STM32F4xx_HAL_Driver/Src/stm32f4xx_ll_fsmc.c.obj
 .comment       0x00000043       0x44 cmake/stm32cubemx/CMakeFiles/STM32_Drivers.dir/__/__/Drivers/STM32F4xx_HAL_Driver/Src/stm32f4xx_hal_sram.c.obj
 .comment       0x00000043       0x44 cmake/stm32cubemx/CMakeFiles/STM32_Drivers.dir/__/__/Drivers/STM32F4xx_HAL_Driver/Src/stm32f4xx_hal_rcc.c.obj
 .comment       0x00000043       0x44 cmake/stm32cubemx/CMakeFiles/STM32_Drivers.dir/__/__/Drivers/STM32F4xx_HAL_Driver/Src/stm32f4xx_hal_gpio.c.obj
 .comment       0x00000043       0x44 cmake/stm32cubemx/CMakeFiles/STM32_Drivers.dir/__/__/Drivers/STM32F4xx_HAL_Driver/Src/stm32f4xx_hal_cortex.c.obj
 .comment       0x00000043       0x44 cmake/stm32cubemx/CMakeFiles/STM32_Drivers.dir/__/__/Drivers/STM32F4xx_HAL_Driver/Src/stm32f4xx_hal.c.obj
 .comment       0x00000043       0x44 cmake/stm32cubemx/CMakeFiles/STM32_Drivers.dir/__/__/Drivers/STM32F4xx_HAL_Driver/Src/stm32f4xx_hal_tim.c.obj
 .comment       0x00000043       0x44 cmake/stm32cubemx/CMakeFiles/STM32_Drivers.dir/__/__/Drivers/STM32F4xx_HAL_Driver/Src/stm32f4xx_hal_tim_ex.c.obj
 .comment       0x00000043       0x44 CMakeFiles/STM32F407_Tetris.dir/Core/Src/main.c.obj
 .comment       0x00000043       0x44 CMakeFiles/STM32F407_Tetris.dir/Core/Src/gpio.c.obj
 .comment       0x00000043       0x44 CMakeFiles/STM32F407_Tetris.dir/Core/Src/fsmc.c.obj
 .comment       0x00000043       0x44 CMakeFiles/STM32F407_Tetris.dir/Core/Src/tim.c.obj
 .comment       0x00000043       0x44 CMakeFiles/STM32F407_Tetris.dir/Core/Src/stm32f4xx_it.c.obj
 .comment       0x00000043       0x44 CMakeFiles/STM32F407_Tetris.dir/Core/Src/stm32f4xx_hal_msp.c.obj
 .comment       0x00000043       0x44 CMakeFiles/STM32F407_Tetris.dir/Core/Src/sysmem.c.obj
 .comment       0x00000043       0x44 CMakeFiles/STM32F407_Tetris.dir/Core/Src/syscalls.c.obj
 .comment       0x00000043       0x44 CMakeFiles/STM32F407_Tetris.dir/Core/Src/lcd.c.obj
 .comment       0x00000043       0x44 CMakeFiles/STM32F407_Tetris.dir/Core/Src/tetris.c.obj
 .comment       0x00000043       0x44 D:/ST/STM32CubeCLT_1.21.0/GNU-tools-for-STM32/bin/../lib/gcc/arm-none-eabi/14.3.1/../../../../arm-none-eabi/lib/thumb/v7e-m+fp/hard\libg_nano.a(libc_a-rand.o)
 .comment       0x00000043       0x44 D:/ST/STM32CubeCLT_1.21.0/GNU-tools-for-STM32/bin/../lib/gcc/arm-none-eabi/14.3.1/../../../../arm-none-eabi/lib/thumb/v7e-m+fp/hard\libg_nano.a(libc_a-findfp.o)
 .comment       0x00000043       0x44 D:/ST/STM32CubeCLT_1.21.0/GNU-tools-for-STM32/bin/../lib/gcc/arm-none-eabi/14.3.1/../../../../arm-none-eabi/lib/thumb/v7e-m+fp/hard\libg_nano.a(libc_a-fwalk.o)
 .comment       0x00000043       0x44 D:/ST/STM32CubeCLT_1.21.0/GNU-tools-for-STM32/bin/../lib/gcc/arm-none-eabi/14.3.1/../../../../arm-none-eabi/lib/thumb/v7e-m+fp/hard\libg_nano.a(libc_a-stdio.o)
 .comment       0x00000043       0x44 D:/ST/STM32CubeCLT_1.21.0/GNU-tools-for-STM32/bin/../lib/gcc/arm-none-eabi/14.3.1/../../../../arm-none-eabi/lib/thumb/v7e-m+fp/hard\libg_nano.a(libc_a-memset.o)
 .comment       0x00000043       0x44 D:/ST/STM32CubeCLT_1.21.0/GNU-tools-for-STM32/bin/../lib/gcc/arm-none-eabi/14.3.1/../../../../arm-none-eabi/lib/thumb/v7e-m+fp/hard\libg_nano.a(libc_a-closer.o)
 .comment       0x00000043       0x44 D:/ST/STM32CubeCLT_1.21.0/GNU-tools-for-STM32/bin/../lib/gcc/arm-none-eabi/14.3.1/../../../../arm-none-eabi/lib/thumb/v7e-m+fp/hard\libg_nano.a(libc_a-reent.o)
 .comment       0x00000043       0x44 D:/ST/STM32CubeCLT_1.21.0/GNU-tools-for-STM32/bin/../lib/gcc/arm-none-eabi/14.3.1/../../../../arm-none-eabi/lib/thumb/v7e-m+fp/hard\libg_nano.a(libc_a-impure.o)
 .comment       0x00000043       0x44 D:/ST/STM32CubeCLT_1.21.0/GNU-tools-for-STM32/bin/../lib/gcc/arm-none-eabi/14.3.1/../../../../arm-none-eabi/lib/thumb/v7e-m+fp/hard\libg_nano.a(libc_a-lseekr.o)
 .comment       0x00000043       0x44 D:/ST/STM32CubeCLT_1.21.0/GNU-tools-for-STM32/bin/../lib/gcc/arm-none-eabi/14.3.1/../../../../arm-none-eabi/lib/thumb/v7e-m+fp/hard\libg_nano.a(libc_a-readr.o)
 .comment       0x00000043       0x44 D:/ST/STM32CubeCLT_1.21.0/GNU-tools-for-STM32/bin/../lib/gcc/arm-none-eabi/14.3.1/../../../../arm-none-eabi/lib/thumb/v7e-m+fp/hard\libg_nano.a(libc_a-writer.o)
 .comment       0x00000043       0x44 D:/ST/STM32CubeCLT_1.21.0/GNU-tools-for-STM32/bin/../lib/gcc/arm-none-eabi/14.3.1/../../../../arm-none-eabi/lib/thumb/v7e-m+fp/hard\libg_nano.a(libc_a-errno.o)
 .comment       0x00000043       0x44 D:/ST/STM32CubeCLT_1.21.0/GNU-tools-for-STM32/bin/../lib/gcc/arm-none-eabi/14.3.1/../../../../arm-none-eabi/lib/thumb/v7e-m+fp/hard\libg_nano.a(libc_a-init.o)
 .comment       0x00000043       0x44 D:/ST/STM32CubeCLT_1.21.0/GNU-tools-for-STM32/bin/../lib/gcc/arm-none-eabi/14.3.1/../../../../arm-none-eabi/lib/thumb/v7e-m+fp/hard\libg_nano.a(libc_a-lock.o)
 .comment       0x00000043       0x44 D:/ST/STM32CubeCLT_1.21.0/GNU-tools-for-STM32/bin/../lib/gcc/arm-none-eabi/14.3.1/../../../../arm-none-eabi/lib/thumb/v7e-m+fp/hard\libg_nano.a(libc_a-memcpy-stub.o)
 .comment       0x00000043       0x44 D:/ST/STM32CubeCLT_1.21.0/GNU-tools-for-STM32/bin/../lib/gcc/arm-none-eabi/14.3.1/../../../../arm-none-eabi/lib/thumb/v7e-m+fp/hard\libg_nano.a(libc_a-assert.o)
 .comment       0x00000043       0x44 D:/ST/STM32CubeCLT_1.21.0/GNU-tools-for-STM32/bin/../lib/gcc/arm-none-eabi/14.3.1/../../../../arm-none-eabi/lib/thumb/v7e-m+fp/hard\libg_nano.a(libc_a-freer.o)
 .comment       0x00000043       0x44 D:/ST/STM32CubeCLT_1.21.0/GNU-tools-for-STM32/bin/../lib/gcc/arm-none-eabi/14.3.1/../../../../arm-none-eabi/lib/thumb/v7e-m+fp/hard\libg_nano.a(libc_a-malloc.o)
 .comment       0x00000043       0x44 D:/ST/STM32CubeCLT_1.21.0/GNU-tools-for-STM32/bin/../lib/gcc/arm-none-eabi/14.3.1/../../../../arm-none-eabi/lib/thumb/v7e-m+fp/hard\libg_nano.a(libc_a-mallocr.o)
 .comment       0x00000043       0x44 D:/ST/STM32CubeCLT_1.21.0/GNU-tools-for-STM32/bin/../lib/gcc/arm-none-eabi/14.3.1/../../../../arm-none-eabi/lib/thumb/v7e-m+fp/hard\libg_nano.a(libc_a-mlock.o)
 .comment       0x00000043       0x44 D:/ST/STM32CubeCLT_1.21.0/GNU-tools-for-STM32/bin/../lib/gcc/arm-none-eabi/14.3.1/../../../../arm-none-eabi/lib/thumb/v7e-m+fp/hard\libg_nano.a(libc_a-fflush.o)
 .comment       0x00000043       0x44 D:/ST/STM32CubeCLT_1.21.0/GNU-tools-for-STM32/bin/../lib/gcc/arm-none-eabi/14.3.1/../../../../arm-none-eabi/lib/thumb/v7e-m+fp/hard\libg_nano.a(libc_a-fprintf.o)
 .comment       0x00000043       0x44 D:/ST/STM32CubeCLT_1.21.0/GNU-tools-for-STM32/bin/../lib/gcc/arm-none-eabi/14.3.1/../../../../arm-none-eabi/lib/thumb/v7e-m+fp/hard\libg_nano.a(libc_a-sbrkr.o)
 .comment       0x00000043       0x44 D:/ST/STM32CubeCLT_1.21.0/GNU-tools-for-STM32/bin/../lib/gcc/arm-none-eabi/14.3.1/../../../../arm-none-eabi/lib/thumb/v7e-m+fp/hard\libg_nano.a(libc_a-abort.o)
 .comment       0x00000043       0x44 D:/ST/STM32CubeCLT_1.21.0/GNU-tools-for-STM32/bin/../lib/gcc/arm-none-eabi/14.3.1/../../../../arm-none-eabi/lib/thumb/v7e-m+fp/hard\libg_nano.a(libc_a-nano-vfprintf.o)
 .comment       0x00000043       0x44 D:/ST/STM32CubeCLT_1.21.0/GNU-tools-for-STM32/bin/../lib/gcc/arm-none-eabi/14.3.1/../../../../arm-none-eabi/lib/thumb/v7e-m+fp/hard\libg_nano.a(libc_a-nano-vfprintf_i.o)
 .comment       0x00000043       0x44 D:/ST/STM32CubeCLT_1.21.0/GNU-tools-for-STM32/bin/../lib/gcc/arm-none-eabi/14.3.1/../../../../arm-none-eabi/lib/thumb/v7e-m+fp/hard\libg_nano.a(libc_a-wbuf.o)
 .comment       0x00000043       0x44 D:/ST/STM32CubeCLT_1.21.0/GNU-tools-for-STM32/bin/../lib/gcc/arm-none-eabi/14.3.1/../../../../arm-none-eabi/lib/thumb/v7e-m+fp/hard\libg_nano.a(libc_a-wsetup.o)
 .comment       0x00000043       0x44 D:/ST/STM32CubeCLT_1.21.0/GNU-tools-for-STM32/bin/../lib/gcc/arm-none-eabi/14.3.1/../../../../arm-none-eabi/lib/thumb/v7e-m+fp/hard\libg_nano.a(libc_a-signal.o)
 .comment       0x00000043       0x44 D:/ST/STM32CubeCLT_1.21.0/GNU-tools-for-STM32/bin/../lib/gcc/arm-none-eabi/14.3.1/../../../../arm-none-eabi/lib/thumb/v7e-m+fp/hard\libg_nano.a(libc_a-signalr.o)
 .comment       0x00000043       0x44 D:/ST/STM32CubeCLT_1.21.0/GNU-tools-for-STM32/bin/../lib/gcc/arm-none-eabi/14.3.1/../../../../arm-none-eabi/lib/thumb/v7e-m+fp/hard\libg_nano.a(libc_a-makebuf.o)
 .comment       0x00000043       0x44 D:/ST/STM32CubeCLT_1.21.0/GNU-tools-for-STM32/bin/../lib/gcc/arm-none-eabi/14.3.1/../../../../arm-none-eabi/lib/thumb/v7e-m+fp/hard\libg_nano.a(libc_a-fstatr.o)
 .comment       0x00000043       0x44 D:/ST/STM32CubeCLT_1.21.0/GNU-tools-for-STM32/bin/../lib/gcc/arm-none-eabi/14.3.1/../../../../arm-none-eabi/lib/thumb/v7e-m+fp/hard\libg_nano.a(libc_a-isattyr.o)

.debug_info     0x00000000    0x1db39
 .debug_info    0x00000000      0x512 cmake/stm32cubemx/CMakeFiles/STM32_Drivers.dir/__/__/Core/Src/system_stm32f4xx.c.obj
 .debug_info    0x00000512      0x9a5 cmake/stm32cubemx/CMakeFiles/STM32_Drivers.dir/__/__/Drivers/STM32F4xx_HAL_Driver/Src/stm32f4xx_ll_fsmc.c.obj
 .debug_info    0x00000eb7      0xd48 cmake/stm32cubemx/CMakeFiles/STM32_Drivers.dir/__/__/Drivers/STM32F4xx_HAL_Driver/Src/stm32f4xx_hal_sram.c.obj
 .debug_info    0x00001bff      0x8c3 cmake/stm32cubemx/CMakeFiles/STM32_Drivers.dir/__/__/Drivers/STM32F4xx_HAL_Driver/Src/stm32f4xx_hal_rcc.c.obj
 .debug_info    0x000024c2      0x6c3 cmake/stm32cubemx/CMakeFiles/STM32_Drivers.dir/__/__/Drivers/STM32F4xx_HAL_Driver/Src/stm32f4xx_hal_gpio.c.obj
 .debug_info    0x00002b85      0xd8c cmake/stm32cubemx/CMakeFiles/STM32_Drivers.dir/__/__/Drivers/STM32F4xx_HAL_Driver/Src/stm32f4xx_hal_cortex.c.obj
 .debug_info    0x00003911      0x944 cmake/stm32cubemx/CMakeFiles/STM32_Drivers.dir/__/__/Drivers/STM32F4xx_HAL_Driver/Src/stm32f4xx_hal.c.obj
 .debug_info    0x00004255     0x299d cmake/stm32cubemx/CMakeFiles/STM32_Drivers.dir/__/__/Drivers/STM32F4xx_HAL_Driver/Src/stm32f4xx_hal_tim.c.obj
 .debug_info    0x00006bf2     0x14db cmake/stm32cubemx/CMakeFiles/STM32_Drivers.dir/__/__/Drivers/STM32F4xx_HAL_Driver/Src/stm32f4xx_hal_tim_ex.c.obj
 .debug_info    0x000080cd      0xaf3 CMakeFiles/STM32F407_Tetris.dir/Core/Src/main.c.obj
 .debug_info    0x00008bc0      0x45d CMakeFiles/STM32F407_Tetris.dir/Core/Src/gpio.c.obj
 .debug_info    0x0000901d      0x9f6 CMakeFiles/STM32F407_Tetris.dir/Core/Src/fsmc.c.obj
 .debug_info    0x00009a13      0xe80 CMakeFiles/STM32F407_Tetris.dir/Core/Src/tim.c.obj
 .debug_info    0x0000a893      0x7fa CMakeFiles/STM32F407_Tetris.dir/Core/Src/stm32f4xx_it.c.obj
 .debug_info    0x0000b08d      0x269 CMakeFiles/STM32F407_Tetris.dir/Core/Src/stm32f4xx_hal_msp.c.obj
 .debug_info    0x0000b2f6      0x168 CMakeFiles/STM32F407_Tetris.dir/Core/Src/sysmem.c.obj
 .debug_info    0x0000b45e      0x6b4 CMakeFiles/STM32F407_Tetris.dir/Core/Src/syscalls.c.obj
 .debug_info    0x0000bb12       0x30 CMakeFiles/STM32F407_Tetris.dir/startup_stm32f407xx.s.obj
 .debug_info    0x0000bb42      0xc6b CMakeFiles/STM32F407_Tetris.dir/Core/Src/lcd.c.obj
 .debug_info    0x0000c7ad      0xdf6 CMakeFiles/STM32F407_Tetris.dir/Core/Src/tetris.c.obj
 .debug_info    0x0000d5a3      0x863 D:/ST/STM32CubeCLT_1.21.0/GNU-tools-for-STM32/bin/../lib/gcc/arm-none-eabi/14.3.1/../../../../arm-none-eabi/lib/thumb/v7e-m+fp/hard\libg_nano.a(libc_a-rand.o)
 .debug_info    0x0000de06      0xfb8 D:/ST/STM32CubeCLT_1.21.0/GNU-tools-for-STM32/bin/../lib/gcc/arm-none-eabi/14.3.1/../../../../arm-none-eabi/lib/thumb/v7e-m+fp/hard\libg_nano.a(libc_a-findfp.o)
 .debug_info    0x0000edbe      0x7d2 D:/ST/STM32CubeCLT_1.21.0/GNU-tools-for-STM32/bin/../lib/gcc/arm-none-eabi/14.3.1/../../../../arm-none-eabi/lib/thumb/v7e-m+fp/hard\libg_nano.a(libc_a-fwalk.o)