C:/Users/29750/Desktop/STM32F407_Tetris/Core/Src/app_settings.c:51:13:ee_delay	16	static,ignoring_inline_asm
C:/Users/29750/Desktop/STM32F407_Tetris/Core/Src/app_settings.c:59:13:ee_sda_out	32	static
C:/Users/29750/Desktop/STM32F407_Tetris/Core/Src/app_settings.c:70:13:ee_sda_in	32	static
C:/Users/29750/Desktop/STM32F407_Tetris/Core/Src/app_settings.c:81:13:ee_i2c_init	32	static
C:/Users/29750/Desktop/STM32F407_Tetris/Core/Src/app_settings.c:97:13:ee_start	8	static
C:/Users/29750/Desktop/STM32F407_Tetris/Core/Src/app_settings.c:109:13:ee_stop	8	static
C:/Users/29750/Desktop/STM32F407_Tetris/Core/Src/app_settings.c:122:16:ee_wait_ack	16	static
C:/Users/29750/Desktop/STM32F407_Tetris/Core/Src/app_settings.c:136:16:ee_send_byte	24	static
C:/Users/29750/Desktop/STM32F407_Tetris/Core/Src/app_settings.c:152:16:ee_read_byte	24	static
C:/Users/29750/Desktop/STM32F407_Tetris/Core/Src/app_settings.c:180:16:eeprom_read	32	static
C:/Users/29750/Desktop/STM32F407_Tetris/Core/Src/app_settings.c:205:16:eeprom_write_page	24	static
C:/Users/29750/Desktop/STM32F407_Tetris/Core/Src/app_settings.c:225:16:eeprom_write	24	static
C:/Users/29750/Desktop/STM32F407_Tetris/Core/Src/app_settings.c:242:17:checksum16	24	static
C:/Users/29750/Desktop/STM32F407_Tetris/Core/Src/app_settings.c:253:26:make_record_from_settings	240	static
C:/Users/29750/Desktop/STM32F407_Tetris/Core/Src/app_settings.c:273:16:record_is_valid	24	static
C:/Users/29750/Desktop/STM32F407_Tetris/Core/Src/app_settings.c:288:13:save_settings	456	static
C:/Users/29750/Desktop/STM32F407_Tetris/Core/Src/app_settings.c:302:6:App_Settings_Init	232	static
C:/Users/29750/Desktop/STM32F407_Tetris/Core/Src/app_settings.c:334:23:App_Settings_Get	4	static
C:/Users/29750/Desktop/STM32F407_Tetris/Core/Src/app_settings.c:340:6:App_Settings_SetVolume	16	static
C:/Users/29750/Desktop/STM32F407_Tetris/Core/Src/app_settings.c:354:9:App_Settings_UpdateHighScore	16	static
C:/Users/29750/Desktop/STM32F407_Tetris/Core/Src/app_settings.c:368:6:App_Settings_AddGameResult	32	static
C:/Users/29750/Desktop/STM32F407_Tetris/Core/Src/app_settings.c:396:9:App_Settings_GetHistory	32	static
