C:/Users/29750/Desktop/STM32F407_Tetris/Core/Src/app_settings.c:39:13:ee_delay	16	static,ignoring_inline_asm
C:/Users/29750/Desktop/STM32F407_Tetris/Core/Src/app_settings.c:46:13:ee_sda_out	32	static
C:/Users/29750/Desktop/STM32F407_Tetris/Core/Src/app_settings.c:56:13:ee_sda_in	32	static
C:/Users/29750/Desktop/STM32F407_Tetris/Core/Src/app_settings.c:66:13:ee_i2c_init	32	static
C:/Users/29750/Desktop/STM32F407_Tetris/Core/Src/app_settings.c:81:13:ee_start	8	static
C:/Users/29750/Desktop/STM32F407_Tetris/Core/Src/app_settings.c:92:13:ee_stop	8	static
C:/Users/29750/Desktop/STM32F407_Tetris/Core/Src/app_settings.c:104:16:ee_wait_ack	16	static
C:/Users/29750/Desktop/STM32F407_Tetris/Core/Src/app_settings.c:117:16:ee_send_byte	24	static
C:/Users/29750/Desktop/STM32F407_Tetris/Core/Src/app_settings.c:132:16:ee_read_byte	24	static
C:/Users/29750/Desktop/STM32F407_Tetris/Core/Src/app_settings.c:159:16:eeprom_read	32	static
C:/Users/29750/Desktop/STM32F407_Tetris/Core/Src/app_settings.c:183:16:eeprom_write_page	24	static
C:/Users/29750/Desktop/STM32F407_Tetris/Core/Src/app_settings.c:202:16:eeprom_write	24	static
C:/Users/29750/Desktop/STM32F407_Tetris/Core/Src/app_settings.c:217:17:checksum16	24	static
C:/Users/29750/Desktop/STM32F407_Tetris/Core/Src/app_settings.c:227:26:make_record_from_settings	240	static
C:/Users/29750/Desktop/STM32F407_Tetris/Core/Src/app_settings.c:245:16:record_is_valid	24	static
C:/Users/29750/Desktop/STM32F407_Tetris/Core/Src/app_settings.c:258:13:save_settings	456	static
C:/Users/29750/Desktop/STM32F407_Tetris/Core/Src/app_settings.c:270:6:App_Settings_Init	232	static
C:/Users/29750/Desktop/STM32F407_Tetris/Core/Src/app_settings.c:300:23:App_Settings_Get	4	static
C:/Users/29750/Desktop/STM32F407_Tetris/Core/Src/app_settings.c:305:6:App_Settings_SetVolume	16	static
C:/Users/29750/Desktop/STM32F407_Tetris/Core/Src/app_settings.c:317:9:App_Settings_UpdateHighScore	16	static
C:/Users/29750/Desktop/STM32F407_Tetris/Core/Src/app_settings.c:330:6:App_Settings_AddGameResult	32	static
C:/Users/29750/Desktop/STM32F407_Tetris/Core/Src/app_settings.c:356:9:App_Settings_GetHistory	32	static
