C:/Users/29750/Desktop/STM32F407_Tetris/Core/Src/audio_bgm.c:28:13:delay_short	16	static,ignoring_inline_asm
C:/Users/29750/Desktop/STM32F407_Tetris/Core/Src/audio_bgm.c:35:13:es_i2c_sda_out	32	static
C:/Users/29750/Desktop/STM32F407_Tetris/Core/Src/audio_bgm.c:45:13:es_i2c_sda_in	32	static
C:/Users/29750/Desktop/STM32F407_Tetris/Core/Src/audio_bgm.c:55:13:es_i2c_init	32	static
C:/Users/29750/Desktop/STM32F407_Tetris/Core/Src/audio_bgm.c:71:13:es_i2c_start	8	static
C:/Users/29750/Desktop/STM32F407_Tetris/Core/Src/audio_bgm.c:82:13:es_i2c_stop	8	static
C:/Users/29750/Desktop/STM32F407_Tetris/Core/Src/audio_bgm.c:94:16:es_i2c_wait_ack	16	static
C:/Users/29750/Desktop/STM32F407_Tetris/Core/Src/audio_bgm.c:107:16:es_i2c_send_byte	24	static
C:/Users/29750/Desktop/STM32F407_Tetris/Core/Src/audio_bgm.c:122:16:es8388_write_reg	24	static
C:/Users/29750/Desktop/STM32F407_Tetris/Core/Src/audio_bgm.c:135:13:es8388_set_volume	16	static
C:/Users/29750/Desktop/STM32F407_Tetris/Core/Src/audio_bgm.c:147:13:es8388_init_playback	8	static
C:/Users/29750/Desktop/STM32F407_Tetris/Core/Src/audio_bgm.c:178:16:next_sample	16	static
C:/Users/29750/Desktop/STM32F407_Tetris/Core/Src/audio_bgm.c:189:13:fill_audio	24	static
C:/Users/29750/Desktop/STM32F407_Tetris/Core/Src/audio_bgm.c:203:13:i2s_clock_init	24	static
C:/Users/29750/Desktop/STM32F407_Tetris/Core/Src/audio_bgm.c:214:6:Audio_BGM_Init	8	static
C:/Users/29750/Desktop/STM32F407_Tetris/Core/Src/audio_bgm.c:240:6:Audio_BGM_Start	4	static
C:/Users/29750/Desktop/STM32F407_Tetris/Core/Src/audio_bgm.c:250:6:Audio_BGM_Stop	4	static
C:/Users/29750/Desktop/STM32F407_Tetris/Core/Src/audio_bgm.c:255:6:Audio_BGM_Task	4	static
C:/Users/29750/Desktop/STM32F407_Tetris/Core/Src/audio_bgm.c:259:6:Audio_BGM_SetVolume	16	static
C:/Users/29750/Desktop/STM32F407_Tetris/Core/Src/audio_bgm.c:268:9:Audio_BGM_GetVolume	4	static
C:/Users/29750/Desktop/STM32F407_Tetris/Core/Src/audio_bgm.c:273:6:Audio_BGM_DMA_IRQHandler	8	static
C:/Users/29750/Desktop/STM32F407_Tetris/Core/Src/audio_bgm.c:278:6:HAL_I2S_MspInit	56	static
C:/Users/29750/Desktop/STM32F407_Tetris/Core/Src/audio_bgm.c:322:6:HAL_I2S_TxHalfCpltCallback	16	static
C:/Users/29750/Desktop/STM32F407_Tetris/Core/Src/audio_bgm.c:330:6:HAL_I2S_TxCpltCallback	16	static
