C:/Users/29750/Desktop/STM32F407_Tetris/Core/Src/audio_bgm.c:37:13:delay_short	16	static,ignoring_inline_asm
C:/Users/29750/Desktop/STM32F407_Tetris/Core/Src/audio_bgm.c:45:13:es_i2c_sda_out	32	static
C:/Users/29750/Desktop/STM32F407_Tetris/Core/Src/audio_bgm.c:56:13:es_i2c_sda_in	32	static
C:/Users/29750/Desktop/STM32F407_Tetris/Core/Src/audio_bgm.c:67:13:es_i2c_init	32	static
C:/Users/29750/Desktop/STM32F407_Tetris/Core/Src/audio_bgm.c:84:13:es_i2c_start	8	static
C:/Users/29750/Desktop/STM32F407_Tetris/Core/Src/audio_bgm.c:96:13:es_i2c_stop	8	static
C:/Users/29750/Desktop/STM32F407_Tetris/Core/Src/audio_bgm.c:109:16:es_i2c_wait_ack	16	static
C:/Users/29750/Desktop/STM32F407_Tetris/Core/Src/audio_bgm.c:123:16:es_i2c_send_byte	24	static
C:/Users/29750/Desktop/STM32F407_Tetris/Core/Src/audio_bgm.c:139:16:es8388_write_reg	24	static
C:/Users/29750/Desktop/STM32F407_Tetris/Core/Src/audio_bgm.c:153:13:es8388_set_volume	16	static
C:/Users/29750/Desktop/STM32F407_Tetris/Core/Src/audio_bgm.c:166:13:es8388_init_playback	8	static
C:/Users/29750/Desktop/STM32F407_Tetris/Core/Src/audio_bgm.c:198:16:next_sample	16	static
C:/Users/29750/Desktop/STM32F407_Tetris/Core/Src/audio_bgm.c:210:13:fill_audio	24	static
C:/Users/29750/Desktop/STM32F407_Tetris/Core/Src/audio_bgm.c:225:13:i2s_clock_init	24	static
C:/Users/29750/Desktop/STM32F407_Tetris/Core/Src/audio_bgm.c:237:6:Audio_BGM_Init	8	static
C:/Users/29750/Desktop/STM32F407_Tetris/Core/Src/audio_bgm.c:264:6:Audio_BGM_Start	4	static
C:/Users/29750/Desktop/STM32F407_Tetris/Core/Src/audio_bgm.c:275:6:Audio_BGM_Stop	4	static
C:/Users/29750/Desktop/STM32F407_Tetris/Core/Src/audio_bgm.c:281:6:Audio_BGM_Task	4	static
C:/Users/29750/Desktop/STM32F407_Tetris/Core/Src/audio_bgm.c:286:6:Audio_BGM_SetVolume	16	static
C:/Users/29750/Desktop/STM32F407_Tetris/Core/Src/audio_bgm.c:296:9:Audio_BGM_GetVolume	4	static
C:/Users/29750/Desktop/STM32F407_Tetris/Core/Src/audio_bgm.c:302:6:Audio_BGM_DMA_IRQHandler	8	static
C:/Users/29750/Desktop/STM32F407_Tetris/Core/Src/audio_bgm.c:308:6:HAL_I2S_MspInit	56	static
C:/Users/29750/Desktop/STM32F407_Tetris/Core/Src/audio_bgm.c:353:6:HAL_I2S_TxHalfCpltCallback	16	static
C:/Users/29750/Desktop/STM32F407_Tetris/Core/Src/audio_bgm.c:362:6:HAL_I2S_TxCpltCallback	16	static
