C:/Users/29750/Desktop/STM32F407_Tetris/Core/Src/lcd.c:40:6:LCD_WR_REG	16	static
C:/Users/29750/Desktop/STM32F407_Tetris/Core/Src/lcd.c:47:6:LCD_WR_DATA	16	static
C:/Users/29750/Desktop/STM32F407_Tetris/Core/Src/lcd.c:54:5:LCD_RD_DATA	16	static
C:/Users/29750/Desktop/STM32F407_Tetris/Core/Src/lcd.c:63:6:LCD_WriteReg	16	static
C:/Users/29750/Desktop/STM32F407_Tetris/Core/Src/lcd.c:71:5:LCD_ReadReg	16	static
C:/Users/29750/Desktop/STM32F407_Tetris/Core/Src/lcd.c:78:6:LCD_WriteRAM_Prepare	4	static
C:/Users/29750/Desktop/STM32F407_Tetris/Core/Src/lcd.c:84:6:LCD_WriteRAM	16	static
C:/Users/29750/Desktop/STM32F407_Tetris/Core/Src/lcd.c:92:5:LCD_BGR2RGB	24	static
C:/Users/29750/Desktop/STM32F407_Tetris/Core/Src/lcd.c:103:6:opt_delay	16	static
C:/Users/29750/Desktop/STM32F407_Tetris/Core/Src/lcd.c:110:5:LCD_ReadPoint	24	static
C:/Users/29750/Desktop/STM32F407_Tetris/Core/Src/lcd.c:138:6:LCD_DisplayOn	8	static
C:/Users/29750/Desktop/STM32F407_Tetris/Core/Src/lcd.c:150:6:LCD_DisplayOff	8	static
C:/Users/29750/Desktop/STM32F407_Tetris/Core/Src/lcd.c:164:6:LCD_SetCursor	16	static
C:/Users/29750/Desktop/STM32F407_Tetris/Core/Src/lcd.c:221:6:LCD_Scan_Dir	24	static
C:/Users/29750/Desktop/STM32F407_Tetris/Core/Src/lcd.c:370:6:LCD_DrawPoint	16	static
C:/Users/29750/Desktop/STM32F407_Tetris/Core/Src/lcd.c:379:6:LCD_Fast_DrawPoint	16	static
C:/Users/29750/Desktop/STM32F407_Tetris/Core/Src/lcd.c:423:6:LCD_SSD_BackLightSet	16	static
C:/Users/29750/Desktop/STM32F407_Tetris/Core/Src/lcd.c:436:6:LCD_Display_Dir	16	static
C:/Users/29750/Desktop/STM32F407_Tetris/Core/Src/lcd.c:516:6:LCD_Set_Window	32	static
C:/Users/29750/Desktop/STM32F407_Tetris/Core/Src/lcd.c:574:6:LCD_Init	8	static
C:/Users/29750/Desktop/STM32F407_Tetris/Core/Src/lcd.c:2011:6:LCD_Clear	24	static
C:/Users/29750/Desktop/STM32F407_Tetris/Core/Src/lcd.c:2030:6:LCD_Fill	32	static
C:/Users/29750/Desktop/STM32F407_Tetris/Core/Src/lcd.c:2052:6:LCD_Color_Fill	32	static
C:/Users/29750/Desktop/STM32F407_Tetris/Core/Src/lcd.c:2074:6:LCD_DrawLine	64	static
C:/Users/29750/Desktop/STM32F407_Tetris/Core/Src/lcd.c:2125:6:LCD_DrawRectangle	24	static
C:/Users/29750/Desktop/STM32F407_Tetris/Core/Src/lcd.c:2135:6:LCD_Draw_Circle	32	static
C:/Users/29750/Desktop/STM32F407_Tetris/Core/Src/lcd.c:2171:6:LCD_ShowChar	32	static
C:/Users/29750/Desktop/STM32F407_Tetris/Core/Src/lcd.c:2202:5:LCD_Pow	24	static
C:/Users/29750/Desktop/STM32F407_Tetris/Core/Src/lcd.c:2214:6:LCD_ShowNum	48	static
C:/Users/29750/Desktop/STM32F407_Tetris/Core/Src/lcd.c:2247:6:LCD_ShowxNum	48	static
C:/Users/29750/Desktop/STM32F407_Tetris/Core/Src/lcd.c:2278:6:LCD_ShowString	40	static
