C:/Users/29750/Desktop/STM32F407_Tetris/Core/Src/spi_flash.c:32:13:flash_delay	4	static,ignoring_inline_asm
C:/Users/29750/Desktop/STM32F407_Tetris/Core/Src/spi_flash.c:39:13:cs	16	static
C:/Users/29750/Desktop/STM32F407_Tetris/Core/Src/spi_flash.c:44:16:spi_xfer	24	static
C:/Users/29750/Desktop/STM32F407_Tetris/Core/Src/spi_flash.c:66:13:send_addr	16	static
C:/Users/29750/Desktop/STM32F407_Tetris/Core/Src/spi_flash.c:73:16:read_sr1	16	static
C:/Users/29750/Desktop/STM32F407_Tetris/Core/Src/spi_flash.c:84:13:wait_busy	8	static
C:/Users/29750/Desktop/STM32F407_Tetris/Core/Src/spi_flash.c:91:13:write_enable	8	static
C:/Users/29750/Desktop/STM32F407_Tetris/Core/Src/spi_flash.c:98:17:checksum16	24	static
C:/Users/29750/Desktop/STM32F407_Tetris/Core/Src/spi_flash.c:110:6:SpiFlash_Init	32	static
C:/Users/29750/Desktop/STM32F407_Tetris/Core/Src/spi_flash.c:132:10:SpiFlash_ReadID	16	static
C:/Users/29750/Desktop/STM32F407_Tetris/Core/Src/spi_flash.c:147:9:SpiFlash_IsReady	4	static
C:/Users/29750/Desktop/STM32F407_Tetris/Core/Src/spi_flash.c:152:6:SpiFlash_Read	32	static
C:/Users/29750/Desktop/STM32F407_Tetris/Core/Src/spi_flash.c:163:6:SpiFlash_EraseSector	16	static
C:/Users/29750/Desktop/STM32F407_Tetris/Core/Src/spi_flash.c:173:6:SpiFlash_Write	40	static
C:/Users/29750/Desktop/STM32F407_Tetris/Core/Src/spi_flash.c:196:9:SpiFlash_SaveGameRecord	48	static
C:/Users/29750/Desktop/STM32F407_Tetris/Core/Src/spi_flash.c:214:9:SpiFlash_LoadGameRecord	56	static
