C:/Users/29750/Desktop/STM32F407_Tetris/Core/Src/spi_flash.c:31:13:flash_delay	4	static,ignoring_inline_asm
C:/Users/29750/Desktop/STM32F407_Tetris/Core/Src/spi_flash.c:38:13:cs	16	static
C:/Users/29750/Desktop/STM32F407_Tetris/Core/Src/spi_flash.c:43:16:spi_xfer	24	static
C:/Users/29750/Desktop/STM32F407_Tetris/Core/Src/spi_flash.c:65:13:send_addr	16	static
C:/Users/29750/Desktop/STM32F407_Tetris/Core/Src/spi_flash.c:72:16:read_sr1	16	static
C:/Users/29750/Desktop/STM32F407_Tetris/Core/Src/spi_flash.c:83:13:wait_busy	8	static
C:/Users/29750/Desktop/STM32F407_Tetris/Core/Src/spi_flash.c:89:13:write_enable	8	static
C:/Users/29750/Desktop/STM32F407_Tetris/Core/Src/spi_flash.c:96:17:checksum16	24	static
C:/Users/29750/Desktop/STM32F407_Tetris/Core/Src/spi_flash.c:108:6:SpiFlash_Init	32	static
C:/Users/29750/Desktop/STM32F407_Tetris/Core/Src/spi_flash.c:130:10:SpiFlash_ReadID	16	static
C:/Users/29750/Desktop/STM32F407_Tetris/Core/Src/spi_flash.c:145:9:SpiFlash_IsReady	4	static
C:/Users/29750/Desktop/STM32F407_Tetris/Core/Src/spi_flash.c:150:6:SpiFlash_Read	32	static
C:/Users/29750/Desktop/STM32F407_Tetris/Core/Src/spi_flash.c:161:6:SpiFlash_EraseSector	16	static
C:/Users/29750/Desktop/STM32F407_Tetris/Core/Src/spi_flash.c:171:6:SpiFlash_Write	40	static
C:/Users/29750/Desktop/STM32F407_Tetris/Core/Src/spi_flash.c:193:9:SpiFlash_SaveGameRecord	48	static
C:/Users/29750/Desktop/STM32F407_Tetris/Core/Src/spi_flash.c:210:9:SpiFlash_LoadGameRecord	56	static
