C:/Users/29750/Desktop/STM32F407_Tetris/Core/Src/stm32f4xx_it.c:76:6:NMI_Handler	4	static
C:/Users/29750/Desktop/STM32F407_Tetris/Core/Src/stm32f4xx_it.c:91:6:HardFault_Handler	4	static
C:/Users/29750/Desktop/STM32F407_Tetris/Core/Src/stm32f4xx_it.c:106:6:MemManage_Handler	4	static
C:/Users/29750/Desktop/STM32F407_Tetris/Core/Src/stm32f4xx_it.c:121:6:BusFault_Handler	4	static
C:/Users/29750/Desktop/STM32F407_Tetris/Core/Src/stm32f4xx_it.c:136:6:UsageFault_Handler	4	static
C:/Users/29750/Desktop/STM32F407_Tetris/Core/Src/stm32f4xx_it.c:151:6:SVC_Handler	4	static
C:/Users/29750/Desktop/STM32F407_Tetris/Core/Src/stm32f4xx_it.c:164:6:DebugMon_Handler	4	static
C:/Users/29750/Desktop/STM32F407_Tetris/Core/Src/stm32f4xx_it.c:177:6:PendSV_Handler	4	static
C:/Users/29750/Desktop/STM32F407_Tetris/Core/Src/stm32f4xx_it.c:190:6:SysTick_Handler	8	static
C:/Users/29750/Desktop/STM32F407_Tetris/Core/Src/stm32f4xx_it.c:211:6:TIM1_UP_TIM10_IRQHandler	8	static
C:/Users/29750/Desktop/STM32F407_Tetris/Core/Src/stm32f4xx_it.c:225:6:TIM1_CC_IRQHandler	8	static
C:/Users/29750/Desktop/STM32F407_Tetris/Core/Src/stm32f4xx_it.c:239:6:TIM3_IRQHandler	8	static
C:/Users/29750/Desktop/STM32F407_Tetris/Core/Src/stm32f4xx_it.c:252:6:HAL_TIM_IC_CaptureCallback	16	static
C:/Users/29750/Desktop/STM32F407_Tetris/Core/Src/stm32f4xx_it.c:281:6:HAL_TIM_PeriodElapsedCallback	16	static
