C:/Users/29750/Desktop/STM32F407_Tetris/Core/Src/stm32f4xx_it.c:77:6:NMI_Handler	4	static
C:/Users/29750/Desktop/STM32F407_Tetris/Core/Src/stm32f4xx_it.c:92:6:HardFault_Handler	4	static
C:/Users/29750/Desktop/STM32F407_Tetris/Core/Src/stm32f4xx_it.c:107:6:MemManage_Handler	4	static
C:/Users/29750/Desktop/STM32F407_Tetris/Core/Src/stm32f4xx_it.c:122:6:BusFault_Handler	4	static
C:/Users/29750/Desktop/STM32F407_Tetris/Core/Src/stm32f4xx_it.c:137:6:UsageFault_Handler	4	static
C:/Users/29750/Desktop/STM32F407_Tetris/Core/Src/stm32f4xx_it.c:152:6:SVC_Handler	4	static
C:/Users/29750/Desktop/STM32F407_Tetris/Core/Src/stm32f4xx_it.c:165:6:DebugMon_Handler	4	static
C:/Users/29750/Desktop/STM32F407_Tetris/Core/Src/stm32f4xx_it.c:178:6:PendSV_Handler	4	static
C:/Users/29750/Desktop/STM32F407_Tetris/Core/Src/stm32f4xx_it.c:191:6:SysTick_Handler	8	static
C:/Users/29750/Desktop/STM32F407_Tetris/Core/Src/stm32f4xx_it.c:212:6:TIM1_UP_TIM10_IRQHandler	8	static
C:/Users/29750/Desktop/STM32F407_Tetris/Core/Src/stm32f4xx_it.c:226:6:TIM1_CC_IRQHandler	8	static
C:/Users/29750/Desktop/STM32F407_Tetris/Core/Src/stm32f4xx_it.c:240:6:TIM3_IRQHandler	8	static
C:/Users/29750/Desktop/STM32F407_Tetris/Core/Src/stm32f4xx_it.c:254:6:DMA1_Stream4_IRQHandler	8	static
C:/Users/29750/Desktop/STM32F407_Tetris/Core/Src/stm32f4xx_it.c:267:6:HAL_TIM_IC_CaptureCallback	16	static
C:/Users/29750/Desktop/STM32F407_Tetris/Core/Src/stm32f4xx_it.c:296:6:HAL_TIM_PeriodElapsedCallback	16	static
