C:/Users/29750/Desktop/STM32F407_Tetris/Core/Src/tetris.c:85:24:shape_word	16	static
C:/Users/29750/Desktop/STM32F407_Tetris/Core/Src/tetris.c:91:19:cell_set	24	static
C:/Users/29750/Desktop/STM32F407_Tetris/Core/Src/tetris.c:97:17:dim_color	24	static
C:/Users/29750/Desktop/STM32F407_Tetris/Core/Src/tetris.c:110:13:draw_panel_box	32	static
C:/Users/29750/Desktop/STM32F407_Tetris/Core/Src/tetris.c:120:13:draw_button	40	static
C:/Users/29750/Desktop/STM32F407_Tetris/Core/Src/tetris.c:138:13:draw_block	48	static
C:/Users/29750/Desktop/STM32F407_Tetris/Core/Src/tetris.c:168:13:draw_next_block	40	static
C:/Users/29750/Desktop/STM32F407_Tetris/Core/Src/tetris.c:186:13:draw_board_full	24	static
C:/Users/29750/Desktop/STM32F407_Tetris/Core/Src/tetris.c:194:13:erase_piece	32	static
C:/Users/29750/Desktop/STM32F407_Tetris/Core/Src/tetris.c:207:13:draw_piece	24	static
C:/Users/29750/Desktop/STM32F407_Tetris/Core/Src/tetris.c:220:13:draw_next_piece	24	static
C:/Users/29750/Desktop/STM32F407_Tetris/Core/Src/tetris.c:235:13:draw_score_panel	16	static
C:/Users/29750/Desktop/STM32F407_Tetris/Core/Src/tetris.c:250:12:check_hit	40	static
C:/Users/29750/Desktop/STM32F407_Tetris/Core/Src/tetris.c:268:13:merge_piece	24	static
C:/Users/29750/Desktop/STM32F407_Tetris/Core/Src/tetris.c:286:12:rightmost_col	24	static
C:/Users/29750/Desktop/STM32F407_Tetris/Core/Src/tetris.c:296:13:flash_line	48	static
C:/Users/29750/Desktop/STM32F407_Tetris/Core/Src/tetris.c:314:13:remove_lines	32	static
C:/Users/29750/Desktop/STM32F407_Tetris/Core/Src/tetris.c:347:13:new_piece	8	static
C:/Users/29750/Desktop/STM32F407_Tetris/Core/Src/tetris.c:366:13:beep_stop	8	static
C:/Users/29750/Desktop/STM32F407_Tetris/Core/Src/tetris.c:377:13:beep_play	24	static
C:/Users/29750/Desktop/STM32F407_Tetris/Core/Src/tetris.c:416:13:beep_task	16	static
C:/Users/29750/Desktop/STM32F407_Tetris/Core/Src/tetris.c:443:13:game_key_handler	32	static
C:/Users/29750/Desktop/STM32F407_Tetris/Core/Src/tetris.c:550:13:show_game_over	40	static
C:/Users/29750/Desktop/STM32F407_Tetris/Core/Src/tetris.c:593:13:return_to_start_menu	8	static
C:/Users/29750/Desktop/STM32F407_Tetris/Core/Src/tetris.c:608:13:draw_static_ui	16	static
C:/Users/29750/Desktop/STM32F407_Tetris/Core/Src/tetris.c:668:16:ir_read_key	24	static,ignoring_inline_asm
C:/Users/29750/Desktop/STM32F407_Tetris/Core/Src/tetris.c:685:13:ir_do_action	32	static
C:/Users/29750/Desktop/STM32F407_Tetris/Core/Src/tetris.c:749:13:draw_start_screen	24	static
C:/Users/29750/Desktop/STM32F407_Tetris/Core/Src/tetris.c:807:13:draw_eeprom_history_screen	56	static
C:/Users/29750/Desktop/STM32F407_Tetris/Core/Src/tetris.c:885:13:draw_menu_volume	40	static
C:/Users/29750/Desktop/STM32F407_Tetris/Core/Src/tetris.c:911:15:calc_ghost_y	16	static
C:/Users/29750/Desktop/STM32F407_Tetris/Core/Src/tetris.c:924:13:erase_ghost	32	static
C:/Users/29750/Desktop/STM32F407_Tetris/Core/Src/tetris.c:943:13:draw_ghost	32	static
C:/Users/29750/Desktop/STM32F407_Tetris/Core/Src/tetris.c:979:13:start_new_game	8	static
C:/Users/29750/Desktop/STM32F407_Tetris/Core/Src/tetris.c:1009:6:tetris_init	8	static
C:/Users/29750/Desktop/STM32F407_Tetris/Core/Src/tetris.c:1023:6:tetris_loop	32	static
