C:/Users/29750/Desktop/STM32F407_Tetris/Core/Src/tetris.c:50:24:shape_word	16	static
C:/Users/29750/Desktop/STM32F407_Tetris/Core/Src/tetris.c:55:19:cell_set	24	static
C:/Users/29750/Desktop/STM32F407_Tetris/Core/Src/tetris.c:63:13:draw_block	40	static
C:/Users/29750/Desktop/STM32F407_Tetris/Core/Src/tetris.c:88:13:draw_next_block	40	static
C:/Users/29750/Desktop/STM32F407_Tetris/Core/Src/tetris.c:99:13:draw_board_full	24	static
C:/Users/29750/Desktop/STM32F407_Tetris/Core/Src/tetris.c:107:13:erase_piece	32	static
C:/Users/29750/Desktop/STM32F407_Tetris/Core/Src/tetris.c:120:13:draw_piece	24	static
C:/Users/29750/Desktop/STM32F407_Tetris/Core/Src/tetris.c:133:13:draw_next_piece	24	static
C:/Users/29750/Desktop/STM32F407_Tetris/Core/Src/tetris.c:147:13:draw_score_panel	16	static
C:/Users/29750/Desktop/STM32F407_Tetris/Core/Src/tetris.c:158:12:check_hit	40	static
C:/Users/29750/Desktop/STM32F407_Tetris/Core/Src/tetris.c:175:13:merge_piece	24	static
C:/Users/29750/Desktop/STM32F407_Tetris/Core/Src/tetris.c:189:12:rightmost_col	24	static
C:/Users/29750/Desktop/STM32F407_Tetris/Core/Src/tetris.c:198:13:remove_lines	32	static
C:/Users/29750/Desktop/STM32F407_Tetris/Core/Src/tetris.c:227:13:new_piece	8	static
C:/Users/29750/Desktop/STM32F407_Tetris/Core/Src/tetris.c:245:13:beep_short	8	static
C:/Users/29750/Desktop/STM32F407_Tetris/Core/Src/tetris.c:258:13:game_key_handler	32	static
C:/Users/29750/Desktop/STM32F407_Tetris/Core/Src/tetris.c:356:13:show_game_over	16	static
C:/Users/29750/Desktop/STM32F407_Tetris/Core/Src/tetris.c:380:13:draw_static_ui	16	static
C:/Users/29750/Desktop/STM32F407_Tetris/Core/Src/tetris.c:432:16:ir_read_key	24	static,ignoring_inline_asm
C:/Users/29750/Desktop/STM32F407_Tetris/Core/Src/tetris.c:448:13:ir_do_action	32	static
C:/Users/29750/Desktop/STM32F407_Tetris/Core/Src/tetris.c:511:13:draw_start_screen	24	static
C:/Users/29750/Desktop/STM32F407_Tetris/Core/Src/tetris.c:558:15:calc_ghost_y	16	static
C:/Users/29750/Desktop/STM32F407_Tetris/Core/Src/tetris.c:570:13:erase_ghost	32	static
C:/Users/29750/Desktop/STM32F407_Tetris/Core/Src/tetris.c:588:13:draw_ghost	32	static
C:/Users/29750/Desktop/STM32F407_Tetris/Core/Src/tetris.c:623:13:start_new_game	8	static
C:/Users/29750/Desktop/STM32F407_Tetris/Core/Src/tetris.c:646:6:tetris_init	8	static
C:/Users/29750/Desktop/STM32F407_Tetris/Core/Src/tetris.c:655:6:tetris_loop	24	static
